  ╨Ю╨┐╤А╨╡╨┤╨╡╨╗╨╡╨╜╨╕╨╡ ╨┐╤А╨╛╨╡╨║╤В╨╛╨▓ ╨┤╨╗╤П ╨▓╨╛╤Б╤Б╤В╨░╨╜╨╛╨▓╨╗╨╡╨╜╨╕╤П...
D:\projects\night-city\RobustToolbox\Robust.Client\Robust.Client.csproj : warning NU1902: ╨г ╨┐╨░╨║╨╡╤В╨░ "SixLabors.ImageSharp" 3.1.7 ╨╡╤Б╤В╤М ╨╕╨╖╨▓╨╡╤Б╤В╨╜╨░╤П ╤Г╤П╨╖╨▓╨╕╨╝╨╛╤Б╤В╤М https://github.com/advisories/GHSA-rxmq-m78w-7wmc (╤Г╤А╨╛╨▓╨╡╨╜╤М ╤Б╨╡╤А╤М╨╡╨╖╨╜╨╛╤Б╤В╨╕: ╤Б╤А╨╡╨┤╨╜╨╕╨╣) [D:\projects\night-city\SpaceStation14.sln]
D:\projects\night-city\Content.MapRenderer\Content.MapRenderer.csproj : warning NU1902: ╨г ╨┐╨░╨║╨╡╤В╨░ "SixLabors.ImageSharp" 3.1.7 ╨╡╤Б╤В╤М ╨╕╨╖╨▓╨╡╤Б╤В╨╜╨░╤П ╤Г╤П╨╖╨▓╨╕╨╝╨╛╤Б╤В╤М https://github.com/advisories/GHSA-rxmq-m78w-7wmc (╤Г╤А╨╛╨▓╨╡╨╜╤М ╤Б╨╡╤А╤М╨╡╨╖╨╜╨╛╤Б╤В╨╕: ╤Б╤А╨╡╨┤╨╜╨╕╨╣) [D:\projects\night-city\SpaceStation14.sln]
D:\projects\night-city\RobustToolbox\Robust.Shared\Robust.Shared.csproj : warning NU1902: ╨г ╨┐╨░╨║╨╡╤В╨░ "SixLabors.ImageSharp" 3.1.7 ╨╡╤Б╤В╤М ╨╕╨╖╨▓╨╡╤Б╤В╨╜╨░╤П ╤Г╤П╨╖╨▓╨╕╨╝╨╛╤Б╤В╤М https://github.com/advisories/GHSA-rxmq-m78w-7wmc (╤Г╤А╨╛╨▓╨╡╨╜╤М ╤Б╨╡╤А╤М╨╡╨╖╨╜╨╛╤Б╤В╨╕: ╤Б╤А╨╡╨┤╨╜╨╕╨╣) [D:\projects\night-city\SpaceStation14.sln]
  ╨Т╤Б╨╡ ╨┐╤А╨╛╨╡╨║╤В╤Л ╨╛╨▒╨╜╨╛╨▓╨╗╨╡╨╜╤Л ╨┤╨╗╤П ╨▓╨╛╤Б╤Б╤В╨░╨╜╨╛╨▓╨╗╨╡╨╜╨╕╤П.
  BuildChecker -> D:\projects\night-city\BuildChecker\bin\Debug\net4.7.2\BuildChecker.dll
  OpenToolkit.GraphicsLibraryFramework -> D:\projects\night-city\RobustToolbox\OpenToolkit.GraphicsLibraryFramework\bin\Debug\net9.0\OpenToolkit.GraphicsLibraryFramework.dll
D:\projects\night-city\RobustToolbox\Robust.Client\Robust.Client.csproj : warning NU1902: ╨г ╨┐╨░╨║╨╡╤В╨░ "SixLabors.ImageSharp" 3.1.7 ╨╡╤Б╤В╤М ╨╕╨╖╨▓╨╡╤Б╤В╨╜╨░╤П ╤Г╤П╨╖╨▓╨╕╨╝╨╛╤Б╤В╤М https://github.com/advisories/GHSA-rxmq-m78w-7wmc (╤Г╤А╨╛╨▓╨╡╨╜╤М ╤Б╨╡╤А╤М╨╡╨╖╨╜╨╛╤Б╤В╨╕: ╤Б╤А╨╡╨┤╨╜╨╕╨╣)
D:\projects\night-city\RobustToolbox\Robust.Shared\Robust.Shared.csproj : warning NU1902: ╨г ╨┐╨░╨║╨╡╤В╨░ "SixLabors.ImageSharp" 3.1.7 ╨╡╤Б╤В╤М ╨╕╨╖╨▓╨╡╤Б╤В╨╜╨░╤П ╤Г╤П╨╖╨▓╨╕╨╝╨╛╤Б╤В╤М https://github.com/advisories/GHSA-rxmq-m78w-7wmc (╤Г╤А╨╛╨▓╨╡╨╜╤М ╤Б╨╡╤А╤М╨╡╨╖╨╜╨╛╤Б╤В╨╕: ╤Б╤А╨╡╨┤╨╜╨╕╨╣)
  Lidgren.Network -> D:\projects\night-city\RobustToolbox\Lidgren.Network\bin\Debug\net9.0\SpaceWizards.Lidgren.Network.dll
  Robust.Analyzers -> D:\projects\night-city\RobustToolbox\Robust.Analyzers\bin\Debug\netstandard2.0\Robust.Analyzers.dll
  Robust.Serialization.Generator -> D:\projects\night-city\RobustToolbox\Robust.Serialization.Generator\bin\Debug\netstandard2.0\Robust.Serialization.Generator.dll
  Robust.LoaderApi -> D:\projects\night-city\RobustToolbox\Robust.LoaderApi\Robust.LoaderApi\bin\Debug\net8.0\Robust.LoaderApi.dll
  NetSerializer -> D:\projects\night-city\RobustToolbox\NetSerializer\NetSerializer\bin\Debug\net8.0\Robust.NetSerializer.dll
  XamlX.Runtime -> D:\projects\night-city\RobustToolbox\XamlX\src\XamlX.Runtime\bin\Debug\netstandard2.0\XamlX.Runtime.dll
  XamlX -> D:\projects\night-city\RobustToolbox\XamlX\src\XamlX\bin\Debug\netstandard2.0\XamlX.dll
  Avalonia.Base -> D:\projects\night-city\RobustToolbox\Avalonia.Base\bin\Debug\net9.0\Avalonia.Base.dll
  Robust.Shared.CompNetworkGenerator -> D:\projects\night-city\RobustToolbox\Robust.Shared.CompNetworkGenerator\bin\Debug\netstandard2.0\Robust.Shared.CompNetworkGenerator.dll
  Robust.Client.NameGenerator -> D:\projects\night-city\RobustToolbox\Robust.Client.NameGenerator\bin\Debug\netstandard2.0\Robust.Client.NameGenerator.dll
D:\projects\night-city\Content.MapRenderer\Content.MapRenderer.csproj : warning NU1902: ╨г ╨┐╨░╨║╨╡╤В╨░ "SixLabors.ImageSharp" 3.1.7 ╨╡╤Б╤В╤М ╨╕╨╖╨▓╨╡╤Б╤В╨╜╨░╤П ╤Г╤П╨╖╨▓╨╕╨╝╨╛╤Б╤В╤М https://github.com/advisories/GHSA-rxmq-m78w-7wmc (╤Г╤А╨╛╨▓╨╡╨╜╤М ╤Б╨╡╤А╤М╨╡╨╖╨╜╨╛╤Б╤В╨╕: ╤Б╤А╨╡╨┤╨╜╨╕╨╣)
  Content.ModuleManager -> D:\projects\night-city\Content.ModuleManager\bin\Debug\net9.0\Content.ModuleManager.dll
  Content.PatreonParser -> D:\projects\night-city\Content.PatreonParser\bin\Debug\net9.0\Content.PatreonParser.dll
  Robust.Shared.Maths -> D:\projects\night-city\RobustToolbox\Robust.Shared.Maths\bin\Debug\Robust.Shared.Maths.dll
  Content.Shared.Database -> D:\projects\night-city\Content.Shared.Database\bin\Debug\net9.0\Content.Shared.Database.dll
  XamlX.IL.Cecil -> D:\projects\night-city\RobustToolbox\XamlX\src\XamlX.IL.Cecil\bin\Debug\netstandard2.0\XamlX.IL.Cecil.dll
  Content.Server.Database -> D:\projects\night-city\bin\Content.Server.Database\Content.Server.Database.dll
  Robust.Analyzers.Tests -> D:\projects\night-city\RobustToolbox\Robust.Analyzers.Tests\bin\Debug\net9.0\Robust.Analyzers.Tests.dll
  Robust.Xaml -> D:\projects\night-city\RobustToolbox\Robust.Xaml\bin\Debug\netstandard2.0\Robust.Xaml.dll
  Robust.Shared -> D:\projects\night-city\RobustToolbox\Robust.Shared\bin\Debug\Robust.Shared.dll
  Content.Goobstation.Maths -> D:\projects\night-city\Content.Goobstation.Maths\bin\Debug\net9.0\Content.Goobstation.Maths.dll
  Content.Tools -> D:\projects\night-city\Content.Tools\bin\Debug\net9.0\Content.Tools.dll
  Robust.Shared.Scripting -> D:\projects\night-city\RobustToolbox\Robust.Shared.Scripting\bin\Debug\Robust.Shared.Scripting.dll
  Robust.Packaging -> D:\projects\night-city\RobustToolbox\Robust.Packaging\bin\Debug\net9.0\Robust.Packaging.dll
  Content.Goobstation.Common -> D:\projects\night-city\Content.Goobstation.Common\bin\Debug\Content.Goobstation.Common.dll
  Content.Corvax.Interfaces.Shared -> D:\projects\night-city\Corvax\Content.Corvax.Interfaces.Shared\bin\Debug\net9.0\Content.Corvax.Interfaces.Shared.dll
  Content.Packaging -> D:\projects\night-city\Content.Packaging\bin\Debug\net9.0\Content.Packaging.dll
  Robust.Client.Injectors -> D:\projects\night-city\RobustToolbox\Robust.Client.Injectors\bin\Debug\netstandard2.0\Robust.Client.Injectors.dll
  Robust.Server -> D:\projects\night-city\RobustToolbox\bin\Server\Robust.Server.dll
  Robust.Client -> D:\projects\night-city\RobustToolbox\bin\Client\Robust.Client.dll
  Content.Corvax.Interfaces.Server -> D:\projects\night-city\Corvax\Content.Corvax.Interfaces.Server\bin\Debug\net9.0\Content.Corvax.Interfaces.Server.dll
  Content.Corvax.Interfaces.Client -> D:\projects\night-city\Corvax\Content.Corvax.Interfaces.Client\bin\Debug\net9.0\Content.Corvax.Interfaces.Client.dll
  Content.Goobstation.UIKit -> D:\projects\night-city\Content.Goobstation.UIKit\bin\Debug\net9.0\Content.Goobstation.UIKit.dll
  Robust.UnitTesting -> D:\projects\night-city\RobustToolbox\bin\UnitTesting\Robust.UnitTesting.dll
  Robust.Benchmarks -> D:\projects\night-city\RobustToolbox\bin\Benchmarks\Robust.Benchmarks.dll
  Content.Shared -> D:\projects\night-city\Content.Shared\bin\Debug\Content.Shared.dll
  Content.Goobstation.Shared -> D:\projects\night-city\Content.Goobstation.Shared\bin\Debug\Content.Goobstation.Shared.dll
  Content.Client -> D:\projects\night-city\bin\Content.Client\Content.Client.dll
  Content.Replay -> D:\projects\night-city\bin\Content.Replay\Content.Replay.dll
  Content.Goobstation.Client -> D:\projects\night-city\bin\Content.Client\Content.Goobstation.Client.dll
D:\projects\night-city\Content.Server\Body\Systems\BodySystem.cs(92,7): warning CS0105: ╨Ф╨╕╤А╨╡╨║╤В╨╕╨▓╨░ using ╨┤╨╗╤П "System.Numerics" ╤А╨░╨╜╨╡╨╡ ╨▓╤Б╤В╤А╨╡╤З╨░╨╗╨░╤Б╤М ╨▓ ╤Н╤В╨╛╨╝ ╨┐╤А╨╛╤Б╤В╤А╨░╨╜╤Б╤В╨▓╨╡ ╨╕╨╝╨╡╨╜ [D:\projects\night-city\Content.Server\Content.Server.csproj]
D:\projects\night-city\Content.Server\Body\Systems\StomachSystem.cs(28,7): warning CS0105: ╨Ф╨╕╤А╨╡╨║╤В╨╕╨▓╨░ using ╨┤╨╗╤П "Content.Shared.Chemistry.EntitySystems" ╤А╨░╨╜╨╡╨╡ ╨▓╤Б╤В╤А╨╡╤З╨░╨╗╨░╤Б╤М ╨▓ ╤Н╤В╨╛╨╝ ╨┐╤А╨╛╤Б╤В╤А╨░╨╜╤Б╤В╨▓╨╡ ╨╕╨╝╨╡╨╜ [D:\projects\night-city\Content.Server\Content.Server.csproj]
D:\projects\night-city\Content.Server\Chat\Systems\ChatSystem.cs(155,7): warning CS0105: ╨Ф╨╕╤А╨╡╨║╤В╨╕╨▓╨░ using ╨┤╨╗╤П "System.Collections.Immutable" ╤А╨░╨╜╨╡╨╡ ╨▓╤Б╤В╤А╨╡╤З╨░╨╗╨░╤Б╤М ╨▓ ╤Н╤В╨╛╨╝ ╨┐╤А╨╛╤Б╤В╤А╨░╨╜╤Б╤В╨▓╨╡ ╨╕╨╝╨╡╨╜ [D:\projects\night-city\Content.Server\Content.Server.csproj]
D:\projects\night-city\Content.Server\Chat\Systems\ChatSystem.cs(157,7): warning CS0105: ╨Ф╨╕╤А╨╡╨║╤В╨╕╨▓╨░ using ╨┤╨╗╤П "System.Globalization" ╤А╨░╨╜╨╡╨╡ ╨▓╤Б╤В╤А╨╡╤З╨░╨╗╨░╤Б╤М ╨▓ ╤Н╤В╨╛╨╝ ╨┐╤А╨╛╤Б╤В╤А╨░╨╜╤Б╤В╨▓╨╡ ╨╕╨╝╨╡╨╜ [D:\projects\night-city\Content.Server\Content.Server.csproj]
D:\projects\night-city\Content.Server\Chat\Systems\ChatSystem.cs(159,7): warning CS0105: ╨Ф╨╕╤А╨╡╨║╤В╨╕╨▓╨░ using ╨┤╨╗╤П "System.Linq" ╤А╨░╨╜╨╡╨╡ ╨▓╤Б╤В╤А╨╡╤З╨░╨╗╨░╤Б╤М ╨▓ ╤Н╤В╨╛╨╝ ╨┐╤А╨╛╤Б╤В╤А╨░╨╜╤Б╤В╨▓╨╡ ╨╕╨╝╨╡╨╜ [D:\projects\night-city\Content.Server\Content.Server.csproj]
D:\projects\night-city\Content.Server\Chat\Systems\ChatSystem.cs(161,7): warning CS0105: ╨Ф╨╕╤А╨╡╨║╤В╨╕╨▓╨░ using ╨┤╨╗╤П "System.Text" ╤А╨░╨╜╨╡╨╡ ╨▓╤Б╤В╤А╨╡╤З╨░╨╗╨░╤Б╤М ╨▓ ╤Н╤В╨╛╨╝ ╨┐╤А╨╛╤Б╤В╤А╨░╨╜╤Б╤В╨▓╨╡ ╨╕╨╝╨╡╨╜ [D:\projects\night-city\Content.Server\Content.Server.csproj]
D:\projects\night-city\Content.Server\Destructible\Thresholds\Behaviors\BurnBodyBehavior.cs(15,7): warning CS0105: ╨Ф╨╕╤А╨╡╨║╤В╨╕╨▓╨░ using ╨┤╨╗╤П "Content.Shared.IdentityManagement" ╤А╨░╨╜╨╡╨╡ ╨▓╤Б╤В╤А╨╡╤З╨░╨╗╨░╤Б╤М ╨▓ ╤Н╤В╨╛╨╝ ╨┐╤А╨╛╤Б╤В╤А╨░╨╜╤Б╤В╨▓╨╡ ╨╕╨╝╨╡╨╜ [D:\projects\night-city\Content.Server\Content.Server.csproj]
D:\projects\night-city\Content.Server\MassMedia\Systems\NewsSystem.cs(53,7): warning CS0105: ╨Ф╨╕╤А╨╡╨║╤В╨╕╨▓╨░ using ╨┤╨╗╤П "System.Diagnostics.CodeAnalysis" ╤А╨░╨╜╨╡╨╡ ╨▓╤Б╤В╤А╨╡╤З╨░╨╗╨░╤Б╤М ╨▓ ╤Н╤В╨╛╨╝ ╨┐╤А╨╛╤Б╤В╤А╨░╨╜╤Б╤В╨▓╨╡ ╨╕╨╝╨╡╨╜ [D:\projects\night-city\Content.Server\Content.Server.csproj]
D:\projects\night-city\Content.Server\Mech\Systems\MechSystem.cs(60,7): warning CS0105: ╨Ф╨╕╤А╨╡╨║╤В╨╕╨▓╨░ using ╨┤╨╗╤П "Content.Shared.Whitelist" ╤А╨░╨╜╨╡╨╡ ╨▓╤Б╤В╤А╨╡╤З╨░╨╗╨░╤Б╤М ╨▓ ╤Н╤В╨╛╨╝ ╨┐╤А╨╛╤Б╤В╤А╨░╨╜╤Б╤В╨▓╨╡ ╨╕╨╝╨╡╨╜ [D:\projects\night-city\Content.Server\Content.Server.csproj]
D:\projects\night-city\Content.Server\Medical\CryoPodSystem.cs(95,7): warning CS0105: ╨Ф╨╕╤А╨╡╨║╤В╨╕╨▓╨░ using ╨┤╨╗╤П "Content.Shared.UserInterface" ╤А╨░╨╜╨╡╨╡ ╨▓╤Б╤В╤А╨╡╤З╨░╨╗╨░╤Б╤М ╨▓ ╤Н╤В╨╛╨╝ ╨┐╤А╨╛╤Б╤В╤А╨░╨╜╤Б╤В╨▓╨╡ ╨╕╨╝╨╡╨╜ [D:\projects\night-city\Content.Server\Content.Server.csproj]
D:\projects\night-city\Content.Server\Medical\DefibrillatorSystem.cs(128,7): warning CS0105: ╨Ф╨╕╤А╨╡╨║╤В╨╕╨▓╨░ using ╨┤╨╗╤П "Content.Shared.Chat" ╤А╨░╨╜╨╡╨╡ ╨▓╤Б╤В╤А╨╡╤З╨░╨╗╨░╤Б╤М ╨▓ ╤Н╤В╨╛╨╝ ╨┐╤А╨╛╤Б╤В╤А╨░╨╜╤Б╤В╨▓╨╡ ╨╕╨╝╨╡╨╜ [D:\projects\night-city\Content.Server\Content.Server.csproj]
D:\projects\night-city\Content.Server\Medical\HealthAnalyzerSystem.cs(139,7): warning CS0105: ╨Ф╨╕╤А╨╡╨║╤В╨╕╨▓╨░ using ╨┤╨╗╤П "Content.Shared.Body.Components" ╤А╨░╨╜╨╡╨╡ ╨▓╤Б╤В╤А╨╡╤З╨░╨╗╨░╤Б╤М ╨▓ ╤Н╤В╨╛╨╝ ╨┐╤А╨╛╤Б╤В╤А╨░╨╜╤Б╤В╨▓╨╡ ╨╕╨╝╨╡╨╜ [D:\projects\night-city\Content.Server\Content.Server.csproj]
D:\projects\night-city\Content.Server\Nutrition\EntitySystems\SmokingSystem.Vape.cs(31,7): warning CS0105: ╨Ф╨╕╤А╨╡╨║╤В╨╕╨▓╨░ using ╨┤╨╗╤П "Content.Shared.Atmos" ╤А╨░╨╜╨╡╨╡ ╨▓╤Б╤В╤А╨╡╤З╨░╨╗╨░╤Б╤М ╨▓ ╤Н╤В╨╛╨╝ ╨┐╤А╨╛╤Б╤В╤А╨░╨╜╤Б╤В╨▓╨╡ ╨╕╨╝╨╡╨╜ [D:\projects\night-city\Content.Server\Content.Server.csproj]
D:\projects\night-city\Content.Server\Shuttles\Systems\EmergencyShuttleSystem.cs(107,7): warning CS0105: ╨Ф╨╕╤А╨╡╨║╤В╨╕╨▓╨░ using ╨┤╨╗╤П "Content.Shared.DeviceNetwork.Components" ╤А╨░╨╜╨╡╨╡ ╨▓╤Б╤В╤А╨╡╤З╨░╨╗╨░╤Б╤М ╨▓ ╤Н╤В╨╛╨╝ ╨┐╤А╨╛╤Б╤В╤А╨░╨╜╤Б╤В╨▓╨╡ ╨╕╨╝╨╡╨╜ [D:\projects\night-city\Content.Server\Content.Server.csproj]
D:\projects\night-city\Content.Server\Shuttles\Systems\ShuttleSystem.Impact.cs(67,7): warning CS0105: ╨Ф╨╕╤А╨╡╨║╤В╨╕╨▓╨░ using ╨┤╨╗╤П "System.Numerics" ╤А╨░╨╜╨╡╨╡ ╨▓╤Б╤В╤А╨╡╤З╨░╨╗╨░╤Б╤М ╨▓ ╤Н╤В╨╛╨╝ ╨┐╤А╨╛╤Б╤В╤А╨░╨╜╤Б╤В╨▓╨╡ ╨╕╨╝╨╡╨╜ [D:\projects\night-city\Content.Server\Content.Server.csproj]
D:\projects\night-city\Content.Server\Silicons\Borgs\BorgSystem.cs(69,7): warning CS0105: ╨Ф╨╕╤А╨╡╨║╤В╨╕╨▓╨░ using ╨┤╨╗╤П "Content.Server.Actions" ╤А╨░╨╜╨╡╨╡ ╨▓╤Б╤В╤А╨╡╤З╨░╨╗╨░╤Б╤М ╨▓ ╤Н╤В╨╛╨╝ ╨┐╤А╨╛╤Б╤В╤А╨░╨╜╤Б╤В╨▓╨╡ ╨╕╨╝╨╡╨╜ [D:\projects\night-city\Content.Server\Content.Server.csproj]
D:\projects\night-city\Content.Server\Silicons\Borgs\BorgSystem.cs(70,7): warning CS0105: ╨Ф╨╕╤А╨╡╨║╤В╨╕╨▓╨░ using ╨┤╨╗╤П "Content.Server.Administration.Logs" ╤А╨░╨╜╨╡╨╡ ╨▓╤Б╤В╤А╨╡╤З╨░╨╗╨░╤Б╤М ╨▓ ╤Н╤В╨╛╨╝ ╨┐╤А╨╛╤Б╤В╤А╨░╨╜╤Б╤В╨▓╨╡ ╨╕╨╝╨╡╨╜ [D:\projects\night-city\Content.Server\Content.Server.csproj]
D:\projects\night-city\Content.Server\Silicons\Borgs\BorgSystem.cs(71,7): warning CS0105: ╨Ф╨╕╤А╨╡╨║╤В╨╕╨▓╨░ using ╨┤╨╗╤П "Content.Server.Administration.Managers" ╤А╨░╨╜╨╡╨╡ ╨▓╤Б╤В╤А╨╡╤З╨░╨╗╨░╤Б╤М ╨▓ ╤Н╤В╨╛╨╝ ╨┐╤А╨╛╤Б╤В╤А╨░╨╜╤Б╤В╨▓╨╡ ╨╕╨╝╨╡╨╜ [D:\projects\night-city\Content.Server\Content.Server.csproj]
D:\projects\night-city\Content.Server\Silicons\Borgs\BorgSystem.cs(80,7): warning CS0105: ╨Ф╨╕╤А╨╡╨║╤В╨╕╨▓╨░ using ╨┤╨╗╤П "Content.Shared.Body.Events" ╤А╨░╨╜╨╡╨╡ ╨▓╤Б╤В╤А╨╡╤З╨░╨╗╨░╤Б╤М ╨▓ ╤Н╤В╨╛╨╝ ╨┐╤А╨╛╤Б╤В╤А╨░╨╜╤Б╤В╨▓╨╡ ╨╕╨╝╨╡╨╜ [D:\projects\night-city\Content.Server\Content.Server.csproj]
D:\projects\night-city\Content.Server\Weapons\Ranged\Systems\GunSystem.cs(153,7): warning CS0105: ╨Ф╨╕╤А╨╡╨║╤В╨╕╨▓╨░ using ╨┤╨╗╤П "Content.Shared._Lavaland.Weapons.Ranged.Events" ╤А╨░╨╜╨╡╨╡ ╨▓╤Б╤В╤А╨╡╤З╨░╨╗╨░╤Б╤М ╨▓ ╤Н╤В╨╛╨╝ ╨┐╤А╨╛╤Б╤В╤А╨░╨╜╤Б╤В╨▓╨╡ ╨╕╨╝╨╡╨╜ [D:\projects\night-city\Content.Server\Content.Server.csproj]
D:\projects\night-city\Content.Server\_Shitmed\PartStatus\PartStatusSystem.cs(32,7): warning CS0105: ╨Ф╨╕╤А╨╡╨║╤В╨╕╨▓╨░ using ╨┤╨╗╤П "Robust.Shared.Utility" ╤А╨░╨╜╨╡╨╡ ╨▓╤Б╤В╤А╨╡╤З╨░╨╗╨░╤Б╤М ╨▓ ╤Н╤В╨╛╨╝ ╨┐╤А╨╛╤Б╤В╤А╨░╨╜╤Б╤В╨▓╨╡ ╨╕╨╝╨╡╨╜ [D:\projects\night-city\Content.Server\Content.Server.csproj]
D:\projects\night-city\Content.Server\Nyanotrasen\Abilities\Felinid\FelinidSystem.cs(40,35): warning CS0618: "SolutionContainerSystem" ╤П╨▓╨╗╤П╨╡╤В╤Б╤П ╤Г╤Б╤В╨░╤А╨╡╨▓╤И╨╕╨╝: 'This is being depreciated. Use SharedSolutionContainerSystem instead!' [D:\projects\night-city\Content.Server\Content.Server.csproj]
D:\projects\night-city\Content.Server\Revenant\EntitySystems\RevenantSystem.cs(59,35): warning CS0618: "StatusEffectsSystem" ╤П╨▓╨╗╤П╨╡╤В╤Б╤П ╤Г╤Б╤В╨░╤А╨╡╨▓╤И╨╕╨╝: 'Migration to Content.Shared.StatusEffectNew.StatusEffectsSystem is required' [D:\projects\night-city\Content.Server\Content.Server.csproj]
D:\projects\night-city\Content.Server\NPC\Systems\NPCSteeringSystem.cs(128,49): warning CS0628: "NPCSteeringSystem.Timing": ╨╜╨╛╨▓╤Л╨╣ ╨╖╨░╤Й╨╕╤Й╨╡╨╜╨╜╤Л╨╣ ╤Н╨╗╨╡╨╝╨╡╨╜╤В ╨╛╨▒╤К╤П╨▓╨╗╨╡╨╜ ╨▓ ╨╖╨░╨┐╨╡╤З╨░╤В╨░╨╜╨╜╨╛╨╝ ╤В╨╕╨┐╨╡. [D:\projects\night-city\Content.Server\Content.Server.csproj]
D:\projects\night-city\Content.Server\NPC\Systems\NPCSteeringSystem.cs(129,57): warning CS0628: "NPCSteeringSystem.PhysicsSystem": ╨╜╨╛╨▓╤Л╨╣ ╨╖╨░╤Й╨╕╤Й╨╡╨╜╨╜╤Л╨╣ ╤Н╨╗╨╡╨╝╨╡╨╜╤В ╨╛╨▒╤К╤П╨▓╨╗╨╡╨╜ ╨▓ ╨╖╨░╨┐╨╡╤З╨░╤В╨░╨╜╨╜╨╛╨╝ ╤В╨╕╨┐╨╡. [D:\projects\night-city\Content.Server\Content.Server.csproj]
D:\projects\night-city\Content.Server\StationEvents\BasicStationEventSchedulerSystem.cs(113,72): warning CS0618: "Prototype<EntityPrototype>" ╤П╨▓╨╗╤П╨╡╤В╤Б╤П ╤Г╤Б╤В╨░╤А╨╡╨▓╤И╨╕╨╝: 'Use ProtoId<T> or EntProtoId, or the prototype directly' [D:\projects\night-city\Content.Server\Content.Server.csproj]
D:\projects\night-city\Content.Server\StationEvents\BasicStationEventSchedulerSystem.cs(166,70): warning CS0618: "Prototype<EntityPrototype>" ╤П╨▓╨╗╤П╨╡╤В╤Б╤П ╤Г╤Б╤В╨░╤А╨╡╨▓╤И╨╕╨╝: 'Use ProtoId<T> or EntProtoId, or the prototype directly' [D:\projects\night-city\Content.Server\Content.Server.csproj]
D:\projects\night-city\Content.Server\StationEvents\BasicStationEventSchedulerSystem.cs(189,74): warning CS0618: "Prototype<EntityPrototype>" ╤П╨▓╨╗╤П╨╡╤В╤Б╤П ╤Г╤Б╤В╨░╤А╨╡╨▓╤И╨╕╨╝: 'Use ProtoId<T> or EntProtoId, or the prototype directly' [D:\projects\night-city\Content.Server\Content.Server.csproj]
D:\projects\night-city\Content.Server\StationEvents\BasicStationEventSchedulerSystem.cs(216,45): warning CS0618: "Prototype<EntityPrototype>" ╤П╨▓╨╗╤П╨╡╤В╤Б╤П ╤Г╤Б╤В╨░╤А╨╡╨▓╤И╨╕╨╝: 'Use ProtoId<T> or EntProtoId, or the prototype directly' [D:\projects\night-city\Content.Server\Content.Server.csproj]
D:\projects\night-city\Content.Server\Chat\Systems\ChatSystem.cs(195,22): warning CS0108: "ChatSystem.VoiceRange" ╤Б╨║╤А╤Л╨▓╨░╨╡╤В ╨╜╨░╤Б╨╗╨╡╨┤╤Г╨╡╨╝╤Л╨╣ ╤З╨╗╨╡╨╜ "SharedChatSystem.VoiceRange". ╨Х╤Б╨╗╨╕ ╤Б╨║╤А╤Л╤В╨╕╨╡ ╨▒╤Л╨╗╨╛ ╨╜╨░╨╝╨╡╤А╨╡╨╜╨╜╤Л╨╝, ╨╕╤Б╨┐╨╛╨╗╤М╨╖╤Г╨╣╤В╨╡ ╨║╨╗╤О╤З╨╡╨▓╨╛╨╡ ╤Б╨╗╨╛╨▓╨╛ new. [D:\projects\night-city\Content.Server\Content.Server.csproj]
D:\projects\night-city\Content.Server\Chat\Systems\ChatSystem.cs(196,22): warning CS0108: "ChatSystem.WhisperClearRange" ╤Б╨║╤А╤Л╨▓╨░╨╡╤В ╨╜╨░╤Б╨╗╨╡╨┤╤Г╨╡╨╝╤Л╨╣ ╤З╨╗╨╡╨╜ "SharedChatSystem.WhisperClearRange". ╨Х╤Б╨╗╨╕ ╤Б╨║╤А╤Л╤В╨╕╨╡ ╨▒╤Л╨╗╨╛ ╨╜╨░╨╝╨╡╤А╨╡╨╜╨╜╤Л╨╝, ╨╕╤Б╨┐╨╛╨╗╤М╨╖╤Г╨╣╤В╨╡ ╨║╨╗╤О╤З╨╡╨▓╨╛╨╡ ╤Б╨╗╨╛╨▓╨╛ new. [D:\projects\night-city\Content.Server\Content.Server.csproj]
D:\projects\night-city\Content.Server\Chat\Systems\ChatSystem.cs(197,22): warning CS0108: "ChatSystem.WhisperMuffledRange" ╤Б╨║╤А╤Л╨▓╨░╨╡╤В ╨╜╨░╤Б╨╗╨╡╨┤╤Г╨╡╨╝╤Л╨╣ ╤З╨╗╨╡╨╜ "SharedChatSystem.WhisperMuffledRange". ╨Х╤Б╨╗╨╕ ╤Б╨║╤А╤Л╤В╨╕╨╡ ╨▒╤Л╨╗╨╛ ╨╜╨░╨╝╨╡╤А╨╡╨╜╨╜╤Л╨╝, ╨╕╤Б╨┐╨╛╨╗╤М╨╖╤Г╨╣╤В╨╡ ╨║╨╗╤О╤З╨╡╨▓╨╛╨╡ ╤Б╨╗╨╛╨▓╨╛ new. [D:\projects\night-city\Content.Server\Content.Server.csproj]
D:\projects\night-city\Content.Server\Speech\EntitySystems\RatvarianLanguageSystem.cs(19,35): warning CS0618: "StatusEffectsSystem" ╤П╨▓╨╗╤П╨╡╤В╤Б╤П ╤Г╤Б╤В╨░╤А╨╡╨▓╤И╨╕╨╝: 'Migration to Content.Shared.StatusEffectNew.StatusEffectsSystem is required' [D:\projects\night-city\Content.Server\Content.Server.csproj]
D:\projects\night-city\Content.Server\_CorvaxGoob\Events\Target\TargetEventsSystem.cs(11,35): warning CS0618: "StatusEffectsSystem" ╤П╨▓╨╗╤П╨╡╤В╤Б╤П ╤Г╤Б╤В╨░╤А╨╡╨▓╤И╨╕╨╝: 'Migration to Content.Shared.StatusEffectNew.StatusEffectsSystem is required' [D:\projects\night-city\Content.Server\Content.Server.csproj]
D:\projects\night-city\Content.Server\Speech\EntitySystems\SlurredSystem.cs(24,35): warning CS0618: "StatusEffectsSystem" ╤П╨▓╨╗╤П╨╡╤В╤Б╤П ╤Г╤Б╤В╨░╤А╨╡╨▓╤И╨╕╨╝: 'Migration to Content.Shared.StatusEffectNew.StatusEffectsSystem is required' [D:\projects\night-city\Content.Server\Content.Server.csproj]
D:\projects\night-city\Content.Server\Speech\EntitySystems\StutteringSystem.cs(24,39): warning CS0618: "StatusEffectsSystem" ╤П╨▓╨╗╤П╨╡╤В╤Б╤П ╤Г╤Б╤В╨░╤А╨╡╨▓╤И╨╕╨╝: 'Migration to Content.Shared.StatusEffectNew.StatusEffectsSystem is required' [D:\projects\night-city\Content.Server\Content.Server.csproj]
D:\projects\night-city\Content.Server\_DV\CosmicCult\Abilities\CosmicSiphonSystem.cs(39,35): warning CS0618: "StatusEffectsSystem" ╤П╨▓╨╗╤П╨╡╤В╤Б╤П ╤Г╤Б╤В╨░╤А╨╡╨▓╤И╨╕╨╝: 'Migration to Content.Shared.StatusEffectNew.StatusEffectsSystem is required' [D:\projects\night-city\Content.Server\Content.Server.csproj]
D:\projects\night-city\Content.Server\_Shitcode\Heretic\Abilities\HereticAbilitySystem.cs(114,35): warning CS0618: "StatusEffectsSystem" ╤П╨▓╨╗╤П╨╡╤В╤Б╤П ╤Г╤Б╤В╨░╤А╨╡╨▓╤И╨╕╨╝: 'Migration to Content.Shared.StatusEffectNew.StatusEffectsSystem is required' [D:\projects\night-city\Content.Server\Content.Server.csproj]
D:\projects\night-city\Content.Server\_Shitcode\Heretic\EntitySystems\CarvingKnifeSystem.cs(53,35): warning CS0618: "StatusEffectsSystem" ╤П╨▓╨╗╤П╨╡╤В╤Б╤П ╤Г╤Б╤В╨░╤А╨╡╨▓╤И╨╕╨╝: 'Migration to Content.Shared.StatusEffectNew.StatusEffectsSystem is required' [D:\projects\night-city\Content.Server\Content.Server.csproj]
D:\projects\night-city\Content.Server\_Shitcode\Heretic\EntitySystems\FeastOfOwlsSystem.cs(18,35): warning CS0618: "StatusEffectsSystem" ╤П╨▓╨╗╤П╨╡╤В╤Б╤П ╤Г╤Б╤В╨░╤А╨╡╨▓╤И╨╕╨╝: 'Migration to Content.Shared.StatusEffectNew.StatusEffectsSystem is required' [D:\projects\night-city\Content.Server\Content.Server.csproj]
D:\projects\night-city\Content.Server\_DV\CosmicCult\CosmicCultSystem.cs(70,35): warning CS0618: "StatusEffectsSystem" ╤П╨▓╨╗╤П╨╡╤В╤Б╤П ╤Г╤Б╤В╨░╤А╨╡╨▓╤И╨╕╨╝: 'Migration to Content.Shared.StatusEffectNew.StatusEffectsSystem is required' [D:\projects\night-city\Content.Server\Content.Server.csproj]
D:\projects\night-city\Content.Server\_Shitcode\Heretic\Ritual\CustomBehavior.ReagentPuddle.cs(20,34): warning CS0628: "RitualReagentPuddleBehavior._lookup": ╨╜╨╛╨▓╤Л╨╣ ╨╖╨░╤Й╨╕╤Й╨╡╨╜╨╜╤Л╨╣ ╤Н╨╗╨╡╨╝╨╡╨╜╤В ╨╛╨▒╤К╤П╨▓╨╗╨╡╨╜ ╨▓ ╨╖╨░╨┐╨╡╤З╨░╤В╨░╨╜╨╜╨╛╨╝ ╤В╨╕╨┐╨╡. [D:\projects\night-city\Content.Server\Content.Server.csproj]
D:\projects\night-city\Content.Server\_Shitcode\Heretic\EntitySystems\MansusGraspSystem.cs(61,35): warning CS0618: "StatusEffectsSystem" ╤П╨▓╨╗╤П╨╡╤В╤Б╤П ╤Г╤Б╤В╨░╤А╨╡╨▓╤И╨╕╨╝: 'Migration to Content.Shared.StatusEffectNew.StatusEffectsSystem is required' [D:\projects\night-city\Content.Server\Content.Server.csproj]
D:\projects\night-city\Content.Server\_Shitcode\Heretic\EntitySystems\ProtectiveBladeSystem.cs(59,35): warning CS0618: "StatusEffectsSystem" ╤П╨▓╨╗╤П╨╡╤В╤Б╤П ╤Г╤Б╤В╨░╤А╨╡╨▓╤И╨╕╨╝: 'Migration to Content.Shared.StatusEffectNew.StatusEffectsSystem is required' [D:\projects\night-city\Content.Server\Content.Server.csproj]
D:\projects\night-city\Content.Server\Electrocution\ElectrocuteCommand.cs(24,35): warning CS0618: "StatusEffectsSystem" ╤П╨▓╨╗╤П╨╡╤В╤Б╤П ╤Г╤Б╤В╨░╤А╨╡╨▓╤И╨╕╨╝: 'Migration to Content.Shared.StatusEffectNew.StatusEffectsSystem is required' [D:\projects\night-city\Content.Server\Content.Server.csproj]
D:\projects\night-city\Content.Server\Electrocution\ElectrocutionSystem.cs(103,35): warning CS0618: "StatusEffectsSystem" ╤П╨▓╨╗╤П╨╡╤В╤Б╤П ╤Г╤Б╤В╨░╤А╨╡╨▓╤И╨╕╨╝: 'Migration to Content.Shared.StatusEffectNew.StatusEffectsSystem is required' [D:\projects\night-city\Content.Server\Content.Server.csproj]
D:\projects\night-city\Content.Server\_Shitmed\Body\BodyEffects\Subsystems\RandomStatusActivationSystem.cs(18,35): warning CS0618: "StatusEffectsSystem" ╤П╨▓╨╗╤П╨╡╤В╤Б╤П ╤Г╤Б╤В╨░╤А╨╡╨▓╤И╨╕╨╝: 'Migration to Content.Shared.StatusEffectNew.StatusEffectsSystem is required' [D:\projects\night-city\Content.Server\Content.Server.csproj]
D:\projects\night-city\Content.Server\_Shitmed\Body\Organ\StatusEffectOrganSystem.cs(16,35): warning CS0618: "StatusEffectsSystem" ╤П╨▓╨╗╤П╨╡╤В╤Б╤П ╤Г╤Б╤В╨░╤А╨╡╨▓╤И╨╕╨╝: 'Migration to Content.Shared.StatusEffectNew.StatusEffectsSystem is required' [D:\projects\night-city\Content.Server\Content.Server.csproj]
D:\projects\night-city\Content.Server\_Shitcode\Heretic\EntitySystems\PathSpecific\VoidCurseSystem.cs(24,35): warning CS0618: "StatusEffectsSystem" ╤П╨▓╨╗╤П╨╡╤В╤Б╤П ╤Г╤Б╤В╨░╤А╨╡╨▓╤И╨╕╨╝: 'Migration to Content.Shared.StatusEffectNew.StatusEffectsSystem is required' [D:\projects\night-city\Content.Server\Content.Server.csproj]
D:\projects\night-city\Content.Server\Nyanotrasen\Abilities\Felinid\FelinidSystem.cs(78,27): warning CS0618: "Component.Owner" ╤П╨▓╨╗╤П╨╡╤В╤Б╤П ╤Г╤Б╤В╨░╤А╨╡╨▓╤И╨╕╨╝: 'Update your API to allow accessing Owner through other means' [D:\projects\night-city\Content.Server\Content.Server.csproj]
D:\projects\night-city\Content.Server\Nyanotrasen\Abilities\Felinid\FelinidSystem.cs(79,30): warning CS0618: "Component.Owner" ╤П╨▓╨╗╤П╨╡╤В╤Б╤П ╤Г╤Б╤В╨░╤А╨╡╨▓╤И╨╕╨╝: 'Update your API to allow accessing Owner through other means' [D:\projects\night-city\Content.Server\Content.Server.csproj]
D:\projects\night-city\Content.Server\Nyanotrasen\Abilities\Felinid\FelinidSystem.cs(124,80): warning CS0618: "AudioHelpers.WithVariation(float)" ╤П╨▓╨╗╤П╨╡╤В╤Б╤П ╤Г╤Б╤В╨░╤А╨╡╨▓╤И╨╕╨╝: 'Use AudioParams.Variation data-field' [D:\projects\night-city\Content.Server\Content.Server.csproj]
D:\projects\night-city\Content.Server\Nyanotrasen\Abilities\Felinid\FelinidSystem.cs(124,24): warning CS0618: "ResolvedSoundSpecifier.implicit operator ResolvedSoundSpecifier(string)" ╤П╨▓╨╗╤П╨╡╤В╤Б╤П ╤Г╤Б╤В╨░╤А╨╡╨▓╤И╨╕╨╝: 'String literals for sounds are deprecated, use a SoundSpecifier or ResolvedSoundSpecifier as appropriate instead' [D:\projects\night-city\Content.Server\Content.Server.csproj]
D:\projects\night-city\Content.Server\Nyanotrasen\Abilities\Felinid\FelinidSystem.cs(160,61): warning CS0618: "AudioHelpers.WithVariation(float)" ╤П╨▓╨╗╤П╨╡╤В╤Б╤П ╤Г╤Б╤В╨░╤А╨╡╨▓╤И╨╕╨╝: 'Use AudioParams.Variation data-field' [D:\projects\night-city\Content.Server\Content.Server.csproj]
D:\projects\night-city\Content.Server\Nyanotrasen\Abilities\Felinid\FelinidSystem.cs(160,24): warning CS0618: "ResolvedSoundSpecifier.implicit operator ResolvedSoundSpecifier(string)" ╤П╨▓╨╗╤П╨╡╤В╤Б╤П ╤Г╤Б╤В╨░╤А╨╡╨▓╤И╨╕╨╝: 'String literals for sounds are deprecated, use a SoundSpecifier or ResolvedSoundSpecifier as appropriate instead' [D:\projects\night-city\Content.Server\Content.Server.csproj]
D:\projects\night-city\Content.Server\Anomaly\Effects\ProjectileAnomalySystem.cs(114,23): warning CS0618: "IMapManager.GetMapEntityId(MapId)" ╤П╨▓╨╗╤П╨╡╤В╤Б╤П ╤Г╤Б╤В╨░╤А╨╡╨▓╤И╨╕╨╝: 'Use MapSystem' [D:\projects\night-city\Content.Server\Content.Server.csproj]
D:\projects\night-city\Content.Server\_NC\Netrunning\NetrunningSystem.cs(76,41): error CS1061: "DamageChangedEvent" ╨╜╨╡ ╤Б╨╛╨┤╨╡╤А╨╢╨╕╤В ╨╛╨┐╤А╨╡╨┤╨╡╨╗╨╡╨╜╨╕╤П "Entity", ╨╕ ╨╜╨╡ ╤Г╨┤╨░╨╗╨╛╤Б╤М ╨╜╨░╨╣╤В╨╕ ╨┤╨╛╤Б╤В╤Г╨┐╨╜╤Л╨╣ ╨╝╨╡╤В╨╛╨┤ ╤А╨░╤Б╤И╨╕╤А╨╡╨╜╨╕╤П "Entity", ╨┐╤А╨╕╨╜╨╕╨╝╨░╤О╤Й╨╕╨╣ ╤В╨╕╨┐ "DamageChangedEvent" ╨▓ ╨║╨░╤З╨╡╤Б╤В╨▓╨╡ ╨┐╨╡╤А╨▓╨╛╨│╨╛ ╨░╤А╨│╤Г╨╝╨╡╨╜╤В╨░ (╨▓╨╛╨╖╨╝╨╛╨╢╨╜╨╛, ╨┐╤А╨╛╨┐╤Г╤Й╨╡╨╜╨░ ╨┤╨╕╤А╨╡╨║╤В╨╕╨▓╨░ using ╨╕╨╗╨╕ ╤Б╤Б╤Л╨╗╨║╨░ ╨╜╨░ ╤Б╨▒╨╛╤А╨║╤Г). [D:\projects\night-city\Content.Server\Content.Server.csproj]
D:\projects\night-city\Content.Server\_NC\Netrunning\NetrunningSystem.cs(78,44): error CS1503: ╨Р╤А╨│╤Г╨╝╨╡╨╜╤В 2: ╨╜╨╡ ╤Г╨┤╨░╨╡╤В╤Б╤П ╨┐╤А╨╡╨╛╨▒╤А╨░╨╖╨╛╨▓╨░╤В╤М ╨╕╨╖ "Robust.Shared.GameObjects.EntityUid?" ╨▓ "Robust.Shared.GameObjects.EntityUid". [D:\projects\night-city\Content.Server\Content.Server.csproj]
D:\projects\night-city\Content.Server\_NC\Netrunning\NetrunningSystem.cs(108,67): error CS1503: ╨Р╤А╨│╤Г╨╝╨╡╨╜╤В 1: ╨╜╨╡ ╤Г╨┤╨░╨╡╤В╤Б╤П ╨┐╤А╨╡╨╛╨▒╤А╨░╨╖╨╛╨▓╨░╤В╤М ╨╕╨╖ "Robust.Shared.GameObjects.EntityUid?" ╨▓ "Robust.Shared.GameObjects.EntityUid". [D:\projects\night-city\Content.Server\Content.Server.csproj]
D:\projects\night-city\Content.Server\_Imp\Drone\DroneSystem.cs(62,17): warning CS8073: ╨а╨╡╨╖╤Г╨╗╤М╤В╨░╤В ╨▓╤Л╤А╨░╨╢╨╡╨╜╨╕╤П ╨▓╤Б╨╡╨│╨┤╨░ ╤А╨░╨▓╨╡╨╜ "true", ╨┐╨╛╤Б╨║╨╛╨╗╤М╨║╤Г ╨╖╨╜╨░╤З╨╡╨╜╨╕╨╡ ╤В╨╕╨┐╨░ "EntityUid" ╨╜╨╕╨║╨╛╨│╨┤╨░ ╨╜╨╡ ╤А╨░╨▓╨╜╨╛ Null ╤В╨╕╨┐╨░ "EntityUid?" [D:\projects\night-city\Content.Server\Content.Server.csproj]
D:\projects\night-city\Content.Server\_Imp\Drone\DroneSystem.cs(85,22): warning CS8073: ╨а╨╡╨╖╤Г╨╗╤М╤В╨░╤В ╨▓╤Л╤А╨░╨╢╨╡╨╜╨╕╤П ╨▓╤Б╨╡╨│╨┤╨░ ╤А╨░╨▓╨╡╨╜ "true", ╨┐╨╛╤Б╨║╨╛╨╗╤М╨║╤Г ╨╖╨╜╨░╤З╨╡╨╜╨╕╨╡ ╤В╨╕╨┐╨░ "EntityUid" ╨╜╨╕╨║╨╛╨│╨┤╨░ ╨╜╨╡ ╤А╨░╨▓╨╜╨╛ Null ╤В╨╕╨┐╨░ "EntityUid?" [D:\projects\night-city\Content.Server\Content.Server.csproj]
D:\projects\night-city\Content.Server\_Imp\Drone\DroneSystem.cs(163,63): warning CS0618: "TransformComponent.MapPosition" ╤П╨▓╨╗╤П╨╡╤В╤Б╤П ╤Г╤Б╤В╨░╤А╨╡╨▓╤И╨╕╨╝: 'Use TransformSystem.GetMapCoordinates' [D:\projects\night-city\Content.Server\Content.Server.csproj]
D:\projects\night-city\Content.Server\_EinsteinEngines\Traits\Assorted\ForeignerTraitSystem.cs(101,9): warning CS0618: "TransformComponent.Coordinates.set" ╤П╨▓╨╗╤П╨╡╤В╤Б╤П ╤Г╤Б╤В╨░╤А╨╡╨▓╤И╨╕╨╝: 'Use the system's setter method instead.' [D:\projects\night-city\Content.Server\Content.Server.csproj]
D:\projects\night-city\Content.Server\_EinsteinEngines\Silicon\EmitBuzzOnCrit\EmitBuzzWhileDamagedSystem.cs(59,64): warning CS0618: "AudioHelpers.WithVariation(float, IRobustRandom?)" ╤П╨▓╨╗╤П╨╡╤В╤Б╤П ╤Г╤Б╤В╨░╤А╨╡╨▓╤И╨╕╨╝: 'Use AudioParams.Variation data-field' [D:\projects\night-city\Content.Server\Content.Server.csproj]
D:\projects\night-city\Content.Server\_EinsteinEngines\Silicon\DeadStartupButton\DeadStartupButtonSystem.cs(75,45): warning CS0618: "AudioHelpers.WithVariation(float, IRobustRandom?)" ╤П╨▓╨╗╤П╨╡╤В╤Б╤П ╤Г╤Б╤В╨░╤А╨╡╨▓╤И╨╕╨╝: 'Use AudioParams.Variation data-field' [D:\projects\night-city\Content.Server\Content.Server.csproj]
D:\projects\night-city\Content.Server\_Mono\Projectiles\TargetGuided\TargetGuidedSystem.cs(125,33): warning CS0618: "EntityCoordinates.ToMap(IEntityManager, SharedTransformSystem)" ╤П╨▓╨╗╤П╨╡╤В╤Б╤П ╤Г╤Б╤В╨░╤А╨╡╨▓╤И╨╕╨╝: 'Use SharedTransformSystem.ToMapCoordinates()' [D:\projects\night-city\Content.Server\Content.Server.csproj]
D:\projects\night-city\Content.Server\_Mono\Projectiles\TargetGuided\TargetGuidedSystem.cs(126,34): warning CS0618: "EntityCoordinates.ToMap(IEntityManager, SharedTransformSystem)" ╤П╨▓╨╗╤П╨╡╤В╤Б╤П ╤Г╤Б╤В╨░╤А╨╡╨▓╤И╨╕╨╝: 'Use SharedTransformSystem.ToMapCoordinates()' [D:\projects\night-city\Content.Server\Content.Server.csproj]
D:\projects\night-city\Content.Server\_Mono\Projectiles\TargetGuided\TargetGuidedSystem.cs(159,25): warning CS0618: "EntityCoordinates.ToMap(IEntityManager, SharedTransformSystem)" ╤П╨▓╨╗╤П╨╡╤В╤Б╤П ╤Г╤Б╤В╨░╤А╨╡╨▓╤И╨╕╨╝: 'Use SharedTransformSystem.ToMapCoordinates()' [D:\projects\night-city\Content.Server\Content.Server.csproj]
D:\projects\night-city\Content.Server\_Shitmed\Body\Organ\StatusEffectOrganSystem.cs(35,17): warning CS0618: "StatusEffectsSystem.TryAddStatusEffect(EntityUid, string, TimeSpan, bool, string, StatusEffectsComponent?)" ╤П╨▓╨╗╤П╨╡╤В╤Б╤П ╤Г╤Б╤В╨░╤А╨╡╨▓╤И╨╕╨╝: 'Migration to Content.Shared.StatusEffectNew.StatusEffectsSystem is required' [D:\projects\night-city\Content.Server\Content.Server.csproj]
D:\projects\night-city\Content.Server\_Shitmed\Body\BodyEffects\Subsystems\RandomStatusActivationSystem.cs(52,17): warning CS0618: "StatusEffectsSystem.TryAddStatusEffect(EntityUid, string, TimeSpan, bool, string, StatusEffectsComponent?)" ╤П╨▓╨╗╤П╨╡╤В╤Б╤П ╤Г╤Б╤В╨░╤А╨╡╨▓╤И╨╕╨╝: 'Migration to Content.Shared.StatusEffectNew.StatusEffectsSystem is required' [D:\projects\night-city\Content.Server\Content.Server.csproj]
D:\projects\night-city\Content.Server\Weapons\Ranged\Systems\GunSystem.cs(577,19): warning CS0618: "Component.Owner" ╤П╨▓╨╗╤П╨╡╤В╤Б╤П ╤Г╤Б╤В╨░╤А╨╡╨▓╤И╨╕╨╝: 'Update your API to allow accessing Owner through other means' [D:\projects\night-city\Content.Server\Content.Server.csproj]
D:\projects\night-city\Content.Server\Weapons\Ranged\Systems\GunSystem.cs(578,28): warning CS0618: "Component.Owner" ╤П╨▓╨╗╤П╨╡╤В╤Б╤П ╤Г╤Б╤В╨░╤А╨╡╨▓╤И╨╕╨╝: 'Update your API to allow accessing Owner through other means' [D:\projects\night-city\Content.Server\Content.Server.csproj]
D:\projects\night-city\Content.Server\Weapons\Ranged\Systems\GunSystem.cs(582,25): warning CS0618: "Component.Owner" ╤П╨▓╨╗╤П╨╡╤В╤Б╤П ╤Г╤Б╤В╨░╤А╨╡╨▓╤И╨╕╨╝: 'Update your API to allow accessing Owner through other means' [D:\projects\night-city\Content.Server\Content.Server.csproj]
D:\projects\night-city\Content.Server\_Shitcode\Teleportation\Systems\TeleportSystem.cs(115,28): warning CS0618: "EntityCoordinates.ToMap(IEntityManager, SharedTransformSystem)" ╤П╨▓╨╗╤П╨╡╤В╤Б╤П ╤Г╤Б╤В╨░╤А╨╡╨▓╤И╨╕╨╝: 'Use SharedTransformSystem.ToMapCoordinates()' [D:\projects\night-city\Content.Server\Content.Server.csproj]
D:\projects\night-city\Content.Server\_Shitcode\Teleportation\Systems\TeleportSystem.cs(141,36): warning CS0618: "MapGridComponent.GetAnchoredEntities(MapCoordinates)" ╤П╨▓╨╗╤П╨╡╤В╤Б╤П ╤Г╤Б╤В╨░╤А╨╡╨▓╤И╨╕╨╝: 'Use the MapSystem method' [D:\projects\night-city\Content.Server\Content.Server.csproj]
D:\projects\night-city\Content.Server\_Mono\FireControl\FireControlSystem.cs(397,44): warning CS0618: "EntityCoordinates.ToMap(IEntityManager, SharedTransformSystem)" ╤П╨▓╨╗╤П╨╡╤В╤Б╤П ╤Г╤Б╤В╨░╤А╨╡╨▓╤И╨╕╨╝: 'Use SharedTransformSystem.ToMapCoordinates()' [D:\projects\night-city\Content.Server\Content.Server.csproj]
D:\projects\night-city\Content.Server\_Mono\FireControl\FireControlSystem.cs(415,29): warning CS0618: "EntityCoordinates.ToMap(IEntityManager, SharedTransformSystem)" ╤П╨▓╨╗╤П╨╡╤В╤Б╤П ╤Г╤Б╤В╨░╤А╨╡╨▓╤И╨╕╨╝: 'Use SharedTransformSystem.ToMapCoordinates()' [D:\projects\night-city\Content.Server\Content.Server.csproj]
D:\projects\night-city\Content.Server\_Mono\FireControl\FireControlSystem.cs(504,25): warning CS0618: "EntityCoordinates.ToMap(IEntityManager, SharedTransformSystem)" ╤П╨▓╨╗╤П╨╡╤В╤Б╤П ╤Г╤Б╤В╨░╤А╨╡╨▓╤И╨╕╨╝: 'Use SharedTransformSystem.ToMapCoordinates()' [D:\projects\night-city\Content.Server\Content.Server.csproj]
D:\projects\night-city\Content.Server\_Shitcode\Heretic\EntitySystems\ProtectiveBladeSystem.cs(351,9): warning CS0618: "StatusEffectsSystem.TryAddStatusEffect<T>(EntityUid, string, TimeSpan, bool, StatusEffectsComponent?)" ╤П╨▓╨╗╤П╨╡╤В╤Б╤П ╤Г╤Б╤В╨░╤А╨╡╨▓╤И╨╕╨╝: 'Migration to Content.Shared.StatusEffectNew.StatusEffectsSystem is required' [D:\projects\night-city\Content.Server\Content.Server.csproj]
D:\projects\night-city\Content.Server\_Shitmed\Antags\Abductor\AbductorSystem.Actions.cs(58,34): warning CS0618: "ResolvedSoundSpecifier.implicit operator ResolvedSoundSpecifier(string)" ╤П╨▓╨╗╤П╨╡╤В╤Б╤П ╤Г╤Б╤В╨░╤А╨╡╨▓╤И╨╕╨╝: 'String literals for sounds are deprecated, use a SoundSpecifier or ResolvedSoundSpecifier as appropriate instead' [D:\projects\night-city\Content.Server\Content.Server.csproj]
D:\projects\night-city\Content.Server\_Shitmed\Antags\Abductor\AbductorSystem.Actions.cs(150,34): warning CS0618: "ResolvedSoundSpecifier.implicit operator ResolvedSoundSpecifier(string)" ╤П╨▓╨╗╤П╨╡╤В╤Б╤П ╤Г╤Б╤В╨░╤А╨╡╨▓╤И╨╕╨╝: 'String literals for sounds are deprecated, use a SoundSpecifier or ResolvedSoundSpecifier as appropriate instead' [D:\projects\night-city\Content.Server\Content.Server.csproj]
D:\projects\night-city\Content.Server\_Shitmed\Antags\Abductor\AbductorSystem.Console.cs(81,38): warning CS0618: "ResolvedSoundSpecifier.implicit operator ResolvedSoundSpecifier(string)" ╤П╨▓╨╗╤П╨╡╤В╤Б╤П ╤Г╤Б╤В╨░╤А╨╡╨▓╤И╨╕╨╝: 'String literals for sounds are deprecated, use a SoundSpecifier or ResolvedSoundSpecifier as appropriate instead' [D:\projects\night-city\Content.Server\Content.Server.csproj]
D:\projects\night-city\Content.Server\_Shitmed\Antags\Abductor\AbductorSystem.Console.cs(98,30): warning CS0618: "ResolvedSoundSpecifier.implicit operator ResolvedSoundSpecifier(string)" ╤П╨▓╨╗╤П╨╡╤В╤Б╤П ╤Г╤Б╤В╨░╤А╨╡╨▓╤И╨╕╨╝: 'String literals for sounds are deprecated, use a SoundSpecifier or ResolvedSoundSpecifier as appropriate instead' [D:\projects\night-city\Content.Server\Content.Server.csproj]
D:\projects\night-city\Content.Server\_Shitmed\Antags\Abductor\AbductorSystem.Console.cs(105,30): warning CS0618: "ResolvedSoundSpecifier.implicit operator ResolvedSoundSpecifier(string)" ╤П╨▓╨╗╤П╨╡╤В╤Б╤П ╤Г╤Б╤В╨░╤А╨╡╨▓╤И╨╕╨╝: 'String literals for sounds are deprecated, use a SoundSpecifier or ResolvedSoundSpecifier as appropriate instead' [D:\projects\night-city\Content.Server\Content.Server.csproj]
D:\projects\night-city\Content.Server\_CorvaxGoob\OfferItem\OfferItemSystem.cs(33,47): warning CS8073: ╨а╨╡╨╖╤Г╨╗╤М╤В╨░╤В ╨▓╤Л╤А╨░╨╢╨╡╨╜╨╕╤П ╨▓╤Б╨╡╨│╨┤╨░ ╤А╨░╨▓╨╡╨╜ "false", ╨┐╨╛╤Б╨║╨╛╨╗╤М╨║╤Г ╨╖╨╜╨░╤З╨╡╨╜╨╕╨╡ ╤В╨╕╨┐╨░ "Hand" ╨╜╨╕╨║╨╛╨│╨┤╨░ ╨╜╨╡ ╤А╨░╨▓╨╜╨╛ Null ╤В╨╕╨┐╨░ "Hand?" [D:\projects\night-city\Content.Server\Content.Server.csproj]
D:\projects\night-city\Content.Server\Spawners\EntitySystems\SpawnerSystem.cs(32,9): warning CS0618: "TimerExtensions.SpawnRepeatingTimer(EntityUid, TimeSpan, Action, CancellationToken)" ╤П╨▓╨╗╤П╨╡╤В╤Б╤П ╤Г╤Б╤В╨░╤А╨╡╨▓╤И╨╕╨╝: 'Use a system update loop instead' [D:\projects\night-city\Content.Server\Content.Server.csproj]
D:\projects\night-city\Content.Server\_CorvaxGoob\Events\Target\TargetEventsSystem.cs(31,9): warning CS0618: "StatusEffectsSystem.TryAddStatusEffect(EntityUid, string, TimeSpan, bool, string, StatusEffectsComponent?)" ╤П╨▓╨╗╤П╨╡╤В╤Б╤П ╤Г╤Б╤В╨░╤А╨╡╨▓╤И╨╕╨╝: 'Migration to Content.Shared.StatusEffectNew.StatusEffectsSystem is required' [D:\projects\night-city\Content.Server\Content.Server.csproj]
D:\projects\night-city\Content.Server\_Shitmed\Antags\Abductor\AbductorSystem.Vest.cs(31,13): warning CS8073: ╨а╨╡╨╖╤Г╨╗╤М╤В╨░╤В ╨▓╤Л╤А╨░╨╢╨╡╨╜╨╕╤П ╨▓╤Б╨╡╨│╨┤╨░ ╤А╨░╨▓╨╡╨╜ "true", ╨┐╨╛╤Б╨║╨╛╨╗╤М╨║╤Г ╨╖╨╜╨░╤З╨╡╨╜╨╕╨╡ ╤В╨╕╨┐╨░ "EntityUid" ╨╜╨╕╨║╨╛╨│╨┤╨░ ╨╜╨╡ ╤А╨░╨▓╨╜╨╛ Null ╤В╨╕╨┐╨░ "EntityUid?" [D:\projects\night-city\Content.Server\Content.Server.csproj]
D:\projects\night-city\Content.Server\_Shitmed\Antags\Abductor\AbductorSystem.Vest.cs(40,13): warning CS8073: ╨а╨╡╨╖╤Г╨╗╤М╤В╨░╤В ╨▓╤Л╤А╨░╨╢╨╡╨╜╨╕╤П ╨▓╤Б╨╡╨│╨┤╨░ ╤А╨░╨▓╨╡╨╜ "true", ╨┐╨╛╤Б╨║╨╛╨╗╤М╨║╤Г ╨╖╨╜╨░╤З╨╡╨╜╨╕╨╡ ╤В╨╕╨┐╨░ "EntityUid" ╨╜╨╕╨║╨╛╨│╨┤╨░ ╨╜╨╡ ╤А╨░╨▓╨╜╨╛ Null ╤В╨╕╨┐╨░ "EntityUid?" [D:\projects\night-city\Content.Server\Content.Server.csproj]
D:\projects\night-city\Content.Server\_Shitcode\Wizard\Systems\ScryingOrbSystem.cs(122,9): warning CS0618: "SharedGhostSystem.SetCanReturnToBody(GhostComponent, bool)" ╤П╨▓╨╗╤П╨╡╤В╤Б╤П ╤Г╤Б╤В╨░╤А╨╡╨▓╤И╨╕╨╝: 'Use the Entity<GhostComponent?> overload' [D:\projects\night-city\Content.Server\Content.Server.csproj]
D:\projects\night-city\Content.Server\Silicons\StationAi\AiVisionWireAction.cs(49,32): warning CS0618: "Component.Owner" ╤П╨▓╨╗╤П╨╡╤В╤Б╤П ╤Г╤Б╤В╨░╤А╨╡╨▓╤И╨╕╨╝: 'Update your API to allow accessing Owner through other means' [D:\projects\night-city\Content.Server\Content.Server.csproj]
D:\projects\night-city\Content.Server\Silicons\StationAi\AiVisionWireAction.cs(55,32): warning CS0618: "Component.Owner" ╤П╨▓╨╗╤П╨╡╤В╤Б╤П ╤Г╤Б╤В╨░╤А╨╡╨▓╤И╨╕╨╝: 'Update your API to allow accessing Owner through other means' [D:\projects\night-city\Content.Server\Content.Server.csproj]
D:\projects\night-city\Content.Server\Speech\EntitySystems\StutteringSystem.cs(41,13): warning CS0618: "StatusEffectsSystem.TryAddStatusEffect<T>(EntityUid, string, TimeSpan, bool, StatusEffectsComponent?)" ╤П╨▓╨╗╤П╨╡╤В╤Б╤П ╤Г╤Б╤В╨░╤А╨╡╨▓╤И╨╕╨╝: 'Migration to Content.Shared.StatusEffectNew.StatusEffectsSystem is required' [D:\projects\night-city\Content.Server\Content.Server.csproj]
D:\projects\night-city\Content.Server\Silicons\StationAi\AiInteractWireAction.cs(47,35): warning CS0618: "Component.Owner" ╤П╨▓╨╗╤П╨╡╤В╤Б╤П ╤Г╤Б╤В╨░╤А╨╡╨▓╤И╨╕╨╝: 'Update your API to allow accessing Owner through other means' [D:\projects\night-city\Content.Server\Content.Server.csproj]
D:\projects\night-city\Content.Server\Silicons\StationAi\AiInteractWireAction.cs(53,35): warning CS0618: "Component.Owner" ╤П╨▓╨╗╤П╨╡╤В╤Б╤П ╤Г╤Б╤В╨░╤А╨╡╨▓╤И╨╕╨╝: 'Update your API to allow accessing Owner through other means' [D:\projects\night-city\Content.Server\Content.Server.csproj]
D:\projects\night-city\Content.Server\_Shitcode\Heretic\EntitySystems\MansusGraspSystem.cs(214,13): warning CS0618: "StatusEffectsSystem.TryAddStatusEffect<T>(EntityUid, string, TimeSpan, bool, StatusEffectsComponent?)" ╤П╨▓╨╗╤П╨╡╤В╤Б╤П ╤Г╤Б╤В╨░╤А╨╡╨▓╤И╨╕╨╝: 'Migration to Content.Shared.StatusEffectNew.StatusEffectsSystem is required' [D:\projects\night-city\Content.Server\Content.Server.csproj]
D:\projects\night-city\Content.Server\_CorvaxGoob\BluespaceHarvester\BluespaceHarvesterSystem.cs(293,50): warning CS0618: "EntityCoordinates.ToMap(IEntityManager, SharedTransformSystem)" ╤П╨▓╨╗╤П╨╡╤В╤Б╤П ╤Г╤Б╤В╨░╤А╨╡╨▓╤И╨╕╨╝: 'Use SharedTransformSystem.ToMapCoordinates()' [D:\projects\night-city\Content.Server\Content.Server.csproj]
D:\projects\night-city\Content.Server\_Shitcode\Heretic\EntitySystems\HereticSystem.cs(119,29): warning CS0618: "Component.Owner" ╤П╨▓╨╗╤П╨╡╤В╤Б╤П ╤Г╤Б╤В╨░╤А╨╡╨▓╤И╨╕╨╝: 'Update your API to allow accessing Owner through other means' [D:\projects\night-city\Content.Server\Content.Server.csproj]
D:\projects\night-city\Content.Server\Speech\EntitySystems\SlurredSystem.cs(40,14): warning CS0618: "StatusEffectsSystem.HasStatusEffect(EntityUid, string, StatusEffectsComponent?)" ╤П╨▓╨╗╤П╨╡╤В╤Б╤П ╤Г╤Б╤В╨░╤А╨╡╨▓╤И╨╕╨╝: 'Migration to Content.Shared.StatusEffectNew.StatusEffectsSystem is required' [D:\projects\night-city\Content.Server\Content.Server.csproj]
D:\projects\night-city\Content.Server\Speech\EntitySystems\SlurredSystem.cs(41,13): warning CS0618: "StatusEffectsSystem.TryAddStatusEffect<T>(EntityUid, string, TimeSpan, bool, StatusEffectsComponent?)" ╤П╨▓╨╗╤П╨╡╤В╤Б╤П ╤Г╤Б╤В╨░╤А╨╡╨▓╤И╨╕╨╝: 'Migration to Content.Shared.StatusEffectNew.StatusEffectsSystem is required' [D:\projects\night-city\Content.Server\Content.Server.csproj]
D:\projects\night-city\Content.Server\Speech\EntitySystems\SlurredSystem.cs(43,13): warning CS0618: "StatusEffectsSystem.TryAddTime(EntityUid, string, TimeSpan, StatusEffectsComponent?)" ╤П╨▓╨╗╤П╨╡╤В╤Б╤П ╤Г╤Б╤В╨░╤А╨╡╨▓╤И╨╕╨╝: 'Migration to Content.Shared.StatusEffectNew.StatusEffectsSystem is required' [D:\projects\night-city\Content.Server\Content.Server.csproj]
D:\projects\night-city\Content.Server\_Lavaland\Mobs\Hierophant\HierophantSystem.cs(466,9): warning CS0618: "Logger.Info(string)" ╤П╨▓╨╗╤П╨╡╤В╤Б╤П ╤Г╤Б╤В╨░╤А╨╡╨▓╤И╨╕╨╝: 'Use ISawmill.Info' [D:\projects\night-city\Content.Server\Content.Server.csproj]
D:\projects\night-city\Content.Server\Speech\EntitySystems\SlurredSystem.cs(51,14): warning CS0618: "StatusEffectsSystem.TryGetTime(EntityUid, string, out (TimeSpan, TimeSpan)?, StatusEffectsComponent?)" ╤П╨▓╨╗╤П╨╡╤В╤Б╤П ╤Г╤Б╤В╨░╤А╨╡╨▓╤И╨╕╨╝: 'Migration to Content.Shared.StatusEffectNew.StatusEffectsSystem is required' [D:\projects\night-city\Content.Server\Content.Server.csproj]
D:\projects\night-city\Content.Server\StationEvents\Events\ImmovableRodRule.cs(50,31): warning CS0618: "EntityCoordinates.ToMap(IEntityManager, SharedTransformSystem)" ╤П╨▓╨╗╤П╨╡╤В╤Б╤П ╤Г╤Б╤В╨░╤А╨╡╨▓╤И╨╕╨╝: 'Use SharedTransformSystem.ToMapCoordinates()' [D:\projects\night-city\Content.Server\Content.Server.csproj]
D:\projects\night-city\Content.Server\Singularity\EntitySystems\EventHorizonSystem.cs(394,40): warning CS0618: "MapGridComponent.GetAnchoredEntities(Vector2i)" ╤П╨▓╨╗╤П╨╡╤В╤Б╤П ╤Г╤Б╤В╨░╤А╨╡╨▓╤И╨╕╨╝: 'Use the MapSystem method' [D:\projects\night-city\Content.Server\Content.Server.csproj]
D:\projects\night-city\Content.Server\Speech\EntitySystems\RatvarianLanguageSystem.cs(58,9): warning CS0618: "StatusEffectsSystem.TryAddStatusEffect<T>(EntityUid, string, TimeSpan, bool, StatusEffectsComponent?)" ╤П╨▓╨╗╤П╨╡╤В╤Б╤П ╤Г╤Б╤В╨░╤А╨╡╨▓╤И╨╕╨╝: 'Migration to Content.Shared.StatusEffectNew.StatusEffectsSystem is required' [D:\projects\night-city\Content.Server\Content.Server.csproj]
D:\projects\night-city\Content.Server\Revenant\EntitySystems\RevenantSystem.cs(197,9): warning CS0618: "StatusEffectsSystem.TryAddStatusEffect<T>(EntityUid, string, TimeSpan, bool, StatusEffectsComponent?)" ╤П╨▓╨╗╤П╨╡╤В╤Б╤П ╤Г╤Б╤В╨░╤А╨╡╨▓╤И╨╕╨╝: 'Migration to Content.Shared.StatusEffectNew.StatusEffectsSystem is required' [D:\projects\night-city\Content.Server\Content.Server.csproj]
D:\projects\night-city\Content.Server\Radio\EntitySystems\RadioSystem.cs(107,28): warning CS0618: "Component.Owner" ╤П╨▓╨╗╤П╨╡╤В╤Б╤П ╤Г╤Б╤В╨░╤А╨╡╨▓╤И╨╕╨╝: 'Update your API to allow accessing Owner through other means' [D:\projects\night-city\Content.Server\Content.Server.csproj]
D:\projects\night-city\Content.Server\Radio\EntitySystems\RadioSystem.cs(110,17): warning CS8073: ╨а╨╡╨╖╤Г╨╗╤М╤В╨░╤В ╨▓╤Л╤А╨░╨╢╨╡╨╜╨╕╤П ╨▓╤Б╨╡╨│╨┤╨░ ╤А╨░╨▓╨╡╨╜ "true", ╨┐╨╛╤Б╨║╨╛╨╗╤М╨║╤Г ╨╖╨╜╨░╤З╨╡╨╜╨╕╨╡ ╤В╨╕╨┐╨░ "EntityUid" ╨╜╨╕╨║╨╛╨│╨┤╨░ ╨╜╨╡ ╤А╨░╨▓╨╜╨╛ Null ╤В╨╕╨┐╨░ "EntityUid?" [D:\projects\night-city\Content.Server\Content.Server.csproj]
D:\projects\night-city\Content.Server\Radiation\Systems\RadiationSystem.Blockers.cs(117,23): warning CS0618: "MapGridComponent.TileIndicesFor(EntityCoordinates)" ╤П╨▓╨╗╤П╨╡╤В╤Б╤П ╤Г╤Б╤В╨░╤А╨╡╨▓╤И╨╕╨╝: 'Use the MapSystem method' [D:\projects\night-city\Content.Server\Content.Server.csproj]
D:\projects\night-city\Content.Server\_DV\CosmicCult\CosmicCultSystem.cs(208,13): warning CS0618: "StatusEffectsSystem.TryAddStatusEffect<T>(EntityUid, string, TimeSpan, bool, StatusEffectsComponent?)" ╤П╨▓╨╗╤П╨╡╤В╤Б╤П ╤Г╤Б╤В╨░╤А╨╡╨▓╤И╨╕╨╝: 'Migration to Content.Shared.StatusEffectNew.StatusEffectsSystem is required' [D:\projects\night-city\Content.Server\Content.Server.csproj]
D:\projects\night-city\Content.Server\_DV\CosmicCult\CosmicCultSystem.cs(214,13): warning CS0618: "StatusEffectsSystem.TryRemoveStatusEffect(EntityUid, string, StatusEffectsComponent?, bool)" ╤П╨▓╨╗╤П╨╡╤В╤Б╤П ╤Г╤Б╤В╨░╤А╨╡╨▓╤И╨╕╨╝: 'Migration to Content.Shared.StatusEffectNew.StatusEffectsSystem is required' [D:\projects\night-city\Content.Server\Content.Server.csproj]
D:\projects\night-city\Content.Server\_DV\CosmicCult\CosmicCultSystem.cs(220,13): warning CS0618: "StatusEffectsSystem.TryAddStatusEffect<T>(EntityUid, string, TimeSpan, bool, StatusEffectsComponent?)" ╤П╨▓╨╗╤П╨╡╤В╤Б╤П ╤Г╤Б╤В╨░╤А╨╡╨▓╤И╨╕╨╝: 'Migration to Content.Shared.StatusEffectNew.StatusEffectsSystem is required' [D:\projects\night-city\Content.Server\Content.Server.csproj]
D:\projects\night-city\Content.Server\_DV\CosmicCult\CosmicCultSystem.cs(228,13): warning CS0618: "StatusEffectsSystem.TryRemoveStatusEffect(EntityUid, string, StatusEffectsComponent?, bool)" ╤П╨▓╨╗╤П╨╡╤В╤Б╤П ╤Г╤Б╤В╨░╤А╨╡╨▓╤И╨╕╨╝: 'Migration to Content.Shared.StatusEffectNew.StatusEffectsSystem is required' [D:\projects\night-city\Content.Server\Content.Server.csproj]
D:\projects\night-city\Content.Server\Salvage\SalvageSystem.Magnet.cs(477,17): warning CS0612: "IMapManager.FindGridsIntersecting(MapId, Box2Rotated, bool, bool)" ╤П╨▓╨╗╤П╨╡╤В╤Б╤П ╤Г╤Б╤В╨░╤А╨╡╨▓╤И╨╕╨╝. [D:\projects\night-city\Content.Server\Content.Server.csproj]
D:\projects\night-city\Content.Server\Salvage\SalvageSystem.Runner.cs(91,13): warning CS0618: "IMapManager.GetMapEntityId(MapId)" ╤П╨▓╨╗╤П╨╡╤В╤Б╤П ╤Г╤Б╤В╨░╤А╨╡╨▓╤И╨╕╨╝: 'Use MapSystem' [D:\projects\night-city\Content.Server\Content.Server.csproj]
D:\projects\night-city\Content.Server\Administration\Systems\AdminSystem.cs(498,35): warning CS0618: "ResolvedSoundSpecifier.implicit operator ResolvedSoundSpecifier(string)" ╤П╨▓╨╗╤П╨╡╤В╤Б╤П ╤Г╤Б╤В╨░╤А╨╡╨▓╤И╨╕╨╝: 'String literals for sounds are deprecated, use a SoundSpecifier or ResolvedSoundSpecifier as appropriate instead' [D:\projects\night-city\Content.Server\Content.Server.csproj]
D:\projects\night-city\Content.Server\Procedural\DungeonSystem.Rooms.cs(140,30): warning CS0618: "IMapManager.GetMapEntityId(MapId)" ╤П╨▓╨╗╤П╨╡╤В╤Б╤П ╤Г╤Б╤В╨░╤А╨╡╨▓╤И╨╕╨╝: 'Use MapSystem' [D:\projects\night-city\Content.Server\Content.Server.csproj]
D:\projects\night-city\Content.Server\Polymorph\Systems\PolymorphSystem.cs(368,13): warning CS0618: "IComponent.Owner" ╤П╨▓╨╗╤П╨╡╤В╤Б╤П ╤Г╤Б╤В╨░╤А╨╡╨▓╤И╨╕╨╝: 'Update your API to allow accessing Owner through other means' [D:\projects\night-city\Content.Server\Content.Server.csproj]
D:\projects\night-city\Content.Server\Preferences\Managers\ServerPreferencesManager.cs(95,17): warning CS0618: "Logger.WarningS(string, string)" ╤П╨▓╨╗╤П╨╡╤В╤Б╤П ╤Г╤Б╤В╨░╤А╨╡╨▓╤И╨╕╨╝: 'Use ISawmill.Warning' [D:\projects\night-city\Content.Server\Content.Server.csproj]
D:\projects\night-city\Content.Server\Preferences\Managers\ServerPreferencesManager.cs(186,17): warning CS0618: "Logger.WarningS(string, string)" ╤П╨▓╨╗╤П╨╡╤В╤Б╤П ╤Г╤Б╤В╨░╤А╨╡╨▓╤И╨╕╨╝: 'Use ISawmill.Warning' [D:\projects\night-city\Content.Server\Content.Server.csproj]
D:\projects\night-city\Content.Server\ParticleAccelerator\EntitySystems\ParticleAcceleratorSystem.ControlBox.cs(237,39): warning CS0618: "ResolvedSoundSpecifier.implicit operator ResolvedSoundSpecifier(string)" ╤П╨▓╨╗╤П╨╡╤В╤Б╤П ╤Г╤Б╤В╨░╤А╨╡╨▓╤И╨╕╨╝: 'String literals for sounds are deprecated, use a SoundSpecifier or ResolvedSoundSpecifier as appropriate instead' [D:\projects\night-city\Content.Server\Content.Server.csproj]
D:\projects\night-city\Content.Server\Nuke\NukeSystem.cs(172,56): warning CS0618: "ResolvedSoundSpecifier.implicit operator ResolvedSoundSpecifier(string)" ╤П╨▓╨╗╤П╨╡╤В╤Б╤П ╤Г╤Б╤В╨░╤А╨╡╨▓╤И╨╕╨╝: 'String literals for sounds are deprecated, use a SoundSpecifier or ResolvedSoundSpecifier as appropriate instead' [D:\projects\night-city\Content.Server\Content.Server.csproj]
D:\projects\night-city\Content.Server\Nyanotrasen\Mail\MailSystem.cs(122,56): warning CS0618: "Component.Owner" ╤П╨▓╨╗╤П╨╡╤В╤Б╤П ╤Г╤Б╤В╨░╤А╨╡╨▓╤И╨╕╨╝: 'Update your API to allow accessing Owner through other means' [D:\projects\night-city\Content.Server\Content.Server.csproj]
D:\projects\night-city\Content.Server\Nyanotrasen\Mail\MailSystem.cs(132,27): warning CS0618: "Component.Owner" ╤П╨▓╨╗╤П╨╡╤В╤Б╤П ╤Г╤Б╤В╨░╤А╨╡╨▓╤И╨╕╨╝: 'Update your API to allow accessing Owner through other means' [D:\projects\night-city\Content.Server\Content.Server.csproj]
D:\projects\night-city\Content.Server\NodeContainer\Nodes\PortPipeNode.cs(30,29): warning CS0618: "MapGridComponent.TileIndicesFor(EntityCoordinates)" ╤П╨▓╨╗╤П╨╡╤В╤Б╤П ╤Г╤Б╤В╨░╤А╨╡╨▓╤И╨╕╨╝: 'Use the MapSystem method' [D:\projects\night-city\Content.Server\Content.Server.csproj]
D:\projects\night-city\Content.Server\NodeContainer\Nodes\PortablePipeNode.cs(30,29): warning CS0618: "MapGridComponent.TileIndicesFor(EntityCoordinates)" ╤П╨▓╨╗╤П╨╡╤В╤Б╤П ╤Г╤Б╤В╨░╤А╨╡╨▓╤И╨╕╨╝: 'Use the MapSystem method' [D:\projects\night-city\Content.Server\Content.Server.csproj]
D:\projects\night-city\Content.Server\NodeContainer\Nodes\PipeNode.cs(213,23): warning CS0618: "MapGridComponent.TileIndicesFor(EntityCoordinates)" ╤П╨▓╨╗╤П╨╡╤В╤Б╤П ╤Г╤Б╤В╨░╤А╨╡╨▓╤И╨╕╨╝: 'Use the MapSystem method' [D:\projects\night-city\Content.Server\Content.Server.csproj]
D:\projects\night-city\Content.Server\NodeContainer\Nodes\PipeNode.cs(254,36): warning CS0618: "MapGridComponent.GetAnchoredEntities(Vector2i)" ╤П╨▓╨╗╤П╨╡╤В╤Б╤П ╤Г╤Б╤В╨░╤А╨╡╨▓╤И╨╕╨╝: 'Use the MapSystem method' [D:\projects\night-city\Content.Server\Content.Server.csproj]
D:\projects\night-city\Content.Server\NodeContainer\Nodes\NodeHelpers.cs(26,39): warning CS0618: "MapGridComponent.GetAnchoredEntities(Vector2i)" ╤П╨▓╨╗╤П╨╡╤В╤Б╤П ╤Г╤Б╤В╨░╤А╨╡╨▓╤И╨╕╨╝: 'Use the MapSystem method' [D:\projects\night-city\Content.Server\Content.Server.csproj]
D:\projects\night-city\Content.Server\NodeContainer\Nodes\NodeHelpers.cs(64,37): warning CS0618: "MapGridComponent.GetAnchoredEntities(Vector2i)" ╤П╨▓╨╗╤П╨╡╤В╤Б╤П ╤Г╤Б╤В╨░╤А╨╡╨▓╤И╨╕╨╝: 'Use the MapSystem method' [D:\projects\night-city\Content.Server\Content.Server.csproj]
D:\projects\night-city\Content.Server\NodeContainer\Nodes\NodeHelpers.cs(68,33): warning CS0618: "MapGridComponent.GetAnchoredEntities(Vector2i)" ╤П╨▓╨╗╤П╨╡╤В╤Б╤П ╤Г╤Б╤В╨░╤А╨╡╨▓╤И╨╕╨╝: 'Use the MapSystem method' [D:\projects\night-city\Content.Server\Content.Server.csproj]
D:\projects\night-city\Content.Server\NodeContainer\Nodes\NodeHelpers.cs(71,33): warning CS0618: "MapGridComponent.GetAnchoredEntities(Vector2i)" ╤П╨▓╨╗╤П╨╡╤В╤Б╤П ╤Г╤Б╤В╨░╤А╨╡╨▓╤И╨╕╨╝: 'Use the MapSystem method' [D:\projects\night-city\Content.Server\Content.Server.csproj]
D:\projects\night-city\Content.Server\NodeContainer\Nodes\NodeHelpers.cs(74,33): warning CS0618: "MapGridComponent.GetAnchoredEntities(Vector2i)" ╤П╨▓╨╗╤П╨╡╤В╤Б╤П ╤Г╤Б╤В╨░╤А╨╡╨▓╤И╨╕╨╝: 'Use the MapSystem method' [D:\projects\night-city\Content.Server\Content.Server.csproj]
D:\projects\night-city\Content.Server\NodeContainer\Nodes\NodeHelpers.cs(77,33): warning CS0618: "MapGridComponent.GetAnchoredEntities(Vector2i)" ╤П╨▓╨╗╤П╨╡╤В╤Б╤П ╤Г╤Б╤В╨░╤А╨╡╨▓╤И╨╕╨╝: 'Use the MapSystem method' [D:\projects\night-city\Content.Server\Content.Server.csproj]
D:\projects\night-city\Content.Server\NodeContainer\Nodes\AdjacentNode.cs(43,29): warning CS0618: "MapGridComponent.TileIndicesFor(EntityCoordinates)" ╤П╨▓╨╗╤П╨╡╤В╤Б╤П ╤Г╤Б╤В╨░╤А╨╡╨▓╤И╨╕╨╝: 'Use the MapSystem method' [D:\projects\night-city\Content.Server\Content.Server.csproj]
D:\projects\night-city\Content.Server\Nyanotrasen\Mail\MailSystem.cs(606,53): warning CS0618: "Component.Owner" ╤П╨▓╨╗╤П╨╡╤В╤Б╤П ╤Г╤Б╤В╨░╤А╨╡╨▓╤И╨╕╨╝: 'Update your API to allow accessing Owner through other means' [D:\projects\night-city\Content.Server\Content.Server.csproj]
D:\projects\night-city\Content.Server\Nyanotrasen\Mail\MailSystem.cs(606,104): warning CS0618: "Component.Owner" ╤П╨▓╨╗╤П╨╡╤В╤Б╤П ╤Г╤Б╤В╨░╤А╨╡╨▓╤И╨╕╨╝: 'Update your API to allow accessing Owner through other means' [D:\projects\night-city\Content.Server\Content.Server.csproj]
D:\projects\night-city\Content.Server\Nuke\NukeSystem.cs(648,41): warning CS0618: "SharedAudioSystem.GetSound(SoundSpecifier)" ╤П╨▓╨╗╤П╨╡╤В╤Б╤П ╤Г╤Б╤В╨░╤А╨╡╨▓╤И╨╕╨╝: 'Use ResolveSound() and pass around resolved sound specifiers instead.' [D:\projects\night-city\Content.Server\Content.Server.csproj]
D:\projects\night-city\Content.Server\Nuke\NukeSystem.cs(648,41): warning CS0618: "ResolvedSoundSpecifier.implicit operator ResolvedSoundSpecifier(string)" ╤П╨▓╨╗╤П╨╡╤В╤Б╤П ╤Г╤Б╤В╨░╤А╨╡╨▓╤И╨╕╨╝: 'String literals for sounds are deprecated, use a SoundSpecifier or ResolvedSoundSpecifier as appropriate instead' [D:\projects\night-city\Content.Server\Content.Server.csproj]
D:\projects\night-city\Content.Server\Nyanotrasen\Mail\MailSystem.cs(628,45): warning CS0618: "Component.Owner" ╤П╨▓╨╗╤П╨╡╤В╤Б╤П ╤Г╤Б╤В╨░╤А╨╡╨▓╤И╨╕╨╝: 'Update your API to allow accessing Owner through other means' [D:\projects\night-city\Content.Server\Content.Server.csproj]
D:\projects\night-city\Content.Server\Nyanotrasen\Mail\MailSystem.cs(635,68): warning CS0618: "Component.Owner" ╤П╨▓╨╗╤П╨╡╤В╤Б╤П ╤Г╤Б╤В╨░╤А╨╡╨▓╤И╨╕╨╝: 'Update your API to allow accessing Owner through other means' [D:\projects\night-city\Content.Server\Content.Server.csproj]
D:\projects\night-city\Content.Server\MoMMI\MoMMILink.cs(65,17): warning CS0618: "Logger.WarningS(string, string)" ╤П╨▓╨╗╤П╨╡╤В╤Б╤П ╤Г╤Б╤В╨░╤А╨╡╨▓╤И╨╕╨╝: 'Use ISawmill.Warning' [D:\projects\night-city\Content.Server\Content.Server.csproj]
D:\projects\night-city\Content.Server\Administration\PlayerLocator.cs(130,13): warning CS0162: ╨Ю╨▒╨╜╨░╤А╤Г╨╢╨╡╨╜ ╨╜╨╡╨┤╨╛╤Б╤В╨╕╨╢╨╕╨╝╤Л╨╣ ╨║╨╛╨┤ [D:\projects\night-city\Content.Server\Content.Server.csproj]
D:\projects\night-city\Content.Server\Administration\Notes\UserNotesEui.cs(31,13): warning CS0618: "Logger.WarningS(string, string)" ╤П╨▓╨╗╤П╨╡╤В╤Б╤П ╤Г╤Б╤В╨░╤А╨╡╨▓╤И╨╕╨╝: 'Use ISawmill.Warning' [D:\projects\night-city\Content.Server\Content.Server.csproj]
D:\projects\night-city\Content.Server\Administration\Notes\UserNotesEui.cs(48,13): warning CS0618: "Logger.WarningS(string, string)" ╤П╨▓╨╗╤П╨╡╤В╤Б╤П ╤Г╤Б╤В╨░╤А╨╡╨▓╤И╨╕╨╝: 'Use ISawmill.Warning' [D:\projects\night-city\Content.Server\Content.Server.csproj]
D:\projects\night-city\Content.Server\Nyanotrasen\Mail\MailCommands.cs(127,75): warning CS0618: "Component.Owner" ╤П╨▓╨╗╤П╨╡╤В╤Б╤П ╤Г╤Б╤В╨░╤А╨╡╨▓╤И╨╕╨╝: 'Update your API to allow accessing Owner through other means' [D:\projects\night-city\Content.Server\Content.Server.csproj]
D:\projects\night-city\Content.Server\_Shitcode\Magic\ImmovableVoidRodSystem.cs(44,26): warning CS0618: "Component.Owner" ╤П╨▓╨╗╤П╨╡╤В╤Б╤П ╤Г╤Б╤В╨░╤А╨╡╨▓╤И╨╕╨╝: 'Update your API to allow accessing Owner through other means' [D:\projects\night-city\Content.Server\Content.Server.csproj]
D:\projects\night-city\Content.Server\_Shitcode\Magic\ImmovableVoidRodSystem.cs(53,27): warning CS0618: "MapGridComponent.GetTileRef(EntityCoordinates)" ╤П╨▓╨╗╤П╨╡╤В╤Б╤П ╤Г╤Б╤В╨░╤А╨╡╨▓╤И╨╕╨╝: 'Use the MapSystem method' [D:\projects\night-city\Content.Server\Content.Server.csproj]
D:\projects\night-city\Content.Server\_DV\CosmicCult\Abilities\CosmicSiphonSystem.cs(99,9): warning CS0618: "StatusEffectsSystem.TryAddStatusEffect<T>(EntityUid, string, TimeSpan, bool, StatusEffectsComponent?)" ╤П╨▓╨╗╤П╨╡╤В╤Б╤П ╤Г╤Б╤В╨░╤А╨╡╨▓╤И╨╕╨╝: 'Migration to Content.Shared.StatusEffectNew.StatusEffectsSystem is required' [D:\projects\night-city\Content.Server\Content.Server.csproj]
D:\projects\night-city\Content.Server\Light\EntitySystems\PoweredLightSystem.cs(448,13): warning CS0618: "TimerExtensions.SpawnTimer(EntityUid, TimeSpan, Action, CancellationToken)" ╤П╨▓╨╗╤П╨╡╤В╤Б╤П ╤Г╤Б╤В╨░╤А╨╡╨▓╤И╨╕╨╝: 'Use a system update loop instead' [D:\projects\night-city\Content.Server\Content.Server.csproj]
D:\projects\night-city\Content.Server\Maps\PlanetCommand.cs(56,14): warning CS0618: "IMapManager.MapExists(MapId?)" ╤П╨▓╨╗╤П╨╡╤В╤Б╤П ╤Г╤Б╤В╨░╤А╨╡╨▓╤И╨╕╨╝: 'Use MapSystem' [D:\projects\night-city\Content.Server\Content.Server.csproj]
D:\projects\night-city\Content.Server\Maps\PlanetCommand.cs(69,22): warning CS0618: "IMapManager.GetMapEntityId(MapId)" ╤П╨▓╨╗╤П╨╡╤В╤Б╤П ╤Г╤Б╤В╨░╤А╨╡╨▓╤И╨╕╨╝: 'Use MapSystem' [D:\projects\night-city\Content.Server\Content.Server.csproj]
D:\projects\night-city\Content.Server\Light\EntitySystems\MatchstickSystem.cs(114,13): warning CS0618: "TimerExtensions.SpawnTimer(EntityUid, int, Action, CancellationToken)" ╤П╨▓╨╗╤П╨╡╤В╤Б╤П ╤Г╤Б╤В╨░╤А╨╡╨▓╤И╨╕╨╝: 'Use a system update loop instead' [D:\projects\night-city\Content.Server\Content.Server.csproj]
D:\projects\night-city\Content.Server\Lube\LubedSystem.cs(48,42): warning CS9195: ╨Р╤А╨│╤Г╨╝╨╡╨╜╤В 1 ╨┤╨╛╨╗╨╢╨╡╨╜ ╨┐╨╡╤А╨╡╨┤╨░╨▓╨░╤В╤М╤Б╤П ╤Б ╨╕╤Б╨┐╨╛╨╗╤М╨╖╨╛╨▓╨░╨╜╨╕╨╡╨╝ ╨║╨╗╤О╤З╨╡╨▓╨╛╨│╨╛ ╤Б╨╗╨╛╨▓╨░ "in" [D:\projects\night-city\Content.Server\Content.Server.csproj]
D:\projects\night-city\Content.Server\Shuttles\Systems\EmergencyShuttleSystem.Console.cs(404,31): warning CS0618: "ResolvedSoundSpecifier.implicit operator ResolvedSoundSpecifier(string)" ╤П╨▓╨╗╤П╨╡╤В╤Б╤П ╤Г╤Б╤В╨░╤А╨╡╨▓╤И╨╕╨╝: 'String literals for sounds are deprecated, use a SoundSpecifier or ResolvedSoundSpecifier as appropriate instead' [D:\projects\night-city\Content.Server\Content.Server.csproj]
D:\projects\night-city\Content.Server\Shuttles\Systems\EmergencyShuttleSystem.Console.cs(508,27): warning CS0618: "ResolvedSoundSpecifier.implicit operator ResolvedSoundSpecifier(string)" ╤П╨▓╨╗╤П╨╡╤В╤Б╤П ╤Г╤Б╤В╨░╤А╨╡╨▓╤И╨╕╨╝: 'String literals for sounds are deprecated, use a SoundSpecifier or ResolvedSoundSpecifier as appropriate instead' [D:\projects\night-city\Content.Server\Content.Server.csproj]
D:\projects\night-city\Content.Server\_Shitcode\GameTicking\Rules\HereticRuleSystem.cs(129,35): warning CS0618: "Component.Owner" ╤П╨▓╨╗╤П╨╡╤В╤Б╤П ╤Г╤Б╤В╨░╤А╨╡╨▓╤И╨╕╨╝: 'Update your API to allow accessing Owner through other means' [D:\projects\night-city\Content.Server\Content.Server.csproj]
D:\projects\night-city\Content.Server\_Shitcode\GameTicking\Rules\HereticRuleSystem.cs(132,65): warning CS0618: "Component.Owner" ╤П╨▓╨╗╤П╨╡╤В╤Б╤П ╤Г╤Б╤В╨░╤А╨╡╨▓╤И╨╕╨╝: 'Update your API to allow accessing Owner through other means' [D:\projects\night-city\Content.Server\Content.Server.csproj]
D:\projects\night-city\Content.Server\Guardian\GuardianSystem.cs(414,35): warning CS0618: "EntityCoordinates.WithEntityId(EntityUid, IEntityManager?)" ╤П╨▓╨╗╤П╨╡╤В╤Б╤П ╤Г╤Б╤В╨░╤А╨╡╨▓╤И╨╕╨╝: 'Use SharedTransformSystem.WithEntityId()' [D:\projects\night-city\Content.Server\Content.Server.csproj]
D:\projects\night-city\Content.Server\Gateway\Systems\GatewayGeneratorSystem.cs(115,21): warning CS0618: "IMapManager.CreateMap(MapId?)" ╤П╨▓╨╗╤П╨╡╤В╤Б╤П ╤Г╤Б╤В╨░╤А╨╡╨▓╤И╨╕╨╝: 'Use MapSystem' [D:\projects\night-city\Content.Server\Content.Server.csproj]
D:\projects\night-city\Content.Server\Gateway\Systems\GatewayGeneratorSystem.cs(116,22): warning CS0618: "IMapManager.GetMapEntityId(MapId)" ╤П╨▓╨╗╤П╨╡╤В╤Б╤П ╤Г╤Б╤В╨░╤А╨╡╨▓╤И╨╕╨╝: 'Use MapSystem' [D:\projects\night-city\Content.Server\Content.Server.csproj]
D:\projects\night-city\Content.Server\GameTicking\Rules\ZombieRuleSystem.cs(210,31): warning CS0618: "ResolvedSoundSpecifier.implicit operator ResolvedSoundSpecifier(string)" ╤П╨▓╨╗╤П╨╡╤В╤Б╤П ╤Г╤Б╤В╨░╤А╨╡╨▓╤И╨╕╨╝: 'String literals for sounds are deprecated, use a SoundSpecifier or ResolvedSoundSpecifier as appropriate instead' [D:\projects\night-city\Content.Server\Content.Server.csproj]
D:\projects\night-city\Content.Server\EUI\EuiManager.cs(115,17): warning CS0618: "Logger.WarningS(string, string)" ╤П╨▓╨╗╤П╨╡╤В╤Б╤П ╤Г╤Б╤В╨░╤А╨╡╨▓╤И╨╕╨╝: 'Use ISawmill.Warning' [D:\projects\night-city\Content.Server\Content.Server.csproj]
D:\projects\night-city\Content.Server\Instruments\InstrumentComponent.cs(53,60): warning CS0618: "Component.Owner" ╤П╨▓╨╗╤П╨╡╤В╤Б╤П ╤Г╤Б╤В╨░╤А╨╡╨▓╤И╨╕╨╝: 'Update your API to allow accessing Owner through other means' [D:\projects\night-city\Content.Server\Content.Server.csproj]
D:\projects\night-city\Content.Server\Instruments\InstrumentComponent.cs(54,55): warning CS0618: "Component.Owner" ╤П╨▓╨╗╤П╨╡╤В╤Б╤П ╤Г╤Б╤В╨░╤А╨╡╨▓╤И╨╕╨╝: 'Update your API to allow accessing Owner through other means' [D:\projects\night-city\Content.Server\Content.Server.csproj]
D:\projects\night-city\Content.Server\Shuttles\Systems\EmergencyShuttleSystem.cs(409,31): warning CS0618: "ResolvedSoundSpecifier.implicit operator ResolvedSoundSpecifier(string)" ╤П╨▓╨╗╤П╨╡╤В╤Б╤П ╤Г╤Б╤В╨░╤А╨╡╨▓╤И╨╕╨╝: 'String literals for sounds are deprecated, use a SoundSpecifier or ResolvedSoundSpecifier as appropriate instead' [D:\projects\night-city\Content.Server\Content.Server.csproj]
D:\projects\night-city\Content.Server\Engineering\EntitySystems\SpawnAfterInteractSystem.cs(81,104): warning CS0618: "AwaitedDoAfterEvent" ╤П╨▓╨╗╤П╨╡╤В╤Б╤П ╤Г╤Б╤В╨░╤А╨╡╨▓╤И╨╕╨╝: 'Dont use async DoAfters' [D:\projects\night-city\Content.Server\Content.Server.csproj]
D:\projects\night-city\Content.Server\Engineering\EntitySystems\SpawnAfterInteractSystem.cs(85,36): warning CS0618: "SharedDoAfterSystem.WaitDoAfter(DoAfterArgs, DoAfterComponent?)" ╤П╨▓╨╗╤П╨╡╤В╤Б╤П ╤Г╤Б╤В╨░╤А╨╡╨▓╤И╨╕╨╝: 'Use the synchronous version instead.' [D:\projects\night-city\Content.Server\Content.Server.csproj]
D:\projects\night-city\Content.Server\Medical\BiomassReclaimer\BiomassReclaimerSystem.cs(238,40): warning CS0618: "ResolvedSoundSpecifier.implicit operator ResolvedSoundSpecifier(string)" ╤П╨▓╨╗╤П╨╡╤В╤Б╤П ╤Г╤Б╤В╨░╤А╨╡╨▓╤И╨╕╨╝: 'String literals for sounds are deprecated, use a SoundSpecifier or ResolvedSoundSpecifier as appropriate instead' [D:\projects\night-city\Content.Server\Content.Server.csproj]
D:\projects\night-city\Content.Server\Medical\BiomassReclaimer\BiomassReclaimerSystem.cs(298,17): warning CS8073: ╨а╨╡╨╖╤Г╨╗╤М╤В╨░╤В ╨▓╤Л╤А╨░╨╢╨╡╨╜╨╕╤П ╨▓╤Б╨╡╨│╨┤╨░ ╤А╨░╨▓╨╡╨╜ "false", ╨┐╨╛╤Б╨║╨╛╨╗╤М╨║╤Г ╨╖╨╜╨░╤З╨╡╨╜╨╕╨╡ ╤В╨╕╨┐╨░ "EntityUid" ╨╜╨╕╨║╨╛╨│╨┤╨░ ╨╜╨╡ ╤А╨░╨▓╨╜╨╛ Null ╤В╨╕╨┐╨░ "EntityUid?" [D:\projects\night-city\Content.Server\Content.Server.csproj]
D:\projects\night-city\Content.Server\Fax\FaxSystem.cs(475,52): warning CS9193: ╨Р╤А╨│╤Г╨╝╨╡╨╜╤В 1 ╨┤╨╛╨╗╨╢╨╡╨╜ ╨▒╤Л╤В╤М ╨┐╨╡╤А╨╡╨╝╨╡╨╜╨╜╨╛╨╣, ╤В╨░╨║ ╨║╨░╨║ ╨╛╨╜ ╨┐╨╡╤А╨╡╨┤╨░╨╡╤В╤Б╤П ╨┐╨░╤А╨░╨╝╨╡╤В╤А╤Г "ref readonly" [D:\projects\night-city\Content.Server\Content.Server.csproj]
D:\projects\night-city\Content.Server\Fax\FaxSystem.cs(475,70): warning CS9192: ╨Р╤А╨│╤Г╨╝╨╡╨╜╤В 2 ╨┤╨╛╨╗╨╢╨╡╨╜ ╨┐╨╡╤А╨╡╨┤╨░╨▓╨░╤В╤М╤Б╤П ╤Б ╨╕╤Б╨┐╨╛╨╗╤М╨╖╨╛╨▓╨░╨╜╨╕╨╡╨╝ ╨║╨╗╤О╤З╨╡╨▓╨╛╨│╨╛ ╤Б╨╗╨╛╨▓╨░ "ref" ╨╕╨╗╨╕ "in" [D:\projects\night-city\Content.Server\Content.Server.csproj]
D:\projects\night-city\Content.Server\Electrocution\ElectrocutionSystem.cs(477,14): warning CS0618: "StatusEffectsSystem.CanApplyEffect(EntityUid, string, StatusEffectsComponent?, bool)" ╤П╨▓╨╗╤П╨╡╤В╤Б╤П ╤Г╤Б╤В╨░╤А╨╡╨▓╤И╨╕╨╝: 'Migration to Content.Shared.StatusEffectNew.StatusEffectsSystem is required' [D:\projects\night-city\Content.Server\Content.Server.csproj]
D:\projects\night-city\Content.Server\Electrocution\ElectrocutionSystem.cs(482,14): warning CS0618: "StatusEffectsSystem.TryAddStatusEffect<T>(EntityUid, string, TimeSpan, bool, StatusEffectsComponent?)" ╤П╨▓╨╗╤П╨╡╤В╤Б╤П ╤Г╤Б╤В╨░╤А╨╡╨▓╤И╨╕╨╝: 'Migration to Content.Shared.StatusEffectNew.StatusEffectsSystem is required' [D:\projects\night-city\Content.Server\Content.Server.csproj]
D:\projects\night-city\Content.Server\Administration\Logs\AdminLogManager.Json.cs(75,41): warning CS0618: "IComponent.Owner" ╤П╨▓╨╗╤П╨╡╤В╤Б╤П ╤Г╤Б╤В╨░╤А╨╡╨▓╤И╨╕╨╝: 'Update your API to allow accessing Owner through other means' [D:\projects\night-city\Content.Server\Content.Server.csproj]
D:\projects\night-city\Content.Server\Electrocution\ElectrocuteCommand.cs(46,14): warning CS0618: "StatusEffectsSystem.CanApplyEffect(EntityUid, string, StatusEffectsComponent?, bool)" ╤П╨▓╨╗╤П╨╡╤В╤Б╤П ╤Г╤Б╤В╨░╤А╨╡╨▓╤И╨╕╨╝: 'Migration to Content.Shared.StatusEffectNew.StatusEffectsSystem is required' [D:\projects\night-city\Content.Server\Content.Server.csproj]
D:\projects\night-city\Content.Server\Dragon\DragonRiftSystem.cs(99,35): warning CS0618: "ResolvedSoundSpecifier.implicit operator ResolvedSoundSpecifier(string)" ╤П╨▓╨╗╤П╨╡╤В╤Б╤П ╤Г╤Б╤В╨░╤А╨╡╨▓╤И╨╕╨╝: 'String literals for sounds are deprecated, use a SoundSpecifier or ResolvedSoundSpecifier as appropriate instead' [D:\projects\night-city\Content.Server\Content.Server.csproj]
D:\projects\night-city\Content.Server\Fax\FaxSystem.cs(784,33): warning CS0618: "ResolvedSoundSpecifier.implicit operator ResolvedSoundSpecifier(string)" ╤П╨▓╨╗╤П╨╡╤В╤Б╤П ╤Г╤Б╤В╨░╤А╨╡╨▓╤И╨╕╨╝: 'String literals for sounds are deprecated, use a SoundSpecifier or ResolvedSoundSpecifier as appropriate instead' [D:\projects\night-city\Content.Server\Content.Server.csproj]
D:\projects\night-city\Content.Server\Explosion\EntitySystems\SmokeOnTriggerSystem.cs(56,14): warning CS0618: "MapGridComponent.TryGetTileRef(EntityCoordinates, out TileRef)" ╤П╨▓╨╗╤П╨╡╤В╤Б╤П ╤Г╤Б╤В╨░╤А╨╡╨▓╤И╨╕╨╝: 'Use the MapSystem method' [D:\projects\night-city\Content.Server\Content.Server.csproj]
D:\projects\night-city\Content.Server\Explosion\EntitySystems\SmokeOnTriggerSystem.cs(65,22): warning CS0618: "MapGridComponent.MapToGrid(MapCoordinates)" ╤П╨▓╨╗╤П╨╡╤В╤Б╤П ╤Г╤Б╤В╨░╤А╨╡╨▓╤И╨╕╨╝: 'Use the MapSystem method' [D:\projects\night-city\Content.Server\Content.Server.csproj]
D:\projects\night-city\Content.Server\Explosion\EntitySystems\ExplosionSystem.Processing.cs(905,67): warning CS0618: "Component.Owner" ╤П╨▓╨╗╤П╨╡╤В╤Б╤П ╤Г╤Б╤В╨░╤А╨╡╨▓╤И╨╕╨╝: 'Update your API to allow accessing Owner through other means' [D:\projects\night-city\Content.Server\Content.Server.csproj]
D:\projects\night-city\Content.Server\Explosion\EntitySystems\ExplosionSystem.Processing.cs(956,93): warning CS0618: "Component.Owner" ╤П╨▓╨╗╤П╨╡╤В╤Б╤П ╤Г╤Б╤В╨░╤А╨╡╨▓╤И╨╕╨╝: 'Update your API to allow accessing Owner through other means' [D:\projects\night-city\Content.Server\Content.Server.csproj]
D:\projects\night-city\Content.Server\Explosion\EntitySystems\ExplosionSystem.Processing.cs(1012,17): warning CS0618: "MapGridComponent.TryGetTileRef(Vector2i, out TileRef)" ╤П╨▓╨╗╤П╨╡╤В╤Б╤П ╤Г╤Б╤В╨░╤А╨╡╨▓╤И╨╕╨╝: 'Use the MapSystem method' [D:\projects\night-city\Content.Server\Content.Server.csproj]
D:\projects\night-city\Content.Server\Explosion\EntitySystems\ExplosionSystem.Processing.cs(1024,22): warning CS0618: "Component.Owner" ╤П╨▓╨╗╤П╨╡╤В╤Б╤П ╤Г╤Б╤В╨░╤А╨╡╨▓╤И╨╕╨╝: 'Update your API to allow accessing Owner through other means' [D:\projects\night-city\Content.Server\Content.Server.csproj]
D:\projects\night-city\Content.Server\Explosion\EntitySystems\ExplosionSystem.Processing.cs(1073,56): warning CS0618: "Component.Owner" ╤П╨▓╨╗╤П╨╡╤В╤Б╤П ╤Г╤Б╤В╨░╤А╨╡╨▓╤И╨╕╨╝: 'Update your API to allow accessing Owner through other means' [D:\projects\night-city\Content.Server\Content.Server.csproj]
D:\projects\night-city\Content.Server\Explosion\EntitySystems\ExplosionSystem.Processing.cs(1075,37): warning CS0618: "Component.Owner" ╤П╨▓╨╗╤П╨╡╤В╤Б╤П ╤Г╤Б╤В╨░╤А╨╡╨▓╤И╨╕╨╝: 'Update your API to allow accessing Owner through other means' [D:\projects\night-city\Content.Server\Content.Server.csproj]
D:\projects\night-city\Content.Server\Atmos\Serialization\TileAtmosCollectionSerializer.cs(61,25): warning CS0618: "Logger.Error(string)" ╤П╨▓╨╗╤П╨╡╤В╤Б╤П ╤Г╤Б╤В╨░╤А╨╡╨▓╤И╨╕╨╝: 'Use ISawmill.Error' [D:\projects\night-city\Content.Server\Content.Server.csproj]
D:\projects\night-city\Content.Server\Atmos\Serialization\TileAtmosCollectionSerializer.cs(104,37): warning CS0618: "Logger.Error(string)" ╤П╨▓╨╗╤П╨╡╤В╤Б╤П ╤Г╤Б╤В╨░╤А╨╡╨▓╤И╨╕╨╝: 'Use ISawmill.Error' [D:\projects\night-city\Content.Server\Content.Server.csproj]
D:\projects\night-city\Content.Server\Administration\Commands\RoleBanCommand.cs(44,13): warning CS0618: "Logger.WarningS(string, string)" ╤П╨▓╨╗╤П╨╡╤В╤Б╤П ╤Г╤Б╤В╨░╤А╨╡╨▓╤И╨╕╨╝: 'Use ISawmill.Warning' [D:\projects\night-city\Content.Server\Content.Server.csproj]
D:\projects\night-city\Content.Server\Power\Nodes\CableTerminalPortNode.cs(36,29): warning CS0618: "MapGridComponent.TileIndicesFor(EntityCoordinates)" ╤П╨▓╨╗╤П╨╡╤В╤Б╤П ╤Г╤Б╤В╨░╤А╨╡╨▓╤И╨╕╨╝: 'Use the MapSystem method' [D:\projects\night-city\Content.Server\Content.Server.csproj]
D:\projects\night-city\Content.Server\Power\NodeGroups\PowerNet.cs(69,77): warning CS0618: "Component.Owner" ╤П╨▓╨╗╤П╨╡╤В╤Б╤П ╤Г╤Б╤В╨░╤А╨╡╨▓╤И╨╕╨╝: 'Update your API to allow accessing Owner through other means' [D:\projects\night-city\Content.Server\Content.Server.csproj]
D:\projects\night-city\Content.Server\Power\NodeGroups\PowerNet.cs(82,40): warning CS0618: "Component.Owner" ╤П╨▓╨╗╤П╨╡╤В╤Б╤П ╤Г╤Б╤В╨░╤А╨╡╨▓╤И╨╕╨╝: 'Update your API to allow accessing Owner through other means' [D:\projects\night-city\Content.Server\Content.Server.csproj]
D:\projects\night-city\Content.Server\Power\Nodes\CableTerminalNode.cs(36,29): warning CS0618: "MapGridComponent.TileIndicesFor(EntityCoordinates)" ╤П╨▓╨╗╤П╨╡╤В╤Б╤П ╤Г╤Б╤В╨░╤А╨╡╨▓╤И╨╕╨╝: 'Use the MapSystem method' [D:\projects\night-city\Content.Server\Content.Server.csproj]
D:\projects\night-city\Content.Server\Power\Nodes\CableNode.cs(35,29): warning CS0618: "MapGridComponent.TileIndicesFor(EntityCoordinates)" ╤П╨▓╨╗╤П╨╡╤В╤Б╤П ╤Г╤Б╤В╨░╤А╨╡╨▓╤И╨╕╨╝: 'Use the MapSystem method' [D:\projects\night-city\Content.Server\Content.Server.csproj]
D:\projects\night-city\Content.Server\Power\Nodes\CableDeviceNode.cs(57,29): warning CS0618: "MapGridComponent.TileIndicesFor(EntityCoordinates)" ╤П╨▓╨╗╤П╨╡╤В╤Б╤П ╤Г╤Б╤В╨░╤А╨╡╨▓╤И╨╕╨╝: 'Use the MapSystem method' [D:\projects\night-city\Content.Server\Content.Server.csproj]
D:\projects\night-city\Content.Server\Explosion\EntitySystems\ExplosionSystem.GridMap.cs(395,18): warning CS0618: "MapGridComponent.TryGetTileRef(Vector2i, out TileRef)" ╤П╨▓╨╗╤П╨╡╤В╤Б╤П ╤Г╤Б╤В╨░╤А╨╡╨▓╤И╨╕╨╝: 'Use the MapSystem method' [D:\projects\night-city\Content.Server\Content.Server.csproj]
D:\projects\night-city\Content.Server\Power\EntitySystems\PowerReceiverSystem.cs(132,31): warning CS0618: "Component.Owner" ╤П╨▓╨╗╤П╨╡╤В╤Б╤П ╤Г╤Б╤В╨░╤А╨╡╨▓╤И╨╕╨╝: 'Update your API to allow accessing Owner through other means' [D:\projects\night-city\Content.Server\Content.Server.csproj]
D:\projects\night-city\Content.Server\Explosion\EntitySystems\ExplosionSystem.Processing.cs(435,55): warning CS0618: "Component.Owner" ╤П╨▓╨╗╤П╨╡╤В╤Б╤П ╤Г╤Б╤В╨░╤А╨╡╨▓╤И╨╕╨╝: 'Update your API to allow accessing Owner through other means' [D:\projects\night-city\Content.Server\Content.Server.csproj]
D:\projects\night-city\Content.Server\_Shitcode\Heretic\EntitySystems\PathSpecific\VoidCurseSystem.cs(59,9): warning CS0618: "StatusEffectsSystem.TryAddStatusEffect<T>(EntityUid, string, TimeSpan, bool, StatusEffectsComponent?)" ╤П╨▓╨╗╤П╨╡╤В╤Б╤П ╤Г╤Б╤В╨░╤А╨╡╨▓╤И╨╕╨╝: 'Migration to Content.Shared.StatusEffectNew.StatusEffectsSystem is required' [D:\projects\night-city\Content.Server\Content.Server.csproj]
D:\projects\night-city\Content.Server\Chemistry\TileReactions\CleanTileReaction.cs(146,29): warning CS0618: "SharedSolutionContainerSystem.SplitSolutionWithout(Entity<SolutionComponent>, FixedPoint2, params string[])" ╤П╨▓╨╗╤П╨╡╤В╤Б╤П ╤Г╤Б╤В╨░╤А╨╡╨▓╤И╨╕╨╝: 'Use SplitSolutionWithout with params ProtoId<ReagentPrototype>' [D:\projects\night-city\Content.Server\Content.Server.csproj]
D:\projects\night-city\Content.Server\_Shitcode\Heretic\EntitySystems\HereticCombatMarkSystem.cs(185,25): warning CS0618: "Component.Owner" ╤П╨▓╨╗╤П╨╡╤В╤Б╤П ╤Г╤Б╤В╨░╤А╨╡╨▓╤И╨╕╨╝: 'Update your API to allow accessing Owner through other means' [D:\projects\night-city\Content.Server\Content.Server.csproj]
D:\projects\night-city\Content.Server\Power\Components\PowerMonitoringDeviceComponent.cs(67,51): warning CS0618: "Component.Owner" ╤П╨▓╨╗╤П╨╡╤В╤Б╤П ╤Г╤Б╤В╨░╤А╨╡╨▓╤И╨╕╨╝: 'Update your API to allow accessing Owner through other means' [D:\projects\night-city\Content.Server\Content.Server.csproj]
D:\projects\night-city\Content.Server\Power\NodeGroups\PowerNet.cs(98,77): warning CS0618: "Component.Owner" ╤П╨▓╨╗╤П╨╡╤В╤Б╤П ╤Г╤Б╤В╨░╤А╨╡╨▓╤И╨╕╨╝: 'Update your API to allow accessing Owner through other means' [D:\projects\night-city\Content.Server\Content.Server.csproj]
D:\projects\night-city\Content.Server\Power\NodeGroups\PowerNet.cs(111,40): warning CS0618: "Component.Owner" ╤П╨▓╨╗╤П╨╡╤В╤Б╤П ╤Г╤Б╤В╨░╤А╨╡╨▓╤И╨╕╨╝: 'Update your API to allow accessing Owner through other means' [D:\projects\night-city\Content.Server\Content.Server.csproj]
D:\projects\night-city\Content.Server\_Shitcode\Heretic\EntitySystems\CarvingKnifeSystem.cs(132,9): warning CS0618: "StatusEffectsSystem.TryAddStatusEffect<T>(EntityUid, string, TimeSpan, bool, StatusEffectsComponent?)" ╤П╨▓╨╗╤П╨╡╤В╤Б╤П ╤Г╤Б╤В╨░╤А╨╡╨▓╤И╨╕╨╝: 'Migration to Content.Shared.StatusEffectNew.StatusEffectsSystem is required' [D:\projects\night-city\Content.Server\Content.Server.csproj]
D:\projects\night-city\Content.Server\_Shitcode\Heretic\EntitySystems\CarvingKnifeSystem.cs(138,9): warning CS0618: "StatusEffectsSystem.TryAddStatusEffect<T>(EntityUid, string, TimeSpan, bool, StatusEffectsComponent?)" ╤П╨▓╨╗╤П╨╡╤В╤Б╤П ╤Г╤Б╤В╨░╤А╨╡╨▓╤И╨╕╨╝: 'Migration to Content.Shared.StatusEffectNew.StatusEffectsSystem is required' [D:\projects\night-city\Content.Server\Content.Server.csproj]
D:\projects\night-city\Content.Server\DeviceNetwork\Systems\DeviceNetworkSystem.cs(378,21): warning CS0618: "Component.Owner" ╤П╨▓╨╗╤П╨╡╤В╤Б╤П ╤Г╤Б╤В╨░╤А╨╡╨▓╤И╨╕╨╝: 'Update your API to allow accessing Owner through other means' [D:\projects\night-city\Content.Server\Content.Server.csproj]
D:\projects\night-city\Content.Server\DeviceNetwork\Systems\DeviceNetworkSystem.cs(382,33): warning CS0618: "Component.Owner" ╤П╨▓╨╗╤П╨╡╤В╤Б╤П ╤Г╤Б╤В╨░╤А╨╡╨▓╤И╨╕╨╝: 'Update your API to allow accessing Owner through other means' [D:\projects\night-city\Content.Server\Content.Server.csproj]
D:\projects\night-city\Content.Server\DeviceNetwork\Systems\DeviceNetworkSystem.cs(385,37): warning CS0618: "Component.Owner" ╤П╨▓╨╗╤П╨╡╤В╤Б╤П ╤Г╤Б╤В╨░╤А╨╡╨▓╤И╨╕╨╝: 'Update your API to allow accessing Owner through other means' [D:\projects\night-city\Content.Server\Content.Server.csproj]
D:\projects\night-city\Content.Server\_Shitcode\Heretic\Abilities\HereticAbilitySystem.Ash.cs(128,9): warning CS4014: ╨Я╨╛╤Б╨║╨╛╨╗╤М╨║╤Г ╤Н╤В╨╛╤В ╨▓╤Л╨╖╨╛╨▓ ╨╜╨╡ ╨╛╨╢╨╕╨┤╨░╨╡╤В╤Б╤П, ╨▓╤Л╨┐╨╛╨╗╨╜╨╡╨╜╨╕╨╡ ╤В╨╡╨║╤Г╤Й╨╡╨│╨╛ ╨╝╨╡╤В╨╛╨┤╨░ ╨┐╤А╨╛╨┤╨╛╨╗╨╢╨░╨╡╤В╤Б╤П ╨┤╨╛ ╨╖╨░╨▓╨╡╤А╤И╨╡╨╜╨╕╤П ╨▓╤Л╨╖╨╛╨▓╨░. ╨Я╨╛╨┐╤А╨╛╨▒╤Г╨╣╤В╨╡ ╨┐╤А╨╕╨╝╨╡╨╜╨╕╤В╤М ╨╛╨┐╨╡╤А╨░╤В╨╛╤А await ╨║ ╤А╨╡╨╖╤Г╨╗╤М╤В╨░╤В╤Г ╨▓╤Л╨╖╨╛╨▓╨░. [D:\projects\night-city\Content.Server\Content.Server.csproj]
D:\projects\night-city\Content.Server\DeviceNetwork\Systems\DeviceListSystem.cs(165,44): warning CS0618: "Component.Owner" ╤П╨▓╨╗╤П╨╡╤В╤Б╤П ╤Г╤Б╤В╨░╤А╨╡╨▓╤И╨╕╨╝: 'Update your API to allow accessing Owner through other means' [D:\projects\night-city\Content.Server\Content.Server.csproj]
D:\projects\night-city\Content.Server\Power\EntitySystems\PowerNetSystem.cs(547,60): warning CS0618: "Component.Owner" ╤П╨▓╨╗╤П╨╡╤В╤Б╤П ╤Г╤Б╤В╨░╤А╨╡╨▓╤И╨╕╨╝: 'Update your API to allow accessing Owner through other means' [D:\projects\night-city\Content.Server\Content.Server.csproj]
D:\projects\night-city\Content.Server\Power\EntitySystems\PowerNetSystem.cs(568,57): warning CS0618: "Component.Owner" ╤П╨▓╨╗╤П╨╡╤В╤Б╤П ╤Г╤Б╤В╨░╤А╨╡╨▓╤И╨╕╨╝: 'Update your API to allow accessing Owner through other means' [D:\projects\night-city\Content.Server\Content.Server.csproj]
D:\projects\night-city\Content.Server\Power\EntitySystems\PowerNetSystem.cs(575,57): warning CS0618: "Component.Owner" ╤П╨▓╨╗╤П╨╡╤В╤Б╤П ╤Г╤Б╤В╨░╤А╨╡╨▓╤И╨╕╨╝: 'Update your API to allow accessing Owner through other means' [D:\projects\night-city\Content.Server\Content.Server.csproj]
D:\projects\night-city\Content.Server\Power\Generation\Teg\TegNodeGroup.cs(197,25): warning CS0618: "MapGridComponent.TileIndicesFor(EntityCoordinates)" ╤П╨▓╨╗╤П╨╡╤В╤Б╤П ╤Г╤Б╤В╨░╤А╨╡╨▓╤И╨╕╨╝: 'Use the MapSystem method' [D:\projects\night-city\Content.Server\Content.Server.csproj]
D:\projects\night-city\Content.Server\Connection\ConnectionManager.cs(531,29): warning CS0618: "EntitySystem.TryGet<T>(out T?)" ╤П╨▓╨╗╤П╨╡╤В╤Б╤П ╤Г╤Б╤В╨░╤А╨╡╨▓╤И╨╕╨╝: 'Either use a dependency, resolve and cache IEntityManager manually, or use EntityManager.System<T>()' [D:\projects\night-city\Content.Server\Content.Server.csproj]
D:\projects\night-city\Content.Server\_Shitcode\Heretic\EntitySystems\FeastOfOwlsSystem.cs(72,13): warning CS0618: "StatusEffectsSystem.TryRemoveStatusEffect(EntityUid, string, StatusEffectsComponent?, bool)" ╤П╨▓╨╗╤П╨╡╤В╤Б╤П ╤Г╤Б╤В╨░╤А╨╡╨▓╤И╨╕╨╝: 'Migration to Content.Shared.StatusEffectNew.StatusEffectsSystem is required' [D:\projects\night-city\Content.Server\Content.Server.csproj]
D:\projects\night-city\Content.Server\_Shitcode\Heretic\EntitySystems\FeastOfOwlsSystem.cs(73,13): warning CS0618: "StatusEffectsSystem.TryRemoveStatusEffect(EntityUid, string, StatusEffectsComponent?, bool)" ╤П╨▓╨╗╤П╨╡╤В╤Б╤П ╤Г╤Б╤В╨░╤А╨╡╨▓╤И╨╕╨╝: 'Migration to Content.Shared.StatusEffectNew.StatusEffectsSystem is required' [D:\projects\night-city\Content.Server\Content.Server.csproj]
D:\projects\night-city\Content.Server\Power\Generation\Teg\TegNodeGroup.cs(145,25): warning CS0618: "MapGridComponent.TileIndicesFor(EntityCoordinates)" ╤П╨▓╨╗╤П╨╡╤В╤Б╤П ╤Г╤Б╤В╨░╤А╨╡╨▓╤И╨╕╨╝: 'Use the MapSystem method' [D:\projects\night-city\Content.Server\Content.Server.csproj]
D:\projects\night-city\Content.Server\_Shitcode\Heretic\Abilities\HereticAbilitySystem.Blade.cs(53,9): warning CS0618: "StatusEffectsSystem.TryRemoveStatusEffect(EntityUid, string, StatusEffectsComponent?, bool)" ╤П╨▓╨╗╤П╨╡╤В╤Б╤П ╤Г╤Б╤В╨░╤А╨╡╨▓╤И╨╕╨╝: 'Migration to Content.Shared.StatusEffectNew.StatusEffectsSystem is required' [D:\projects\night-city\Content.Server\Content.Server.csproj]
D:\projects\night-city\Content.Server\_Shitcode\Heretic\Abilities\HereticAbilitySystem.Blade.cs(54,9): warning CS0618: "StatusEffectsSystem.TryRemoveStatusEffect(EntityUid, string, StatusEffectsComponent?, bool)" ╤П╨▓╨╗╤П╨╡╤В╤Б╤П ╤Г╤Б╤В╨░╤А╨╡╨▓╤И╨╕╨╝: 'Migration to Content.Shared.StatusEffectNew.StatusEffectsSystem is required' [D:\projects\night-city\Content.Server\Content.Server.csproj]
D:\projects\night-city\Content.Server\_Shitcode\Heretic\Abilities\HereticAbilitySystem.Blade.cs(55,9): warning CS0618: "StatusEffectsSystem.TryRemoveStatusEffect(EntityUid, string, StatusEffectsComponent?, bool)" ╤П╨▓╨╗╤П╨╡╤В╤Б╤П ╤Г╤Б╤В╨░╤А╨╡╨▓╤И╨╕╨╝: 'Migration to Content.Shared.StatusEffectNew.StatusEffectsSystem is required' [D:\projects\night-city\Content.Server\Content.Server.csproj]
D:\projects\night-city\Content.Server\_Shitcode\Heretic\Abilities\HereticAbilitySystem.Blade.cs(56,9): warning CS0618: "StatusEffectsSystem.TryRemoveStatusEffect(EntityUid, string, StatusEffectsComponent?, bool)" ╤П╨▓╨╗╤П╨╡╤В╤Б╤П ╤Г╤Б╤В╨░╤А╨╡╨▓╤И╨╕╨╝: 'Migration to Content.Shared.StatusEffectNew.StatusEffectsSystem is required' [D:\projects\night-city\Content.Server\Content.Server.csproj]
D:\projects\night-city\Content.Server\_Shitcode\Heretic\Abilities\HereticAbilitySystem.Blade.cs(70,13): warning CS0618: "StatusEffectsSystem.TryAddStatusEffect<T>(EntityUid, string, TimeSpan, bool, StatusEffectsComponent?)" ╤П╨▓╨╗╤П╨╡╤В╤Б╤П ╤Г╤Б╤В╨░╤А╨╡╨▓╤И╨╕╨╝: 'Migration to Content.Shared.StatusEffectNew.StatusEffectsSystem is required' [D:\projects\night-city\Content.Server\Content.Server.csproj]
D:\projects\night-city\Content.Server\_Shitcode\Heretic\Abilities\HereticAbilitySystem.Blade.cs(71,13): warning CS0618: "StatusEffectsSystem.TryAddStatusEffect<T>(EntityUid, string, TimeSpan, bool, StatusEffectsComponent?)" ╤П╨▓╨╗╤П╨╡╤В╤Б╤П ╤Г╤Б╤В╨░╤А╨╡╨▓╤И╨╕╨╝: 'Migration to Content.Shared.StatusEffectNew.StatusEffectsSystem is required' [D:\projects\night-city\Content.Server\Content.Server.csproj]
D:\projects\night-city\Content.Server\Construction\ConstructionSystem.Graph.cs(391,13): warning CS0618: "TransformComponent.Anchored.set" ╤П╨▓╨╗╤П╨╡╤В╤Б╤П ╤Г╤Б╤В╨░╤А╨╡╨▓╤И╨╕╨╝: 'Use the SharedTransformSystem.AnchorEntity/Unanchor methods instead.' [D:\projects\night-city\Content.Server\Content.Server.csproj]
D:\projects\night-city\Content.Server\Explosion\EntitySystems\ExplosionSystem.Visuals.cs(122,28): warning CS0618: "Component.Owner" ╤П╨▓╨╗╤П╨╡╤В╤Б╤П ╤Г╤Б╤В╨░╤А╨╡╨▓╤И╨╕╨╝: 'Update your API to allow accessing Owner through other means' [D:\projects\night-city\Content.Server\Content.Server.csproj]
D:\projects\night-city\Content.Server\Explosion\EntitySystems\ExplosionGridTileFlood.cs(82,30): warning CS0618: "Component.Owner" ╤П╨▓╨╗╤П╨╡╤В╤Б╤П ╤Г╤Б╤В╨░╤А╨╡╨▓╤И╨╕╨╝: 'Update your API to allow accessing Owner through other means' [D:\projects\night-city\Content.Server\Content.Server.csproj]
D:\projects\night-city\Content.Server\Explosion\EntitySystems\ExplosionGridTileFlood.cs(89,72): warning CS0618: "Component.Owner" ╤П╨▓╨╗╤П╨╡╤В╤Б╤П ╤Г╤Б╤В╨░╤А╨╡╨▓╤И╨╕╨╝: 'Update your API to allow accessing Owner through other means' [D:\projects\night-city\Content.Server\Content.Server.csproj]
D:\projects\night-city\Content.Server\Power\EntitySystems\PowerMonitoringConsoleSystem.cs(551,23): warning CS0618: "Component.Owner" ╤П╨▓╨╗╤П╨╡╤В╤Б╤П ╤Г╤Б╤В╨░╤А╨╡╨▓╤И╨╕╨╝: 'Update your API to allow accessing Owner through other means' [D:\projects\night-city\Content.Server\Content.Server.csproj]
D:\projects\night-city\Content.Server\Power\EntitySystems\PowerMonitoringConsoleSystem.cs(578,23): warning CS0618: "Component.Owner" ╤П╨▓╨╗╤П╨╡╤В╤Б╤П ╤Г╤Б╤В╨░╤А╨╡╨▓╤И╨╕╨╝: 'Update your API to allow accessing Owner through other means' [D:\projects\night-city\Content.Server\Content.Server.csproj]
D:\projects\night-city\Content.Server\Power\EntitySystems\PowerMonitoringConsoleSystem.cs(616,23): warning CS0618: "Component.Owner" ╤П╨▓╨╗╤П╨╡╤В╤Б╤П ╤Г╤Б╤В╨░╤А╨╡╨▓╤И╨╕╨╝: 'Update your API to allow accessing Owner through other means' [D:\projects\night-city\Content.Server\Content.Server.csproj]
D:\projects\night-city\Content.Server\Power\EntitySystems\PowerMonitoringConsoleSystem.cs(665,23): warning CS0618: "Component.Owner" ╤П╨▓╨╗╤П╨╡╤В╤Б╤П ╤Г╤Б╤В╨░╤А╨╡╨▓╤И╨╕╨╝: 'Update your API to allow accessing Owner through other means' [D:\projects\night-city\Content.Server\Content.Server.csproj]
D:\projects\night-city\Content.Server\Power\EntitySystems\PowerMonitoringConsoleSystem.cs(692,23): warning CS0618: "Component.Owner" ╤П╨▓╨╗╤П╨╡╤В╤Б╤П ╤Г╤Б╤В╨░╤А╨╡╨▓╤И╨╕╨╝: 'Update your API to allow accessing Owner through other means' [D:\projects\night-city\Content.Server\Content.Server.csproj]
D:\projects\night-city\Content.Server\Cloning\CloningConsoleSystem.cs(270,25): warning CS0162: ╨Ю╨▒╨╜╨░╤А╤Г╨╢╨╡╨╜ ╨╜╨╡╨┤╨╛╤Б╤В╨╕╨╢╨╕╨╝╤Л╨╣ ╨║╨╛╨┤ [D:\projects\night-city\Content.Server\Content.Server.csproj]
D:\projects\night-city\Content.Server\Station\Systems\StationBiomeSystem.cs(37,22): warning CS0618: "IMapManager.GetMapEntityId(MapId)" ╤П╨▓╨╗╤П╨╡╤В╤Б╤П ╤Г╤Б╤В╨░╤А╨╡╨▓╤И╨╕╨╝: 'Use MapSystem' [D:\projects\night-city\Content.Server\Content.Server.csproj]
D:\projects\night-city\Content.Server\_Shitcode\Heretic\Abilities\HereticAbilitySystem.cs(563,17): warning CS0618: "StatusEffectsSystem.TryRemoveTime(EntityUid, string, TimeSpan, StatusEffectsComponent?)" ╤П╨▓╨╗╤П╨╡╤В╤Б╤П ╤Г╤Б╤В╨░╤А╨╡╨▓╤И╨╕╨╝: 'Migration to Content.Shared.StatusEffectNew.StatusEffectsSystem is required' [D:\projects\night-city\Content.Server\Content.Server.csproj]
D:\projects\night-city\Content.Server\_Shitcode\Heretic\Abilities\HereticAbilitySystem.cs(564,17): warning CS0618: "StatusEffectsSystem.TryRemoveTime(EntityUid, string, TimeSpan, StatusEffectsComponent?)" ╤П╨▓╨╗╤П╨╡╤В╤Б╤П ╤Г╤Б╤В╨░╤А╨╡╨▓╤И╨╕╨╝: 'Migration to Content.Shared.StatusEffectNew.StatusEffectsSystem is required' [D:\projects\night-city\Content.Server\Content.Server.csproj]
D:\projects\night-city\Content.Server\_Shitcode\Heretic\Abilities\HereticAbilitySystem.cs(566,17): warning CS0618: "StatusEffectsSystem.TryRemoveStatusEffect(EntityUid, string, StatusEffectsComponent?, bool)" ╤П╨▓╨╗╤П╨╡╤В╤Б╤П ╤Г╤Б╤В╨░╤А╨╡╨▓╤И╨╕╨╝: 'Migration to Content.Shared.StatusEffectNew.StatusEffectsSystem is required' [D:\projects\night-city\Content.Server\Content.Server.csproj]
D:\projects\night-city\Content.Server\_Shitcode\Heretic\Abilities\HereticAbilitySystem.cs(567,17): warning CS0618: "StatusEffectsSystem.TryRemoveStatusEffect(EntityUid, string, StatusEffectsComponent?, bool)" ╤П╨▓╨╗╤П╨╡╤В╤Б╤П ╤Г╤Б╤В╨░╤А╨╡╨▓╤И╨╕╨╝: 'Migration to Content.Shared.StatusEffectNew.StatusEffectsSystem is required' [D:\projects\night-city\Content.Server\Content.Server.csproj]
D:\projects\night-city\Content.Server\_Shitcode\Heretic\Abilities\HereticAbilitySystem.cs(568,17): warning CS0618: "StatusEffectsSystem.TryRemoveStatusEffect(EntityUid, string, StatusEffectsComponent?, bool)" ╤П╨▓╨╗╤П╨╡╤В╤Б╤П ╤Г╤Б╤В╨░╤А╨╡╨▓╤И╨╕╨╝: 'Migration to Content.Shared.StatusEffectNew.StatusEffectsSystem is required' [D:\projects\night-city\Content.Server\Content.Server.csproj]
D:\projects\night-city\Content.Server\_Shitcode\Heretic\Abilities\HereticAbilitySystem.cs(569,17): warning CS0618: "StatusEffectsSystem.TryRemoveStatusEffect(EntityUid, string, StatusEffectsComponent?, bool)" ╤П╨▓╨╗╤П╨╡╤В╤Б╤П ╤Г╤Б╤В╨░╤А╨╡╨▓╤И╨╕╨╝: 'Migration to Content.Shared.StatusEffectNew.StatusEffectsSystem is required' [D:\projects\night-city\Content.Server\Content.Server.csproj]
D:\projects\night-city\Content.Server\_Shitcode\Heretic\Abilities\HereticAbilitySystem.cs(570,17): warning CS0618: "StatusEffectsSystem.TryRemoveStatusEffect(EntityUid, string, StatusEffectsComponent?, bool)" ╤П╨▓╨╗╤П╨╡╤В╤Б╤П ╤Г╤Б╤В╨░╤А╨╡╨▓╤И╨╕╨╝: 'Migration to Content.Shared.StatusEffectNew.StatusEffectsSystem is required' [D:\projects\night-city\Content.Server\Content.Server.csproj]
D:\projects\night-city\Content.Server\_Shitcode\Heretic\Abilities\HereticAbilitySystem.cs(571,17): warning CS0618: "StatusEffectsSystem.TryRemoveStatusEffect(EntityUid, string, StatusEffectsComponent?, bool)" ╤П╨▓╨╗╤П╨╡╤В╤Б╤П ╤Г╤Б╤В╨░╤А╨╡╨▓╤И╨╕╨╝: 'Migration to Content.Shared.StatusEffectNew.StatusEffectsSystem is required' [D:\projects\night-city\Content.Server\Content.Server.csproj]
D:\projects\night-city\Content.Server\Construction\ConstructionSystem.Initial.cs(343,85): warning CS0618: "AwaitedDoAfterEvent" ╤П╨▓╨╗╤П╨╡╤В╤Б╤П ╤Г╤Б╤В╨░╤А╨╡╨▓╤И╨╕╨╝: 'Dont use async DoAfters' [D:\projects\night-city\Content.Server\Content.Server.csproj]
D:\projects\night-city\Content.Server\Construction\ConstructionSystem.Initial.cs(353,23): warning CS0618: "SharedDoAfterSystem.WaitDoAfter(DoAfterArgs, DoAfterComponent?)" ╤П╨▓╨╗╤П╨╡╤В╤Б╤П ╤Г╤Б╤В╨░╤А╨╡╨▓╤И╨╕╨╝: 'Use the synchronous version instead.' [D:\projects\night-city\Content.Server\Content.Server.csproj]
D:\projects\night-city\Content.Server\GameTicking\Rules\RevolutionaryRuleSystem.cs(162,34): warning CS0618: "Component.Owner" ╤П╨▓╨╗╤П╨╡╤В╤Б╤П ╤Г╤Б╤В╨░╤А╨╡╨▓╤И╨╕╨╝: 'Update your API to allow accessing Owner through other means' [D:\projects\night-city\Content.Server\Content.Server.csproj]
D:\projects\night-city\Content.Server\_Shitcode\Heretic\Abilities\HereticAbilitySystem.Flesh.cs(294,13): warning CS0618: "StatusEffectsSystem.TryGetTime(EntityUid, string, out (TimeSpan, TimeSpan)?, StatusEffectsComponent?)" ╤П╨▓╨╗╤П╨╡╤В╤Б╤П ╤Г╤Б╤В╨░╤А╨╡╨▓╤И╨╕╨╝: 'Migration to Content.Shared.StatusEffectNew.StatusEffectsSystem is required' [D:\projects\night-city\Content.Server\Content.Server.csproj]
D:\projects\night-city\Content.Server\Power\EntitySystems\CableVisSystem.cs(50,24): warning CS0618: "MapGridComponent.TileIndicesFor(EntityCoordinates)" ╤П╨▓╨╗╤П╨╡╤В╤Б╤П ╤Г╤Б╤В╨░╤А╨╡╨▓╤И╨╕╨╝: 'Use the MapSystem method' [D:\projects\night-city\Content.Server\Content.Server.csproj]
D:\projects\night-city\Content.Server\Power\EntitySystems\CableVisSystem.cs(58,33): warning CS0618: "MapGridComponent.TileIndicesFor(EntityCoordinates)" ╤П╨▓╨╗╤П╨╡╤В╤Б╤П ╤Г╤Б╤В╨░╤А╨╡╨▓╤И╨╕╨╝: 'Use the MapSystem method' [D:\projects\night-city\Content.Server\Content.Server.csproj]
D:\projects\night-city\Content.Server\Chat\Managers\ChatManager.cs(300,9): warning CS0618: "Logger.InfoS(string, string)" ╤П╨▓╨╗╤П╨╡╤В╤Б╤П ╤Г╤Б╤В╨░╤А╨╡╨▓╤И╨╕╨╝: 'Use ISawmill.Info' [D:\projects\night-city\Content.Server\Content.Server.csproj]
D:\projects\night-city\Content.Server\_Shitcode\Heretic\Abilities\HereticAbilitySystem.Void.cs(87,23): warning CS0618: "TransformComponent.WorldRotation" ╤П╨▓╨╗╤П╨╡╤В╤Б╤П ╤Г╤Б╤В╨░╤А╨╡╨▓╤И╨╕╨╝: 'Use the system method instead' [D:\projects\night-city\Content.Server\Content.Server.csproj]
D:\projects\night-city\Content.Server\GameTicking\Commands\JoinGameCommand.cs(67,17): warning CS0618: "Logger.InfoS(string, string)" ╤П╨▓╨╗╤П╨╡╤В╤Б╤П ╤Г╤Б╤В╨░╤А╨╡╨▓╤И╨╕╨╝: 'Use ISawmill.Info' [D:\projects\night-city\Content.Server\Content.Server.csproj]
D:\projects\night-city\Content.Server\NPC\Systems\NPCCombatSystem.Ranged.cs(228,67): warning CS0618: "MapGridComponent.WorldToLocal(Vector2)" ╤П╨▓╨╗╤П╨╡╤В╤Б╤П ╤Г╤Б╤В╨░╤А╨╡╨▓╤И╨╕╨╝: 'Use the MapSystem method' [D:\projects\night-city\Content.Server\Content.Server.csproj]
D:\projects\night-city\Content.Server\_Starlight\Chat\Commands\CollectiveMindCommand.cs(68,38): warning CS0618: "EntitySystem.Get<T>()" ╤П╨▓╨╗╤П╨╡╤В╤Б╤П ╤Г╤Б╤В╨░╤А╨╡╨▓╤И╨╕╨╝: 'Either use a dependency, resolve and cache IEntityManager manually, or use EntityManager.System<T>()' [D:\projects\night-city\Content.Server\Content.Server.csproj]
D:\projects\night-city\Content.Server\_Starlight\Chat\Commands\CollectiveMindCommand.cs(84,13): warning CS0618: "EntitySystem.Get<T>()" ╤П╨▓╨╗╤П╨╡╤В╤Б╤П ╤Г╤Б╤В╨░╤А╨╡╨▓╤И╨╕╨╝: 'Either use a dependency, resolve and cache IEntityManager manually, or use EntityManager.System<T>()' [D:\projects\night-city\Content.Server\Content.Server.csproj]
D:\projects\night-city\Content.Server\_EinsteinEngines\Chat\Commands\TSayCommand.cs(61,13): warning CS0618: "EntitySystem.Get<T>()" ╤П╨▓╨╗╤П╨╡╤В╤Б╤П ╤Г╤Б╤В╨░╤А╨╡╨▓╤И╨╕╨╝: 'Either use a dependency, resolve and cache IEntityManager manually, or use EntityManager.System<T>()' [D:\projects\night-city\Content.Server\Content.Server.csproj]
D:\projects\night-city\Content.Server\EntityEffects\Effects\NitriumMoveSpeedModifier.cs(76,9): warning CS0612: "Component.Dirty(IEntityManager?)" ╤П╨▓╨╗╤П╨╡╤В╤Б╤П ╤Г╤Б╤В╨░╤А╨╡╨▓╤И╨╕╨╝. [D:\projects\night-city\Content.Server\Content.Server.csproj]
D:\projects\night-city\Content.Server\Power\Components\CableComponent.cs(103,32): warning CS0618: "Component.Owner" ╤П╨▓╨╗╤П╨╡╤В╤Б╤П ╤Г╤Б╤В╨░╤А╨╡╨▓╤И╨╕╨╝: 'Update your API to allow accessing Owner through other means' [D:\projects\night-city\Content.Server\Content.Server.csproj]
D:\projects\night-city\Content.Server\GameTicking\GameTicker.RoundFlow.cs(183,17): warning CS0618: "IMapManager.MapExists(MapId?)" ╤П╨▓╨╗╤П╨╡╤В╤Б╤П ╤Г╤Б╤В╨░╤А╨╡╨▓╤И╨╕╨╝: 'Use MapSystem' [D:\projects\night-city\Content.Server\Content.Server.csproj]
D:\projects\night-city\Content.Server\Power\Components\ApcComponent.cs(80,23): warning CS0618: "Component.Owner" ╤П╨▓╨╗╤П╨╡╤В╤Б╤П ╤Г╤Б╤В╨░╤А╨╡╨▓╤И╨╕╨╝: 'Update your API to allow accessing Owner through other means' [D:\projects\night-city\Content.Server\Content.Server.csproj]
D:\projects\night-city\Content.Server\Power\Components\ApcComponent.cs(85,26): warning CS0618: "Component.Owner" ╤П╨▓╨╗╤П╨╡╤В╤Б╤П ╤Г╤Б╤В╨░╤А╨╡╨▓╤И╨╕╨╝: 'Update your API to allow accessing Owner through other means' [D:\projects\night-city\Content.Server\Content.Server.csproj]
D:\projects\night-city\Content.Server\Administration\Commands\PlayGlobalSoundCommand.cs(97,79): warning CS0618: "ResolvedSoundSpecifier.implicit operator ResolvedSoundSpecifier(string)" ╤П╨▓╨╗╤П╨╡╤В╤Б╤П ╤Г╤Б╤В╨░╤А╨╡╨▓╤И╨╕╨╝: 'String literals for sounds are deprecated, use a SoundSpecifier or ResolvedSoundSpecifier as appropriate instead' [D:\projects\night-city\Content.Server\Content.Server.csproj]
D:\projects\night-city\Content.Server\Administration\Commands\DepartmentBanCommand.cs(43,13): warning CS0618: "Logger.WarningS(string, string)" ╤П╨▓╨╗╤П╨╡╤В╤Б╤П ╤Г╤Б╤В╨░╤А╨╡╨▓╤И╨╕╨╝: 'Use ISawmill.Warning' [D:\projects\night-city\Content.Server\Content.Server.csproj]
D:\projects\night-city\Content.Server\DeviceNetwork\Systems\ApcNetworkSystem.cs(52,26): warning CS0618: "Component.Owner" ╤П╨▓╨╗╤П╨╡╤В╤Б╤П ╤Г╤Б╤В╨░╤А╨╡╨▓╤И╨╕╨╝: 'Update your API to allow accessing Owner through other means' [D:\projects\night-city\Content.Server\Content.Server.csproj]
D:\projects\night-city\Content.Server\Power\Components\BaseNetConnectorComponent.cs(82,41): warning CS0618: "Component.Owner" ╤П╨▓╨╗╤П╨╡╤В╤Б╤П ╤Г╤Б╤В╨░╤А╨╡╨▓╤И╨╕╨╝: 'Update your API to allow accessing Owner through other means' [D:\projects\night-city\Content.Server\Content.Server.csproj]
D:\projects\night-city\Content.Server\Atmos\Commands\SetMapAtmosCommand.cs(38,19): warning CS0618: "IMapManager.GetMapEntityId(MapId)" ╤П╨▓╨╗╤П╨╡╤В╤Б╤П ╤Г╤Б╤В╨░╤А╨╡╨▓╤И╨╕╨╝: 'Use MapSystem' [D:\projects\night-city\Content.Server\Content.Server.csproj]
D:\projects\night-city\Content.Server\Construction\Completions\BuildMech.cs(39,13): warning CS0618: "Logger.Warning(string)" ╤П╨▓╨╗╤П╨╡╤В╤Б╤П ╤Г╤Б╤В╨░╤А╨╡╨▓╤И╨╕╨╝: 'Use ISawmill.Warning' [D:\projects\night-city\Content.Server\Content.Server.csproj]
D:\projects\night-city\Content.Server\Construction\Completions\BuildMech.cs(48,13): warning CS0618: "Logger.Warning(string)" ╤П╨▓╨╗╤П╨╡╤В╤Б╤П ╤Г╤Б╤В╨░╤А╨╡╨▓╤И╨╕╨╝: 'Use ISawmill.Warning' [D:\projects\night-city\Content.Server\Content.Server.csproj]
D:\projects\night-city\Content.Server\Construction\Completions\BuildMech.cs(54,13): warning CS0618: "Logger.Warning(string)" ╤П╨▓╨╗╤П╨╡╤В╤Б╤П ╤Г╤Б╤В╨░╤А╨╡╨▓╤И╨╕╨╝: 'Use ISawmill.Warning' [D:\projects\night-city\Content.Server\Content.Server.csproj]
D:\projects\night-city\Content.Server\Construction\Completions\BuildMech.cs(61,13): warning CS0618: "Logger.Warning(string)" ╤П╨▓╨╗╤П╨╡╤В╤Б╤П ╤Г╤Б╤В╨░╤А╨╡╨▓╤И╨╕╨╝: 'Use ISawmill.Warning' [D:\projects\night-city\Content.Server\Content.Server.csproj]
D:\projects\night-city\Content.Server\GameTicking\GameTicker.Spawning.cs(566,17): warning CS0618: "IMapManager.MapExists(MapId?)" ╤П╨▓╨╗╤П╨╡╤В╤Б╤П ╤Г╤Б╤В╨░╤А╨╡╨▓╤И╨╕╨╝: 'Use MapSystem' [D:\projects\night-city\Content.Server\Content.Server.csproj]
D:\projects\night-city\Content.Server\GameTicking\GameTicker.Spawning.cs(568,30): warning CS0618: "IMapManager.GetMapEntityId(MapId)" ╤П╨▓╨╗╤П╨╡╤В╤Б╤П ╤Г╤Б╤В╨░╤А╨╡╨▓╤И╨╕╨╝: 'Use MapSystem' [D:\projects\night-city\Content.Server\Content.Server.csproj]
D:\projects\night-city\Content.Server\GameTicking\GameTicker.Spawning.cs(574,33): warning CS0618: "IMapManager.GetAllMapIds()" ╤П╨▓╨╗╤П╨╡╤В╤Б╤П ╤Г╤Б╤В╨░╤А╨╡╨▓╤И╨╕╨╝: 'Use MapSystem' [D:\projects\night-city\Content.Server\Content.Server.csproj]
D:\projects\night-city\Content.Server\GameTicking\GameTicker.Spawning.cs(576,30): warning CS0618: "IMapManager.GetMapEntityId(MapId)" ╤П╨▓╨╗╤П╨╡╤В╤Б╤П ╤Г╤Б╤В╨░╤А╨╡╨▓╤И╨╕╨╝: 'Use MapSystem' [D:\projects\night-city\Content.Server\Content.Server.csproj]
D:\projects\night-city\Content.Server\Atmos\EntitySystems\FlammableSystem.cs(572,13): warning CS0618: "TimerExtensions.SpawnTimer(EntityUid, int, Action, CancellationToken)" ╤П╨▓╨╗╤П╨╡╤В╤Б╤П ╤Г╤Б╤В╨░╤А╨╡╨▓╤И╨╕╨╝: 'Use a system update loop instead' [D:\projects\night-city\Content.Server\Content.Server.csproj]
D:\projects\night-city\Content.Server\Chemistry\EntitySystems\InjectorSystem.cs(394,42): warning CS0618: "Solution.SplitSolutionWithout(FixedPoint2, params string[])" ╤П╨▓╨╗╤П╨╡╤В╤Б╤П ╤Г╤Б╤В╨░╤А╨╡╨▓╤И╨╕╨╝: 'Use SplitSolutionWithout with params ProtoId<ReagentPrototype>' [D:\projects\night-city\Content.Server\Content.Server.csproj]
D:\projects\night-city\Content.Server\Atmos\EntitySystems\AtmosphereSystem.HighPressureDelta.cs(283,35): warning CS0618: "EntityCoordinates.ToMap(IEntityManager, SharedTransformSystem)" ╤П╨▓╨╗╤П╨╡╤В╤Б╤П ╤Г╤Б╤В╨░╤А╨╡╨▓╤И╨╕╨╝: 'Use SharedTransformSystem.ToMapCoordinates()' [D:\projects\night-city\Content.Server\Content.Server.csproj]
D:\projects\night-city\Content.Server\Atmos\EntitySystems\AtmosphereSystem.HighPressureDelta.cs(283,97): warning CS0618: "TransformComponent.WorldPosition" ╤П╨▓╨╗╤П╨╡╤В╤Б╤П ╤Г╤Б╤В╨░╤А╨╡╨▓╤И╨╕╨╝: 'Use the system method instead' [D:\projects\night-city\Content.Server\Content.Server.csproj]
D:\projects\night-city\Content.Server\Administration\Systems\BwoinkSystem.cs(169,30): warning CS0649: ╨Я╨╛╨╗╤О "BwoinkSystem._webhookData" ╨╜╨╕╨│╨┤╨╡ ╨╜╨╡ ╨┐╤А╨╕╤Б╨▓╨░╨╕╨▓╨░╨╡╤В╤Б╤П ╨╖╨╜╨░╤З╨╡╨╜╨╕╨╡, ╨┐╨╛╤Н╤В╨╛╨╝╤Г ╨╛╨╜╨╛ ╨▓╤Б╨╡╨│╨┤╨░ ╨▒╤Г╨┤╨╡╤В ╨╕╨╝╨╡╤В╤М ╨╖╨╜╨░╤З╨╡╨╜╨╕╨╡ ╨┐╨╛ ╤Г╨╝╨╛╨╗╤З╨░╨╜╨╕╤О . [D:\projects\night-city\Content.Server\Content.Server.csproj]
D:\projects\night-city\Content.Server\EntityEffects\Effects\AddReagentToBlood.cs(21,52): warning CS0169: ╨Я╨╛╨╗╨╡ "AddReagentToBlood._solutionContainers" ╨╜╨╕╨║╨╛╨│╨┤╨░ ╨╜╨╡ ╨╕╤Б╨┐╨╛╨╗╤М╨╖╤Г╨╡╤В╤Б╤П. [D:\projects\night-city\Content.Server\Content.Server.csproj]
D:\projects\night-city\Content.Server\Connection\ConnectionManager.cs(178,29): warning CS0649: ╨Я╨╛╨╗╤О "ConnectionManager._ticker" ╨╜╨╕╨│╨┤╨╡ ╨╜╨╡ ╨┐╤А╨╕╤Б╨▓╨░╨╕╨▓╨░╨╡╤В╤Б╤П ╨╖╨╜╨░╤З╨╡╨╜╨╕╨╡, ╨┐╨╛╤Н╤В╨╛╨╝╤Г ╨╛╨╜╨╛ ╨▓╤Б╨╡╨│╨┤╨░ ╨▒╤Г╨┤╨╡╤В ╨╕╨╝╨╡╤В╤М ╨╖╨╜╨░╤З╨╡╨╜╨╕╨╡ ╨┐╨╛ ╤Г╨╝╨╛╨╗╤З╨░╨╜╨╕╤О null. [D:\projects\night-city\Content.Server\Content.Server.csproj]
D:\projects\night-city\Content.Server\Physics\Controllers\MoverController.cs(84,19): warning CS0169: ╨Я╨╛╨╗╨╡ "MoverController._maxShuttleSpeed" ╨╜╨╕╨║╨╛╨│╨┤╨░ ╨╜╨╡ ╨╕╤Б╨┐╨╛╨╗╤М╨╖╤Г╨╡╤В╤Б╤П. [D:\projects\night-city\Content.Server\Content.Server.csproj]
D:\projects\night-city\Content.Server\_Lavaland\Mobs\Hierophant\HierophantSystem.cs(57,51): warning CS0414: ╨Я╨╛╨╗╤О "HierophantSystem._megafauna" ╨┐╤А╨╕╤Б╨▓╨╛╨╡╨╜╨╛ ╨╖╨╜╨░╤З╨╡╨╜╨╕╨╡, ╨╜╨╛ ╨╛╨╜╨╛ ╨╜╨╕ ╤А╨░╨╖╤Г ╨╜╨╡ ╨╕╤Б╨┐╨╛╨╗╤М╨╖╨╛╨▓╨░╨╜╨╛. [D:\projects\night-city\Content.Server\Content.Server.csproj]
D:\projects\night-city\Content.Server\Objectives\Systems\KillPersonConditionSystem.cs(37,51): warning CS0414: ╨Я╨╛╨╗╤О "KillPersonConditionSystem._job" ╨┐╤А╨╕╤Б╨▓╨╛╨╡╨╜╨╛ ╨╖╨╜╨░╤З╨╡╨╜╨╕╨╡, ╨╜╨╛ ╨╛╨╜╨╛ ╨╜╨╕ ╤А╨░╨╖╤Г ╨╜╨╡ ╨╕╤Б╨┐╨╛╨╗╤М╨╖╨╛╨▓╨░╨╜╨╛. [D:\projects\night-city\Content.Server\Content.Server.csproj]
D:\projects\night-city\Content.Server\_Mono\Radar\HitscanRadarSystem.cs(15,47): warning CS0414: ╨Я╨╛╨╗╤О "HitscanRadarSystem._mapManager" ╨┐╤А╨╕╤Б╨▓╨╛╨╡╨╜╨╛ ╨╖╨╜╨░╤З╨╡╨╜╨╕╨╡, ╨╜╨╛ ╨╛╨╜╨╛ ╨╜╨╕ ╤А╨░╨╖╤Г ╨╜╨╡ ╨╕╤Б╨┐╨╛╨╗╤М╨╖╨╛╨▓╨░╨╜╨╛. [D:\projects\night-city\Content.Server\Content.Server.csproj]
D:\projects\night-city\Content.Server\_Mono\Radar\HitscanRadarSystem.cs(16,51): warning CS0414: ╨Я╨╛╨╗╤О "HitscanRadarSystem._radarBlipSystem" ╨┐╤А╨╕╤Б╨▓╨╛╨╡╨╜╨╛ ╨╖╨╜╨░╤З╨╡╨╜╨╕╨╡, ╨╜╨╛ ╨╛╨╜╨╛ ╨╜╨╕ ╤А╨░╨╖╤Г ╨╜╨╡ ╨╕╤Б╨┐╨╛╨╗╤М╨╖╨╛╨▓╨░╨╜╨╛. [D:\projects\night-city\Content.Server\Content.Server.csproj]
D:\projects\night-city\Content.Server\GameTicking\Rules\RevolutionaryRuleSystem.cs(110,50): warning CS0414: ╨Я╨╛╨╗╤О "RevolutionaryRuleSystem._roundEnd" ╨┐╤А╨╕╤Б╨▓╨╛╨╡╨╜╨╛ ╨╖╨╜╨░╤З╨╡╨╜╨╕╨╡, ╨╜╨╛ ╨╛╨╜╨╛ ╨╜╨╕ ╤А╨░╨╖╤Г ╨╜╨╡ ╨╕╤Б╨┐╨╛╨╗╤М╨╖╨╛╨▓╨░╨╜╨╛. [D:\projects\night-city\Content.Server\Content.Server.csproj]
D:\projects\night-city\Content.Server\_EinsteinEngines\Chat\TelepathicChatSystem.cs(33,49): warning CS0414: ╨Я╨╛╨╗╤О "TelepathicChatSystem._random" ╨┐╤А╨╕╤Б╨▓╨╛╨╡╨╜╨╛ ╨╖╨╜╨░╤З╨╡╨╜╨╕╨╡, ╨╜╨╛ ╨╛╨╜╨╛ ╨╜╨╕ ╤А╨░╨╖╤Г ╨╜╨╡ ╨╕╤Б╨┐╨╛╨╗╤М╨╖╨╛╨▓╨░╨╜╨╛. [D:\projects\night-city\Content.Server\Content.Server.csproj]
D:\projects\night-city\Content.Server\_EinsteinEngines\Power\Systems\BatteryDrinkerSystem.cs(39,55): warning CS0414: ╨Я╨╛╨╗╤О "BatteryDrinkerSystem._silicon" ╨┐╤А╨╕╤Б╨▓╨╛╨╡╨╜╨╛ ╨╖╨╜╨░╤З╨╡╨╜╨╕╨╡, ╨╜╨╛ ╨╛╨╜╨╛ ╨╜╨╕ ╤А╨░╨╖╤Г ╨╜╨╡ ╨╕╤Б╨┐╨╛╨╗╤М╨╖╨╛╨▓╨░╨╜╨╛. [D:\projects\night-city\Content.Server\Content.Server.csproj]
D:\projects\night-city\Content.Server\Magic\MagicSystem.cs(51,46): warning CS0414: ╨Я╨╛╨╗╤О "MagicSystem._chat" ╨┐╤А╨╕╤Б╨▓╨╛╨╡╨╜╨╛ ╨╖╨╜╨░╤З╨╡╨╜╨╕╨╡, ╨╜╨╛ ╨╛╨╜╨╛ ╨╜╨╕ ╤А╨░╨╖╤Г ╨╜╨╡ ╨╕╤Б╨┐╨╛╨╗╤М╨╖╨╛╨▓╨░╨╜╨╛. [D:\projects\night-city\Content.Server\Content.Server.csproj]
D:\projects\night-city\Content.Server\_White\Xenomorphs\Queen\XenomorphQueenSystem.cs(21,60): warning CS0414: ╨Я╨╛╨╗╤О "XenomorphQueenSystem._xenomorphEvolution" ╨┐╤А╨╕╤Б╨▓╨╛╨╡╨╜╨╛ ╨╖╨╜╨░╤З╨╡╨╜╨╕╨╡, ╨╜╨╛ ╨╛╨╜╨╛ ╨╜╨╕ ╤А╨░╨╖╤Г ╨╜╨╡ ╨╕╤Б╨┐╨╛╨╗╤М╨╖╨╛╨▓╨░╨╜╨╛. [D:\projects\night-city\Content.Server\Content.Server.csproj]
D:\projects\night-city\Content.Server\_DV\Abilities\Chitinid\ChitinidSystem.cs(20,53): warning CS0414: ╨Я╨╛╨╗╤О "ChitinidSystem._proto" ╨┐╤А╨╕╤Б╨▓╨╛╨╡╨╜╨╛ ╨╖╨╜╨░╤З╨╡╨╜╨╕╨╡, ╨╜╨╛ ╨╛╨╜╨╛ ╨╜╨╕ ╤А╨░╨╖╤Г ╨╜╨╡ ╨╕╤Б╨┐╨╛╨╗╤М╨╖╨╛╨▓╨░╨╜╨╛. [D:\projects\night-city\Content.Server\Content.Server.csproj]
D:\projects\night-city\Content.Server\Objectives\Systems\KillPersonConditionSystem.cs(39,53): warning CS0414: ╨Я╨╛╨╗╤О "KillPersonConditionSystem._traitor" ╨┐╤А╨╕╤Б╨▓╨╛╨╡╨╜╨╛ ╨╖╨╜╨░╤З╨╡╨╜╨╕╨╡, ╨╜╨╛ ╨╛╨╜╨╛ ╨╜╨╕ ╤А╨░╨╖╤Г ╨╜╨╡ ╨╕╤Б╨┐╨╛╨╗╤М╨╖╨╛╨▓╨░╨╜╨╛. [D:\projects\night-city\Content.Server\Content.Server.csproj]
D:\projects\night-city\Content.Server\_EinsteinEngines\Silicon\DeadStartupButton\DeadStartupButtonSystem.cs(37,46): warning CS0414: ╨Я╨╛╨╗╤О "DeadStartupButtonSystem._chatSystem" ╨┐╤А╨╕╤Б╨▓╨╛╨╡╨╜╨╛ ╨╖╨╜╨░╤З╨╡╨╜╨╕╨╡, ╨╜╨╛ ╨╛╨╜╨╛ ╨╜╨╕ ╤А╨░╨╖╤Г ╨╜╨╡ ╨╕╤Б╨┐╨╛╨╗╤М╨╖╨╛╨▓╨░╨╜╨╛. [D:\projects\night-city\Content.Server\Content.Server.csproj]
D:\projects\night-city\Content.Server\_DV\CosmicCult\EntitySystems\CosmicEntropyDegenSystem.cs(25,49): warning CS0414: ╨Я╨╛╨╗╤О "CosmicEntropyDegenSystem._random" ╨┐╤А╨╕╤Б╨▓╨╛╨╡╨╜╨╛ ╨╖╨╜╨░╤З╨╡╨╜╨╕╨╡, ╨╜╨╛ ╨╛╨╜╨╛ ╨╜╨╕ ╤А╨░╨╖╤Г ╨╜╨╡ ╨╕╤Б╨┐╨╛╨╗╤М╨╖╨╛╨▓╨░╨╜╨╛. [D:\projects\night-city\Content.Server\Content.Server.csproj]
D:\projects\night-city\Content.Server\_Shitcode\Magic\ImmovableVoidRodSystem.cs(28,47): warning CS0414: ╨Я╨╛╨╗╤О "ImmovableVoidRodSystem._map" ╨┐╤А╨╕╤Б╨▓╨╛╨╡╨╜╨╛ ╨╖╨╜╨░╤З╨╡╨╜╨╕╨╡, ╨╜╨╛ ╨╛╨╜╨╛ ╨╜╨╕ ╤А╨░╨╖╤Г ╨╜╨╡ ╨╕╤Б╨┐╨╛╨╗╤М╨╖╨╛╨▓╨░╨╜╨╛. [D:\projects\night-city\Content.Server\Content.Server.csproj]
D:\projects\night-city\Content.Server\GameTicking\Rules\RevolutionaryRuleSystem.cs(113,61): warning CS0414: ╨Я╨╛╨╗╤О "RevolutionaryRuleSystem._revolutionarySystem" ╨┐╤А╨╕╤Б╨▓╨╛╨╡╨╜╨╛ ╨╖╨╜╨░╤З╨╡╨╜╨╕╨╡, ╨╜╨╛ ╨╛╨╜╨╛ ╨╜╨╕ ╤А╨░╨╖╤Г ╨╜╨╡ ╨╕╤Б╨┐╨╛╨╗╤М╨╖╨╛╨▓╨░╨╜╨╛. [D:\projects\night-city\Content.Server\Content.Server.csproj]
D:\projects\night-city\Content.Server\Chemistry\EntitySystems\SolutionInjectWhileEmbeddedSystem.cs(28,53): warning CS0414: ╨Я╨╛╨╗╤О "SolutionInjectWhileEmbeddedSystem._bloodstream" ╨┐╤А╨╕╤Б╨▓╨╛╨╡╨╜╨╛ ╨╖╨╜╨░╤З╨╡╨╜╨╕╨╡, ╨╜╨╛ ╨╛╨╜╨╛ ╨╜╨╕ ╤А╨░╨╖╤Г ╨╜╨╡ ╨╕╤Б╨┐╨╛╨╗╤М╨╖╨╛╨▓╨░╨╜╨╛. [D:\projects\night-city\Content.Server\Content.Server.csproj]
D:\projects\night-city\Content.Server\_Shitmed\Medical\Surgery\SurgerySystem.cs(42,47): warning CS0414: ╨Я╨╛╨╗╤О "SurgerySystem._popup" ╨┐╤А╨╕╤Б╨▓╨╛╨╡╨╜╨╛ ╨╖╨╜╨░╤З╨╡╨╜╨╕╨╡, ╨╜╨╛ ╨╛╨╜╨╛ ╨╜╨╕ ╤А╨░╨╖╤Г ╨╜╨╡ ╨╕╤Б╨┐╨╛╨╗╤М╨╖╨╛╨▓╨░╨╜╨╛. [D:\projects\night-city\Content.Server\Content.Server.csproj]
D:\projects\night-city\Content.Server\_EinsteinEngines\Silicon\DeadStartupButton\DeadStartupButtonSystem.cs(36,51): warning CS0414: ╨Я╨╛╨╗╤О "DeadStartupButtonSystem._powerCell" ╨┐╤А╨╕╤Б╨▓╨╛╨╡╨╜╨╛ ╨╖╨╜╨░╤З╨╡╨╜╨╕╨╡, ╨╜╨╛ ╨╛╨╜╨╛ ╨╜╨╕ ╤А╨░╨╖╤Г ╨╜╨╡ ╨╕╤Б╨┐╨╛╨╗╤М╨╖╨╛╨▓╨░╨╜╨╛. [D:\projects\night-city\Content.Server\Content.Server.csproj]
D:\projects\night-city\Content.Server\_Shitcode\Heretic\EntitySystems\PathSpecific\AristocratSystem.cs(55,47): warning CS0414: ╨Я╨╛╨╗╤О "AristocratSystem._ghost" ╨┐╤А╨╕╤Б╨▓╨╛╨╡╨╜╨╛ ╨╖╨╜╨░╤З╨╡╨╜╨╕╨╡, ╨╜╨╛ ╨╛╨╜╨╛ ╨╜╨╕ ╤А╨░╨╖╤Г ╨╜╨╡ ╨╕╤Б╨┐╨╛╨╗╤М╨╖╨╛╨▓╨░╨╜╨╛. [D:\projects\night-city\Content.Server\Content.Server.csproj]
D:\projects\night-city\Content.Server\Antag\AntagSelectionSystem.cs(153,59): warning CS0414: ╨Я╨╛╨╗╤О "AntagSelectionSystem._playTime" ╨┐╤А╨╕╤Б╨▓╨╛╨╡╨╜╨╛ ╨╖╨╜╨░╤З╨╡╨╜╨╕╨╡, ╨╜╨╛ ╨╛╨╜╨╛ ╨╜╨╕ ╤А╨░╨╖╤Г ╨╜╨╡ ╨╕╤Б╨┐╨╛╨╗╤М╨╖╨╛╨▓╨░╨╜╨╛. [D:\projects\night-city\Content.Server\Content.Server.csproj]
D:\projects\night-city\Content.Server\Implants\SubdermalImplantSystem.cs(136,54): warning CS0414: ╨Я╨╛╨╗╤О "SubdermalImplantSystem._lookupSystem" ╨┐╤А╨╕╤Б╨▓╨╛╨╡╨╜╨╛ ╨╖╨╜╨░╤З╨╡╨╜╨╕╨╡, ╨╜╨╛ ╨╛╨╜╨╛ ╨╜╨╕ ╤А╨░╨╖╤Г ╨╜╨╡ ╨╕╤Б╨┐╨╛╨╗╤М╨╖╨╛╨▓╨░╨╜╨╛. [D:\projects\night-city\Content.Server\Content.Server.csproj]
D:\projects\night-city\Content.Server\_EinsteinEngines\Power\Systems\BatteryDrinkerSystem.cs(43,49): warning CS0414: ╨Я╨╛╨╗╤О "BatteryDrinkerSystem._chargers" ╨┐╤А╨╕╤Б╨▓╨╛╨╡╨╜╨╛ ╨╖╨╜╨░╤З╨╡╨╜╨╕╨╡, ╨╜╨╛ ╨╛╨╜╨╛ ╨╜╨╕ ╤А╨░╨╖╤Г ╨╜╨╡ ╨╕╤Б╨┐╨╛╨╗╤М╨╖╨╛╨▓╨░╨╜╨╛. [D:\projects\night-city\Content.Server\Content.Server.csproj]
D:\projects\night-city\Content.Server\_EinsteinEngines\Silicon\Charge\Systems\SiliconChargeSystem.cs(38,51): warning CS0414: ╨Я╨╛╨╗╤О "SiliconChargeSystem._flammable" ╨┐╤А╨╕╤Б╨▓╨╛╨╡╨╜╨╛ ╨╖╨╜╨░╤З╨╡╨╜╨╕╨╡, ╨╜╨╛ ╨╛╨╜╨╛ ╨╜╨╕ ╤А╨░╨╖╤Г ╨╜╨╡ ╨╕╤Б╨┐╨╛╨╗╤М╨╖╨╛╨▓╨░╨╜╨╛. [D:\projects\night-city\Content.Server\Content.Server.csproj]
D:\projects\night-city\Content.Server\_Shitcode\Wizard\Systems\ThrownLightningSystem.cs(22,55): warning CS0414: ╨Я╨╛╨╗╤О "ThrownLightningSystem._stamina" ╨┐╤А╨╕╤Б╨▓╨╛╨╡╨╜╨╛ ╨╖╨╜╨░╤З╨╡╨╜╨╕╨╡, ╨╜╨╛ ╨╛╨╜╨╛ ╨╜╨╕ ╤А╨░╨╖╤Г ╨╜╨╡ ╨╕╤Б╨┐╨╛╨╗╤М╨╖╨╛╨▓╨░╨╜╨╛. [D:\projects\night-city\Content.Server\Content.Server.csproj]
D:\projects\night-city\Content.Server\Nyanotrasen\Item\PseudoItem\PseudoItemSystem.cs(28,46): warning CS0414: ╨Я╨╛╨╗╤О "PseudoItemSystem._item" ╨┐╤А╨╕╤Б╨▓╨╛╨╡╨╜╨╛ ╨╖╨╜╨░╤З╨╡╨╜╨╕╨╡, ╨╜╨╛ ╨╛╨╜╨╛ ╨╜╨╕ ╤А╨░╨╖╤Г ╨╜╨╡ ╨╕╤Б╨┐╨╛╨╗╤М╨╖╨╛╨▓╨░╨╜╨╛. [D:\projects\night-city\Content.Server\Content.Server.csproj]
D:\projects\night-city\Content.Server\Chemistry\EntitySystems\SolutionInjectWhileEmbeddedSystem.cs(29,51): warning CS0414: ╨Я╨╛╨╗╤О "SolutionInjectWhileEmbeddedSystem._inventory" ╨┐╤А╨╕╤Б╨▓╨╛╨╡╨╜╨╛ ╨╖╨╜╨░╤З╨╡╨╜╨╕╨╡, ╨╜╨╛ ╨╛╨╜╨╛ ╨╜╨╕ ╤А╨░╨╖╤Г ╨╜╨╡ ╨╕╤Б╨┐╨╛╨╗╤М╨╖╨╛╨▓╨░╨╜╨╛. [D:\projects\night-city\Content.Server\Content.Server.csproj]
D:\projects\night-city\Content.Server\_EinsteinEngines\Silicon\Death\Systems\SiliconChargeDeathSystem.cs(30,55): warning CS0414: ╨Я╨╛╨╗╤О "SiliconDeathSystem._status" ╨┐╤А╨╕╤Б╨▓╨╛╨╡╨╜╨╛ ╨╖╨╜╨░╤З╨╡╨╜╨╕╨╡, ╨╜╨╛ ╨╛╨╜╨╛ ╨╜╨╕ ╤А╨░╨╖╤Г ╨╜╨╡ ╨╕╤Б╨┐╨╛╨╗╤М╨╖╨╛╨▓╨░╨╜╨╛. [D:\projects\night-city\Content.Server\Content.Server.csproj]
D:\projects\night-city\Content.Server\_Starlight\VentCrawling\VentCrawlerTubeSystem.cs(33,51): warning CS0414: ╨Я╨╛╨╗╤О "VentCrawlerTubeSystem._mapSystem" ╨┐╤А╨╕╤Б╨▓╨╛╨╡╨╜╨╛ ╨╖╨╜╨░╤З╨╡╨╜╨╕╨╡, ╨╜╨╛ ╨╛╨╜╨╛ ╨╜╨╕ ╤А╨░╨╖╤Г ╨╜╨╡ ╨╕╤Б╨┐╨╛╨╗╤М╨╖╨╛╨▓╨░╨╜╨╛. [D:\projects\night-city\Content.Server\Content.Server.csproj]
D:\projects\night-city\Content.Server\_EinsteinEngines\Power\Systems\BatteryDrinkerSystem.cs(35,51): warning CS0414: ╨Я╨╛╨╗╤О "BatteryDrinkerSystem._slots" ╨┐╤А╨╕╤Б╨▓╨╛╨╡╨╜╨╛ ╨╖╨╜╨░╤З╨╡╨╜╨╕╨╡, ╨╜╨╛ ╨╛╨╜╨╛ ╨╜╨╕ ╤А╨░╨╖╤Г ╨╜╨╡ ╨╕╤Б╨┐╨╛╨╗╤М╨╖╨╛╨▓╨░╨╜╨╛. [D:\projects\night-city\Content.Server\Content.Server.csproj]
D:\projects\night-city\Content.Server\Fluids\EntitySystems\SpraySystem.cs(87,62): warning CS0414: ╨Я╨╛╨╗╤О "SpraySystem._sprayPushSys" ╨┐╤А╨╕╤Б╨▓╨╛╨╡╨╜╨╛ ╨╖╨╜╨░╤З╨╡╨╜╨╕╨╡, ╨╜╨╛ ╨╛╨╜╨╛ ╨╜╨╕ ╤А╨░╨╖╤Г ╨╜╨╡ ╨╕╤Б╨┐╨╛╨╗╤М╨╖╨╛╨▓╨░╨╜╨╛. [D:\projects\night-city\Content.Server\Content.Server.csproj]
D:\projects\night-city\Content.Server\_Shitcode\Heretic\EntitySystems\HereticCombatMarkSystem.cs(47,53): warning CS0414: ╨Я╨╛╨╗╤О "HereticCombatMarkSystem._blood" ╨┐╤А╨╕╤Б╨▓╨╛╨╡╨╜╨╛ ╨╖╨╜╨░╤З╨╡╨╜╨╕╨╡, ╨╜╨╛ ╨╛╨╜╨╛ ╨╜╨╕ ╤А╨░╨╖╤Г ╨╜╨╡ ╨╕╤Б╨┐╨╛╨╗╤М╨╖╨╛╨▓╨░╨╜╨╛. [D:\projects\night-city\Content.Server\Content.Server.csproj]
D:\projects\night-city\Content.Server\Explosion\EntitySystems\TriggerSystem.cs(171,53): warning CS0414: ╨Я╨╛╨╗╤О "TriggerSystem._entityManager" ╨┐╤А╨╕╤Б╨▓╨╛╨╡╨╜╨╛ ╨╖╨╜╨░╤З╨╡╨╜╨╕╨╡, ╨╜╨╛ ╨╛╨╜╨╛ ╨╜╨╕ ╤А╨░╨╖╤Г ╨╜╨╡ ╨╕╤Б╨┐╨╛╨╗╤М╨╖╨╛╨▓╨░╨╜╨╛. [D:\projects\night-city\Content.Server\Content.Server.csproj]
D:\projects\night-city\Content.Server\_EinsteinEngines\Silicon\Death\Systems\SiliconChargeDeathSystem.cs(29,50): warning CS0414: ╨Я╨╛╨╗╤О "SiliconDeathSystem._sleep" ╨┐╤А╨╕╤Б╨▓╨╛╨╡╨╜╨╛ ╨╖╨╜╨░╤З╨╡╨╜╨╕╨╡, ╨╜╨╛ ╨╛╨╜╨╛ ╨╜╨╕ ╤А╨░╨╖╤Г ╨╜╨╡ ╨╕╤Б╨┐╨╛╨╗╤М╨╖╨╛╨▓╨░╨╜╨╛. [D:\projects\night-city\Content.Server\Content.Server.csproj]
D:\projects\night-city\Content.Server\Implants\SubdermalImplantSystem.cs(135,49): warning CS0414: ╨Я╨╛╨╗╤О "SubdermalImplantSystem._pullingSystem" ╨┐╤А╨╕╤Б╨▓╨╛╨╡╨╜╨╛ ╨╖╨╜╨░╤З╨╡╨╜╨╕╨╡, ╨╜╨╛ ╨╛╨╜╨╛ ╨╜╨╕ ╤А╨░╨╖╤Г ╨╜╨╡ ╨╕╤Б╨┐╨╛╨╗╤М╨╖╨╛╨▓╨░╨╜╨╛. [D:\projects\night-city\Content.Server\Content.Server.csproj]
D:\projects\night-city\Content.Server\_Shitmed\PartStatus\PartStatusSystem.cs(43,48): warning CS0414: ╨Я╨╛╨╗╤О "PartStatusSystem._trauma" ╨┐╤А╨╕╤Б╨▓╨╛╨╡╨╜╨╛ ╨╖╨╜╨░╤З╨╡╨╜╨╕╨╡, ╨╜╨╛ ╨╛╨╜╨╛ ╨╜╨╕ ╤А╨░╨╖╤Г ╨╜╨╡ ╨╕╤Б╨┐╨╛╨╗╤М╨╖╨╛╨▓╨░╨╜╨╛. [D:\projects\night-city\Content.Server\Content.Server.csproj]
D:\projects\night-city\Content.Server\_CorvaxGoob\BluespaceHarvester\BluespaceHarvesterSystem.cs(20,47): warning CS0414: ╨Я╨╛╨╗╤О "BluespaceHarvesterSystem._timing" ╨┐╤А╨╕╤Б╨▓╨╛╨╡╨╜╨╛ ╨╖╨╜╨░╤З╨╡╨╜╨╕╨╡, ╨╜╨╛ ╨╛╨╜╨╛ ╨╜╨╕ ╤А╨░╨╖╤Г ╨╜╨╡ ╨╕╤Б╨┐╨╛╨╗╤М╨╖╨╛╨▓╨░╨╜╨╛. [D:\projects\night-city\Content.Server\Content.Server.csproj]
D:\projects\night-city\Content.Server\_EinsteinEngines\Power\Systems\BatteryDrinkerSystem.cs(41,51): warning CS0414: ╨Я╨╛╨╗╤О "BatteryDrinkerSystem._powerCell" ╨┐╤А╨╕╤Б╨▓╨╛╨╡╨╜╨╛ ╨╖╨╜╨░╤З╨╡╨╜╨╕╨╡, ╨╜╨╛ ╨╛╨╜╨╛ ╨╜╨╕ ╤А╨░╨╖╤Г ╨╜╨╡ ╨╕╤Б╨┐╨╛╨╗╤М╨╖╨╛╨▓╨░╨╜╨╛. [D:\projects\night-city\Content.Server\Content.Server.csproj]
D:\projects\night-city\Content.Server\Chemistry\EntitySystems\SolutionInjectWhileEmbeddedSystem.cs(31,65): warning CS0414: ╨Я╨╛╨╗╤О "SolutionInjectWhileEmbeddedSystem._solutionContainer" ╨┐╤А╨╕╤Б╨▓╨╛╨╡╨╜╨╛ ╨╖╨╜╨░╤З╨╡╨╜╨╕╨╡, ╨╜╨╛ ╨╛╨╜╨╛ ╨╜╨╕ ╤А╨░╨╖╤Г ╨╜╨╡ ╨╕╤Б╨┐╨╛╨╗╤М╨╖╨╛╨▓╨░╨╜╨╛. [D:\projects\night-city\Content.Server\Content.Server.csproj]
D:\projects\night-city\Content.Server\_EinsteinEngines\Chat\TelepathicChatSystem.cs(35,46): warning CS0414: ╨Я╨╛╨╗╤О "TelepathicChatSystem._chatSystem" ╨┐╤А╨╕╤Б╨▓╨╛╨╡╨╜╨╛ ╨╖╨╜╨░╤З╨╡╨╜╨╕╨╡, ╨╜╨╛ ╨╛╨╜╨╛ ╨╜╨╕ ╤А╨░╨╖╤Г ╨╜╨╡ ╨╕╤Б╨┐╨╛╨╗╤М╨╖╨╛╨▓╨░╨╜╨╛. [D:\projects\night-city\Content.Server\Content.Server.csproj]
D:\projects\night-city\Content.Server\Chat\Systems\EmoteOnDamageSystem.cs(33,54): warning CS0414: ╨Я╨╛╨╗╤О "EmoteOnDamageSystem._mobThreshold" ╨┐╤А╨╕╤Б╨▓╨╛╨╡╨╜╨╛ ╨╖╨╜╨░╤З╨╡╨╜╨╕╨╡, ╨╜╨╛ ╨╛╨╜╨╛ ╨╜╨╕ ╤А╨░╨╖╤Г ╨╜╨╡ ╨╕╤Б╨┐╨╛╨╗╤М╨╖╨╛╨▓╨░╨╜╨╛. [D:\projects\night-city\Content.Server\Content.Server.csproj]
D:\projects\night-city\Content.Server\AlertLevel\AlertLevelSystem.cs(41,53): warning CS0414: ╨Я╨╛╨╗╤О "AlertLevelSystem._audio" ╨┐╤А╨╕╤Б╨▓╨╛╨╡╨╜╨╛ ╨╖╨╜╨░╤З╨╡╨╜╨╕╨╡, ╨╜╨╛ ╨╛╨╜╨╛ ╨╜╨╕ ╤А╨░╨╖╤Г ╨╜╨╡ ╨╕╤Б╨┐╨╛╨╗╤М╨╖╨╛╨▓╨░╨╜╨╛. [D:\projects\night-city\Content.Server\Content.Server.csproj]
D:\projects\night-city\Content.Server\_NC\Netrunning\NetrunningSystem.cs(16,54): warning CS0414: ╨Я╨╛╨╗╤О "NetrunningSystem._entManager" ╨┐╤А╨╕╤Б╨▓╨╛╨╡╨╜╨╛ ╨╖╨╜╨░╤З╨╡╨╜╨╕╨╡, ╨╜╨╛ ╨╛╨╜╨╛ ╨╜╨╕ ╤А╨░╨╖╤Г ╨╜╨╡ ╨╕╤Б╨┐╨╛╨╗╤М╨╖╨╛╨▓╨░╨╜╨╛. [D:\projects\night-city\Content.Server\Content.Server.csproj]
D:\projects\night-city\Content.Server\StationEvents\Events\GreytideVirusRule.cs(32,52): warning CS0414: ╨Я╨╛╨╗╤О "GreytideVirusRule._door" ╨┐╤А╨╕╤Б╨▓╨╛╨╡╨╜╨╛ ╨╖╨╜╨░╤З╨╡╨╜╨╕╨╡, ╨╜╨╛ ╨╛╨╜╨╛ ╨╜╨╕ ╤А╨░╨╖╤Г ╨╜╨╡ ╨╕╤Б╨┐╨╛╨╗╤М╨╖╨╛╨▓╨░╨╜╨╛. [D:\projects\night-city\Content.Server\Content.Server.csproj]
D:\projects\night-city\Content.Server\Cloning\CloningConsoleSystem.cs(85,54): warning CS0414: ╨Я╨╛╨╗╤О "CloningConsoleSystem._mobStateSystem" ╨┐╤А╨╕╤Б╨▓╨╛╨╡╨╜╨╛ ╨╖╨╜╨░╤З╨╡╨╜╨╕╨╡, ╨╜╨╛ ╨╛╨╜╨╛ ╨╜╨╕ ╤А╨░╨╖╤Г ╨╜╨╡ ╨╕╤Б╨┐╨╛╨╗╤М╨╖╨╛╨▓╨░╨╜╨╛. [D:\projects\night-city\Content.Server\Content.Server.csproj]
D:\projects\night-city\Content.Server\_Shitcode\Wizard\Teleport\WizardTeleportSystem.cs(40,46): warning CS0414: ╨Я╨╛╨╗╤О "WizardTeleportSystem._chat" ╨┐╤А╨╕╤Б╨▓╨╛╨╡╨╜╨╛ ╨╖╨╜╨░╤З╨╡╨╜╨╕╨╡, ╨╜╨╛ ╨╛╨╜╨╛ ╨╜╨╕ ╤А╨░╨╖╤Г ╨╜╨╡ ╨╕╤Б╨┐╨╛╨╗╤М╨╖╨╛╨▓╨░╨╜╨╛. [D:\projects\night-city\Content.Server\Content.Server.csproj]
D:\projects\night-city\Content.Server\_Lavaland\Shuttles\Systems\DockingConsoleSystem.cs(61,57): warning CS0414: ╨Я╨╛╨╗╤О "DockingConsoleSystem._cfg" ╨┐╤А╨╕╤Б╨▓╨╛╨╡╨╜╨╛ ╨╖╨╜╨░╤З╨╡╨╜╨╕╨╡, ╨╜╨╛ ╨╛╨╜╨╛ ╨╜╨╕ ╤А╨░╨╖╤Г ╨╜╨╡ ╨╕╤Б╨┐╨╛╨╗╤М╨╖╨╛╨▓╨░╨╜╨╛. [D:\projects\night-city\Content.Server\Content.Server.csproj]
D:\projects\night-city\Content.Server\_Imp\Drone\DroneSystem.cs(38,49): warning CS0414: ╨Я╨╛╨╗╤О "DroneSystem._tagSystem" ╨┐╤А╨╕╤Б╨▓╨╛╨╡╨╜╨╛ ╨╖╨╜╨░╤З╨╡╨╜╨╕╨╡, ╨╜╨╛ ╨╛╨╜╨╛ ╨╜╨╕ ╤А╨░╨╖╤Г ╨╜╨╡ ╨╕╤Б╨┐╨╛╨╗╤М╨╖╨╛╨▓╨░╨╜╨╛. [D:\projects\night-city\Content.Server\Content.Server.csproj]
D:\projects\night-city\Content.Server\_CorvaxGoob\Document\DocumentPrinterSystem.cs(16,47): warning CS0414: ╨Я╨╛╨╗╤О "DocumentPrinterSystem._timing" ╨┐╤А╨╕╤Б╨▓╨╛╨╡╨╜╨╛ ╨╖╨╜╨░╤З╨╡╨╜╨╕╨╡, ╨╜╨╛ ╨╛╨╜╨╛ ╨╜╨╕ ╤А╨░╨╖╤Г ╨╜╨╡ ╨╕╤Б╨┐╨╛╨╗╤М╨╖╨╛╨▓╨░╨╜╨╛. [D:\projects\night-city\Content.Server\Content.Server.csproj]
D:\projects\night-city\Content.Server\Nyanotrasen\Item\PseudoItem\PseudoItemSystem.cs(29,49): warning CS0414: ╨Я╨╛╨╗╤О "PseudoItemSystem._doAfter" ╨┐╤А╨╕╤Б╨▓╨╛╨╡╨╜╨╛ ╨╖╨╜╨░╤З╨╡╨╜╨╕╨╡, ╨╜╨╛ ╨╛╨╜╨╛ ╨╜╨╕ ╤А╨░╨╖╤Г ╨╜╨╡ ╨╕╤Б╨┐╨╛╨╗╤М╨╖╨╛╨▓╨░╨╜╨╛. [D:\projects\night-city\Content.Server\Content.Server.csproj]
D:\projects\night-city\Content.Server\_EinsteinEngines\Power\Systems\BatteryDrinkerSystem.cs(42,57): warning CS0414: ╨Я╨╛╨╗╤О "BatteryDrinkerSystem._container" ╨┐╤А╨╕╤Б╨▓╨╛╨╡╨╜╨╛ ╨╖╨╜╨░╤З╨╡╨╜╨╕╨╡, ╨╜╨╛ ╨╛╨╜╨╛ ╨╜╨╕ ╤А╨░╨╖╤Г ╨╜╨╡ ╨╕╤Б╨┐╨╛╨╗╤М╨╖╨╛╨▓╨░╨╜╨╛. [D:\projects\night-city\Content.Server\Content.Server.csproj]
D:\projects\night-city\Content.Server\_White\Xenomorphs\Queen\XenomorphQueenSystem.cs(22,50): warning CS0414: ╨Я╨╛╨╗╤О "XenomorphQueenSystem._entityManager" ╨┐╤А╨╕╤Б╨▓╨╛╨╡╨╜╨╛ ╨╖╨╜╨░╤З╨╡╨╜╨╕╨╡, ╨╜╨╛ ╨╛╨╜╨╛ ╨╜╨╕ ╤А╨░╨╖╤Г ╨╜╨╡ ╨╕╤Б╨┐╨╛╨╗╤М╨╖╨╛╨▓╨░╨╜╨╛. [D:\projects\night-city\Content.Server\Content.Server.csproj]
D:\projects\night-city\Content.Server\_DV\CosmicCult\EntitySystems\CosmicEntropyDegenSystem.cs(27,53): warning CS0414: ╨Я╨╛╨╗╤О "CosmicEntropyDegenSystem._popup" ╨┐╤А╨╕╤Б╨▓╨╛╨╡╨╜╨╛ ╨╖╨╜╨░╤З╨╡╨╜╨╕╨╡, ╨╜╨╛ ╨╛╨╜╨╛ ╨╜╨╕ ╤А╨░╨╖╤Г ╨╜╨╡ ╨╕╤Б╨┐╨╛╨╗╤М╨╖╨╛╨▓╨░╨╜╨╛. [D:\projects\night-city\Content.Server\Content.Server.csproj]
D:\projects\night-city\Content.Server\Zombies\ZombieSystem.Transform.cs(130,45): warning CS0414: ╨Я╨╛╨╗╤О "ZombieSystem._tag" ╨┐╤А╨╕╤Б╨▓╨╛╨╡╨╜╨╛ ╨╖╨╜╨░╤З╨╡╨╜╨╕╨╡, ╨╜╨╛ ╨╛╨╜╨╛ ╨╜╨╕ ╤А╨░╨╖╤Г ╨╜╨╡ ╨╕╤Б╨┐╨╛╨╗╤М╨╖╨╛╨▓╨░╨╜╨╛. [D:\projects\night-city\Content.Server\Content.Server.csproj]
D:\projects\night-city\Content.Server\Cloning\CloningPodSystem.cs(50,50): warning CS0414: ╨Я╨╛╨╗╤О "CloningPodSystem._mobStateSystem" ╨┐╤А╨╕╤Б╨▓╨╛╨╡╨╜╨╛ ╨╖╨╜╨░╤З╨╡╨╜╨╕╨╡, ╨╜╨╛ ╨╛╨╜╨╛ ╨╜╨╕ ╤А╨░╨╖╤Г ╨╜╨╡ ╨╕╤Б╨┐╨╛╨╗╤М╨╖╨╛╨▓╨░╨╜╨╛. [D:\projects\night-city\Content.Server\Content.Server.csproj]
D:\projects\night-city\Content.Server\Projectiles\ProjectileSystem.cs(91,57): warning CS0414: ╨Я╨╛╨╗╤О "ProjectileSystem._xform" ╨┐╤А╨╕╤Б╨▓╨╛╨╡╨╜╨╛ ╨╖╨╜╨░╤З╨╡╨╜╨╕╨╡, ╨╜╨╛ ╨╛╨╜╨╛ ╨╜╨╕ ╤А╨░╨╖╤Г ╨╜╨╡ ╨╕╤Б╨┐╨╛╨╗╤М╨╖╨╛╨▓╨░╨╜╨╛. [D:\projects\night-city\Content.Server\Content.Server.csproj]
D:\projects\night-city\Content.Server\_DV\CosmicCult\Abilities\CosmicMonumentSystem.cs(26,58): warning CS0414: ╨Я╨╛╨╗╤О "CosmicMonumentSystem._tileDef" ╨┐╤А╨╕╤Б╨▓╨╛╨╡╨╜╨╛ ╨╖╨╜╨░╤З╨╡╨╜╨╕╨╡, ╨╜╨╛ ╨╛╨╜╨╛ ╨╜╨╕ ╤А╨░╨╖╤Г ╨╜╨╡ ╨╕╤Б╨┐╨╛╨╗╤М╨╖╨╛╨▓╨░╨╜╨╛. [D:\projects\night-city\Content.Server\Content.Server.csproj]
D:\projects\night-city\Content.Server\Body\Systems\BodySystem.cs(104,53): warning CS0414: ╨Я╨╛╨╗╤О "BodySystem._bloodstream" ╨┐╤А╨╕╤Б╨▓╨╛╨╡╨╜╨╛ ╨╖╨╜╨░╤З╨╡╨╜╨╕╨╡, ╨╜╨╛ ╨╛╨╜╨╛ ╨╜╨╕ ╤А╨░╨╖╤Г ╨╜╨╡ ╨╕╤Б╨┐╨╛╨╗╤М╨╖╨╛╨▓╨░╨╜╨╛. [D:\projects\night-city\Content.Server\Content.Server.csproj]
D:\projects\night-city\Content.Server\_White\Blocking\RechargeableBlockingSystem.cs(26,47): warning CS0414: ╨Я╨╛╨╗╤О "RechargeableBlockingSystem._popup" ╨┐╤А╨╕╤Б╨▓╨╛╨╡╨╜╨╛ ╨╖╨╜╨░╤З╨╡╨╜╨╕╨╡, ╨╜╨╛ ╨╛╨╜╨╛ ╨╜╨╕ ╤А╨░╨╖╤Г ╨╜╨╡ ╨╕╤Б╨┐╨╛╨╗╤М╨╖╨╛╨▓╨░╨╜╨╛. [D:\projects\night-city\Content.Server\Content.Server.csproj]
D:\projects\night-city\Content.Server\_Starlight\VentCrawling\VentCrawlerTubeSystem.cs(32,47): warning CS0414: ╨Я╨╛╨╗╤О "VentCrawlerTubeSystem._mapManager" ╨┐╤А╨╕╤Б╨▓╨╛╨╡╨╜╨╛ ╨╖╨╜╨░╤З╨╡╨╜╨╕╨╡, ╨╜╨╛ ╨╛╨╜╨╛ ╨╜╨╕ ╤А╨░╨╖╤Г ╨╜╨╡ ╨╕╤Б╨┐╨╛╨╗╤М╨╖╨╛╨▓╨░╨╜╨╛. [D:\projects\night-city\Content.Server\Content.Server.csproj]
D:\projects\night-city\Content.Server\_Starlight\VentCrawling\VentCrawlerTubeSystem.cs(36,57): warning CS0414: ╨Я╨╛╨╗╤О "VentCrawlerTubeSystem._VentCrawlerTubeSystem" ╨┐╤А╨╕╤Б╨▓╨╛╨╡╨╜╨╛ ╨╖╨╜╨░╤З╨╡╨╜╨╕╨╡, ╨╜╨╛ ╨╛╨╜╨╛ ╨╜╨╕ ╤А╨░╨╖╤Г ╨╜╨╡ ╨╕╤Б╨┐╨╛╨╗╤М╨╖╨╛╨▓╨░╨╜╨╛. [D:\projects\night-city\Content.Server\Content.Server.csproj]
D:\projects\night-city\Content.Server\Chemistry\EntitySystems\SolutionInjectWhileEmbeddedSystem.cs(30,53): warning CS0414: ╨Я╨╛╨╗╤О "SolutionInjectWhileEmbeddedSystem._popup" ╨┐╤А╨╕╤Б╨▓╨╛╨╡╨╜╨╛ ╨╖╨╜╨░╤З╨╡╨╜╨╕╨╡, ╨╜╨╛ ╨╛╨╜╨╛ ╨╜╨╕ ╤А╨░╨╖╤Г ╨╜╨╡ ╨╕╤Б╨┐╨╛╨╗╤М╨╖╨╛╨▓╨░╨╜╨╛. [D:\projects\night-city\Content.Server\Content.Server.csproj]
D:\projects\night-city\Content.Server\_Mono\SpaceArtillery\SpaceArtillerySystem.cs(25,52): warning CS0414: ╨Я╨╛╨╗╤О "SpaceArtillerySystem._deviceLink" ╨┐╤А╨╕╤Б╨▓╨╛╨╡╨╜╨╛ ╨╖╨╜╨░╤З╨╡╨╜╨╕╨╡, ╨╜╨╛ ╨╛╨╜╨╛ ╨╜╨╕ ╤А╨░╨╖╤Г ╨╜╨╡ ╨╕╤Б╨┐╨╛╨╗╤М╨╖╨╛╨▓╨░╨╜╨╛. [D:\projects\night-city\Content.Server\Content.Server.csproj]
D:\projects\night-city\Content.Server\Chemistry\EntitySystems\SolutionInjectWhileEmbeddedSystem.cs(32,45): warning CS0414: ╨Я╨╛╨╗╤О "SolutionInjectWhileEmbeddedSystem._tag" ╨┐╤А╨╕╤Б╨▓╨╛╨╡╨╜╨╛ ╨╖╨╜╨░╤З╨╡╨╜╨╕╨╡, ╨╜╨╛ ╨╛╨╜╨╛ ╨╜╨╕ ╤А╨░╨╖╤Г ╨╜╨╡ ╨╕╤Б╨┐╨╛╨╗╤М╨╖╨╛╨▓╨░╨╜╨╛. [D:\projects\night-city\Content.Server\Content.Server.csproj]
D:\projects\night-city\Content.Server\Nyanotrasen\Item\PseudoItem\PseudoItemSystem.cs(27,49): warning CS0414: ╨Я╨╛╨╗╤О "PseudoItemSystem._storage" ╨┐╤А╨╕╤Б╨▓╨╛╨╡╨╜╨╛ ╨╖╨╜╨░╤З╨╡╨╜╨╕╨╡, ╨╜╨╛ ╨╛╨╜╨╛ ╨╜╨╕ ╤А╨░╨╖╤Г ╨╜╨╡ ╨╕╤Б╨┐╨╛╨╗╤М╨╖╨╛╨▓╨░╨╜╨╛. [D:\projects\night-city\Content.Server\Content.Server.csproj]
D:\projects\night-city\Content.Server\_Mono\Radar\HitscanRadarSystem.cs(18,55): warning CS0414: ╨Я╨╛╨╗╤О "HitscanRadarSystem._physics" ╨┐╤А╨╕╤Б╨▓╨╛╨╡╨╜╨╛ ╨╖╨╜╨░╤З╨╡╨╜╨╕╨╡, ╨╜╨╛ ╨╛╨╜╨╛ ╨╜╨╕ ╤А╨░╨╖╤Г ╨╜╨╡ ╨╕╤Б╨┐╨╛╨╗╤М╨╖╨╛╨▓╨░╨╜╨╛. [D:\projects\night-city\Content.Server\Content.Server.csproj]
D:\projects\night-city\Content.Server\Weapons\Ranged\Systems\GunSystem.cs(169,51): warning CS0414: ╨Я╨╛╨╗╤О "GunSystem._powerCell" ╨┐╤А╨╕╤Б╨▓╨╛╨╡╨╜╨╛ ╨╖╨╜╨░╤З╨╡╨╜╨╕╨╡, ╨╜╨╛ ╨╛╨╜╨╛ ╨╜╨╕ ╤А╨░╨╖╤Г ╨╜╨╡ ╨╕╤Б╨┐╨╛╨╗╤М╨╖╨╛╨▓╨░╨╜╨╛. [D:\projects\night-city\Content.Server\Content.Server.csproj]
D:\projects\night-city\Content.Server\Radio\EntitySystems\RadioDeviceSystem.cs(85,50): warning CS0414: ╨Я╨╛╨╗╤О "RadioDeviceSystem._language" ╨┐╤А╨╕╤Б╨▓╨╛╨╡╨╜╨╛ ╨╖╨╜╨░╤З╨╡╨╜╨╕╨╡, ╨╜╨╛ ╨╛╨╜╨╛ ╨╜╨╕ ╤А╨░╨╖╤Г ╨╜╨╡ ╨╕╤Б╨┐╨╛╨╗╤М╨╖╨╛╨▓╨░╨╜╨╛. [D:\projects\night-city\Content.Server\Content.Server.csproj]
D:\projects\night-city\Content.Server\Explosion\EntitySystems\ExplosionSystem.cs(184,52): warning CS0414: ╨Я╨╛╨╗╤О "ExplosionSystem._body" ╨┐╤А╨╕╤Б╨▓╨╛╨╡╨╜╨╛ ╨╖╨╜╨░╤З╨╡╨╜╨╕╨╡, ╨╜╨╛ ╨╛╨╜╨╛ ╨╜╨╕ ╤А╨░╨╖╤Г ╨╜╨╡ ╨╕╤Б╨┐╨╛╨╗╤М╨╖╨╛╨▓╨░╨╜╨╛. [D:\projects\night-city\Content.Server\Content.Server.csproj]
D:\projects\night-city\Content.Server\Nyanotrasen\Abilities\Felinid\FelinidSystem.cs(44,53): warning CS0414: ╨Я╨╛╨╗╤О "FelinidSystem._prototypeManager" ╨┐╤А╨╕╤Б╨▓╨╛╨╡╨╜╨╛ ╨╖╨╜╨░╤З╨╡╨╜╨╕╨╡, ╨╜╨╛ ╨╛╨╜╨╛ ╨╜╨╕ ╤А╨░╨╖╤Г ╨╜╨╡ ╨╕╤Б╨┐╨╛╨╗╤М╨╖╨╛╨▓╨░╨╜╨╛. [D:\projects\night-city\Content.Server\Content.Server.csproj]
D:\projects\night-city\Content.Server\GameTicking\Rules\NukeopsRuleSystem.cs(124,49): warning CS0414: ╨Я╨╛╨╗╤О "NukeopsRuleSystem._stationSystem" ╨┐╤А╨╕╤Б╨▓╨╛╨╡╨╜╨╛ ╨╖╨╜╨░╤З╨╡╨╜╨╕╨╡, ╨╜╨╛ ╨╛╨╜╨╛ ╨╜╨╕ ╤А╨░╨╖╤Г ╨╜╨╡ ╨╕╤Б╨┐╨╛╨╗╤М╨╖╨╛╨▓╨░╨╜╨╛. [D:\projects\night-city\Content.Server\Content.Server.csproj]
D:\projects\night-city\Content.Server\Atmos\EntitySystems\PipeRestrictOverlapSystem.cs(34,57): warning CS0414: ╨Я╨╛╨╗╤О "PipeRestrictOverlapSystem._cfg" ╨┐╤А╨╕╤Б╨▓╨╛╨╡╨╜╨╛ ╨╖╨╜╨░╤З╨╡╨╜╨╕╨╡, ╨╜╨╛ ╨╛╨╜╨╛ ╨╜╨╕ ╤А╨░╨╖╤Г ╨╜╨╡ ╨╕╤Б╨┐╨╛╨╗╤М╨╖╨╛╨▓╨░╨╜╨╛. [D:\projects\night-city\Content.Server\Content.Server.csproj]
D:\projects\night-city\Content.Server\_Shitmed\Objectives\Systems\RoleplayObjectiveSystem.cs(15,52): warning CS0414: ╨Я╨╛╨╗╤О "RoleplayObjectiveSystem._mind" ╨┐╤А╨╕╤Б╨▓╨╛╨╡╨╜╨╛ ╨╖╨╜╨░╤З╨╡╨╜╨╕╨╡, ╨╜╨╛ ╨╛╨╜╨╛ ╨╜╨╕ ╤А╨░╨╖╤Г ╨╜╨╡ ╨╕╤Б╨┐╨╛╨╗╤М╨╖╨╛╨▓╨░╨╜╨╛. [D:\projects\night-city\Content.Server\Content.Server.csproj]
D:\projects\night-city\Content.Server\_DV\CosmicCult\Abilities\CosmicConversionSystem.cs(29,52): warning CS0414: ╨Я╨╛╨╗╤О "CosmicConversionSystem._damageable" ╨┐╤А╨╕╤Б╨▓╨╛╨╡╨╜╨╛ ╨╖╨╜╨░╤З╨╡╨╜╨╕╨╡, ╨╜╨╛ ╨╛╨╜╨╛ ╨╜╨╕ ╤А╨░╨╖╤Г ╨╜╨╡ ╨╕╤Б╨┐╨╛╨╗╤М╨╖╨╛╨▓╨░╨╜╨╛. [D:\projects\night-city\Content.Server\Content.Server.csproj]
D:\projects\night-city\Content.Server\_Shitmed\Objectives\Systems\ForceHereticObjectiveSystem.cs(18,52): warning CS0414: ╨Я╨╛╨╗╤О "ForceHereticObjectiveSystem._mind" ╨┐╤А╨╕╤Б╨▓╨╛╨╡╨╜╨╛ ╨╖╨╜╨░╤З╨╡╨╜╨╕╨╡, ╨╜╨╛ ╨╛╨╜╨╛ ╨╜╨╕ ╤А╨░╨╖╤Г ╨╜╨╡ ╨╕╤Б╨┐╨╛╨╗╤М╨╖╨╛╨▓╨░╨╜╨╛. [D:\projects\night-city\Content.Server\Content.Server.csproj]
D:\projects\night-city\Content.Server\_DV\CosmicCult\Abilities\CosmicConversionSystem.cs(30,50): warning CS0414: ╨Я╨╛╨╗╤О "CosmicConversionSystem._mobState" ╨┐╤А╨╕╤Б╨▓╨╛╨╡╨╜╨╛ ╨╖╨╜╨░╤З╨╡╨╜╨╕╨╡, ╨╜╨╛ ╨╛╨╜╨╛ ╨╜╨╕ ╤А╨░╨╖╤Г ╨╜╨╡ ╨╕╤Б╨┐╨╛╨╗╤М╨╖╨╛╨▓╨░╨╜╨╛. [D:\projects\night-city\Content.Server\Content.Server.csproj]
D:\projects\night-city\Content.Server\_Shitcode\Heretic\EntitySystems\HereticBladeSystem.cs(26,53): warning CS0414: ╨Я╨╛╨╗╤О "HereticBladeSystem._proto" ╨┐╤А╨╕╤Б╨▓╨╛╨╡╨╜╨╛ ╨╖╨╜╨░╤З╨╡╨╜╨╕╨╡, ╨╜╨╛ ╨╛╨╜╨╛ ╨╜╨╕ ╤А╨░╨╖╤Г ╨╜╨╡ ╨╕╤Б╨┐╨╛╨╗╤М╨╖╨╛╨▓╨░╨╜╨╛. [D:\projects\night-city\Content.Server\Content.Server.csproj]
D:\projects\night-city\Content.Server\_Shitmed\Body\Systems\EyesSystem.cs(22,54): warning CS0414: ╨Я╨╛╨╗╤О "EyesSystem._entityManager" ╨┐╤А╨╕╤Б╨▓╨╛╨╡╨╜╨╛ ╨╖╨╜╨░╤З╨╡╨╜╨╕╨╡, ╨╜╨╛ ╨╛╨╜╨╛ ╨╜╨╕ ╤А╨░╨╖╤Г ╨╜╨╡ ╨╕╤Б╨┐╨╛╨╗╤М╨╖╨╛╨▓╨░╨╜╨╛. [D:\projects\night-city\Content.Server\Content.Server.csproj]
D:\projects\night-city\Content.Server\_DV\CosmicCult\DeconversionSystem.cs(23,50): warning CS0414: ╨Я╨╛╨╗╤О "DeconversionSystem._entityManager" ╨┐╤А╨╕╤Б╨▓╨╛╨╡╨╜╨╛ ╨╖╨╜╨░╤З╨╡╨╜╨╕╨╡, ╨╜╨╛ ╨╛╨╜╨╛ ╨╜╨╕ ╤А╨░╨╖╤Г ╨╜╨╡ ╨╕╤Б╨┐╨╛╨╗╤М╨╖╨╛╨▓╨░╨╜╨╛. [D:\projects\night-city\Content.Server\Content.Server.csproj]
D:\projects\night-city\Content.Server\Weapons\DamageMarkerSystem.cs(39,52): warning CS0414: ╨Я╨╛╨╗╤О "DamageMarkerSystem._stun" ╨┐╤А╨╕╤Б╨▓╨╛╨╡╨╜╨╛ ╨╖╨╜╨░╤З╨╡╨╜╨╕╨╡, ╨╜╨╛ ╨╛╨╜╨╛ ╨╜╨╕ ╤А╨░╨╖╤Г ╨╜╨╡ ╨╕╤Б╨┐╨╛╨╗╤М╨╖╨╛╨▓╨░╨╜╨╛. [D:\projects\night-city\Content.Server\Content.Server.csproj]
D:\projects\night-city\Content.Server\Implants\SubdermalImplantSystem.cs(137,51): warning CS0414: ╨Я╨╛╨╗╤О "SubdermalImplantSystem._mapSystem" ╨┐╤А╨╕╤Б╨▓╨╛╨╡╨╜╨╛ ╨╖╨╜╨░╤З╨╡╨╜╨╕╨╡, ╨╜╨╛ ╨╛╨╜╨╛ ╨╜╨╕ ╤А╨░╨╖╤Г ╨╜╨╡ ╨╕╤Б╨┐╨╛╨╗╤М╨╖╨╛╨▓╨░╨╜╨╛. [D:\projects\night-city\Content.Server\Content.Server.csproj]
D:\projects\night-city\Content.Server\_CorvaxGoob\StationGoal\StationGoalPrototype.cs(6,25): warning RA0038: Type Content.Server._CorvaxGoob.StationGoal.StationGoalPrototype is a prototype and marked as [Serializable]. Prototypes should not be directly sent over the network, send their IDs instead. [D:\projects\night-city\Content.Server\Content.Server.csproj]
D:\projects\night-city\Content.Server\Atmos\Monitor\Systems\AirAlarmSystem.cs(98,16): warning RA0003: Class must be explicitly marked as [Virtual], abstract, static or sealed [D:\projects\night-city\Content.Server\Content.Server.csproj]
D:\projects\night-city\Content.Server\_CorvaxGoob\Atmos\System\AirAlarmSystem.cs(10,20): warning RA0003: Class must be explicitly marked as [Virtual], abstract, static or sealed [D:\projects\night-city\Content.Server\Content.Server.csproj]
D:\projects\night-city\Content.Server\_Shitmed\DelayedDeath\DelayedDeathSystem.cs(23,16): warning RA0003: Class must be explicitly marked as [Virtual], abstract, static or sealed [D:\projects\night-city\Content.Server\Content.Server.csproj]
D:\projects\night-city\Content.Server\_White\Teleporter\ExperimentalTeleporterSystem.cs(49,17): warning RA0030: Use the non-generic variant of this method for type TransformComponent [D:\projects\night-city\Content.Server\Content.Server.csproj]
D:\projects\night-city\Content.Server\_White\Teleporter\ExperimentalTeleporterSystem.cs(116,57): warning RA0033: The tag parameter of HasTag forbids literal values [D:\projects\night-city\Content.Server\Content.Server.csproj]
D:\projects\night-city\Content.Server\_Starlight\VentCrawling\VentCrawlerTubeSystem.cs(67,13): warning RA0030: Use the non-generic variant of this method for type TransformComponent [D:\projects\night-city\Content.Server\Content.Server.csproj]
D:\projects\night-city\Content.Server\_Shitcode\Heretic\Ritual\CustomBehavior.Sacrifice.cs(80,9): warning RA0025: Tried to assign to [Dependency] field '_proto'. Remove [Dependency] or inject it via field injection instead. [D:\projects\night-city\Content.Server\Content.Server.csproj]
D:\projects\night-city\Content.Server\_Shitcode\Heretic\Ritual\CustomBehavior.Sacrifice.cs(81,9): warning RA0025: Tried to assign to [Dependency] field '_log'. Remove [Dependency] or inject it via field injection instead. [D:\projects\night-city\Content.Server\Content.Server.csproj]
D:\projects\night-city\Content.Server\_CorvaxGoob\TTS\TTSSystem.Sanitize.cs(19,16): warning RA0026: Usage of a static Regex function that takes in a pattern string. This can cause constant re-parsing of the pattern. [D:\projects\night-city\Content.Server\Content.Server.csproj]
D:\projects\night-city\Content.Server\_CorvaxGoob\TTS\TTSSystem.Sanitize.cs(20,16): warning RA0026: Usage of a static Regex function that takes in a pattern string. This can cause constant re-parsing of the pattern. [D:\projects\night-city\Content.Server\Content.Server.csproj]
D:\projects\night-city\Content.Server\_CorvaxGoob\TTS\TTSSystem.Sanitize.cs(21,16): warning RA0026: Usage of a static Regex function that takes in a pattern string. This can cause constant re-parsing of the pattern. [D:\projects\night-city\Content.Server\Content.Server.csproj]
D:\projects\night-city\Content.Server\_CorvaxGoob\TTS\TTSSystem.Sanitize.cs(22,16): warning RA0026: Usage of a static Regex function that takes in a pattern string. This can cause constant re-parsing of the pattern. [D:\projects\night-city\Content.Server\Content.Server.csproj]
D:\projects\night-city\Content.Server\_CorvaxGoob\TTS\TTSSystem.Sanitize.cs(23,16): warning RA0026: Usage of a static Regex function that takes in a pattern string. This can cause constant re-parsing of the pattern. [D:\projects\night-city\Content.Server\Content.Server.csproj]
D:\projects\night-city\Content.Server\_Mono\Projectiles\TargetSeeking\TargetSeekingSystem.cs(166,46): warning RA0030: Use the non-generic variant of this method for type TransformComponent [D:\projects\night-city\Content.Server\Content.Server.csproj]
D:\projects\night-city\Content.Server\_Mono\Projectiles\TargetSeeking\TargetSeekingSystem.cs(214,46): warning RA0030: Use the non-generic variant of this method for type TransformComponent [D:\projects\night-city\Content.Server\Content.Server.csproj]
D:\projects\night-city\Content.Server\_DV\Paper\SignatureSystem.cs(41,60): warning RA0033: The tag parameter of HasTag forbids literal values [D:\projects\night-city\Content.Server\Content.Server.csproj]
D:\projects\night-city\Content.Server\_Mono\FireControl\FireControlSystem.cs(394,17): warning RA0030: Use the non-generic variant of this method for type TransformComponent [D:\projects\night-city\Content.Server\Content.Server.csproj]
D:\projects\night-city\Content.Server\_Shitcode\Heretic\EntitySystems\PathSpecific\AristocratSystem.cs(292,40): warning RA0033: The tag parameter of HasTag forbids literal values [D:\projects\night-city\Content.Server\Content.Server.csproj]
D:\projects\night-city\Content.Server\_Shitcode\Heretic\EntitySystems\PathSpecific\AristocratSystem.cs(302,40): warning RA0033: The tag parameter of HasTag forbids literal values [D:\projects\night-city\Content.Server\Content.Server.csproj]
D:\projects\night-city\Content.Server\_Shitcode\Heretic\EntitySystems\MansusGraspSystem.cs(116,44): warning RA0033: The tag parameter of HasTag forbids literal values [D:\projects\night-city\Content.Server\Content.Server.csproj]
D:\projects\night-city\Content.Server\Silicons\Laws\SiliconLawSystem.cs(188,39): warning RA0033: The tag parameter of HasTag forbids literal values [D:\projects\night-city\Content.Server\Content.Server.csproj]
D:\projects\night-city\Content.Server\Speech\EntitySystems\ReplacementAccentSystem.cs(83,30): warning RA0026: Usage of a static Regex function that takes in a pattern string. This can cause constant re-parsing of the pattern. [D:\projects\night-city\Content.Server\Content.Server.csproj]
D:\projects\night-city\Content.Server\Speech\EntitySystems\ReplacementAccentSystem.cs(86,35): warning RA0026: Usage of a static Regex function that takes in a pattern string. This can cause constant re-parsing of the pattern. [D:\projects\night-city\Content.Server\Content.Server.csproj]
D:\projects\night-city\Content.Server\Speech\EntitySystems\MothAccentSystem.cs(39,19): warning RA0026: Usage of a static Regex function that takes in a pattern string. This can cause constant re-parsing of the pattern. [D:\projects\night-city\Content.Server\Content.Server.csproj]
D:\projects\night-city\Content.Server\Speech\EntitySystems\MothAccentSystem.cs(45,19): warning RA0026: Usage of a static Regex function that takes in a pattern string. This can cause constant re-parsing of the pattern. [D:\projects\night-city\Content.Server\Content.Server.csproj]
D:\projects\night-city\Content.Server\Speech\EntitySystems\MothAccentSystem.cs(51,19): warning RA0026: Usage of a static Regex function that takes in a pattern string. This can cause constant re-parsing of the pattern. [D:\projects\night-city\Content.Server\Content.Server.csproj]
D:\projects\night-city\Content.Server\Speech\EntitySystems\MothAccentSystem.cs(57,19): warning RA0026: Usage of a static Regex function that takes in a pattern string. This can cause constant re-parsing of the pattern. [D:\projects\night-city\Content.Server\Content.Server.csproj]
D:\projects\night-city\Content.Server\Nyanotrasen\Mail\MailSystem.cs(743,41): warning RA0033: The tag parameter of AddTag forbids literal values [D:\projects\night-city\Content.Server\Content.Server.csproj]
D:\projects\night-city\Content.Server\Nyanotrasen\Mail\MailSystem.cs(774,36): warning RA0033: The tag parameter of AddTag forbids literal values [D:\projects\night-city\Content.Server\Content.Server.csproj]
D:\projects\night-city\Content.Server\Nyanotrasen\Mail\MailSystem.cs(775,36): warning RA0033: The tag parameter of AddTag forbids literal values [D:\projects\night-city\Content.Server\Content.Server.csproj]
D:\projects\night-city\Content.Server\Maps\GameMapPrototype.cs(102,16): warning RA0039: Do not instantiate prototypes directly. Prototypes should always be instantiated by the prototype manager. [D:\projects\night-city\Content.Server\Content.Server.csproj]
D:\projects\night-city\Content.Server\Speech\EntitySystems\LizardAccentSystem.cs(47,19): warning RA0026: Usage of a static Regex function that takes in a pattern string. This can cause constant re-parsing of the pattern. [D:\projects\night-city\Content.Server\Content.Server.csproj]
D:\projects\night-city\Content.Server\Speech\EntitySystems\LizardAccentSystem.cs(53,19): warning RA0026: Usage of a static Regex function that takes in a pattern string. This can cause constant re-parsing of the pattern. [D:\projects\night-city\Content.Server\Content.Server.csproj]
D:\projects\night-city\Content.Server\Speech\EntitySystems\LizardAccentSystem.cs(59,19): warning RA0026: Usage of a static Regex function that takes in a pattern string. This can cause constant re-parsing of the pattern. [D:\projects\night-city\Content.Server\Content.Server.csproj]
D:\projects\night-city\Content.Server\Speech\EntitySystems\LizardAccentSystem.cs(65,19): warning RA0026: Usage of a static Regex function that takes in a pattern string. This can cause constant re-parsing of the pattern. [D:\projects\night-city\Content.Server\Content.Server.csproj]
D:\projects\night-city\Content.Server\Speech\EntitySystems\LizardAccentSystem.cs(71,19): warning RA0026: Usage of a static Regex function that takes in a pattern string. This can cause constant re-parsing of the pattern. [D:\projects\night-city\Content.Server\Content.Server.csproj]
D:\projects\night-city\Content.Server\Speech\EntitySystems\LizardAccentSystem.cs(77,19): warning RA0026: Usage of a static Regex function that takes in a pattern string. This can cause constant re-parsing of the pattern. [D:\projects\night-city\Content.Server\Content.Server.csproj]
D:\projects\night-city\Content.Server\Speech\EntitySystems\LizardAccentSystem.cs(83,19): warning RA0026: Usage of a static Regex function that takes in a pattern string. This can cause constant re-parsing of the pattern. [D:\projects\night-city\Content.Server\Content.Server.csproj]
D:\projects\night-city\Content.Server\Speech\EntitySystems\LizardAccentSystem.cs(89,19): warning RA0026: Usage of a static Regex function that takes in a pattern string. This can cause constant re-parsing of the pattern. [D:\projects\night-city\Content.Server\Content.Server.csproj]
D:\projects\night-city\Content.Server\Speech\EntitySystems\FrontalLispSystem.cs(46,19): warning RA0026: Usage of a static Regex function that takes in a pattern string. This can cause constant re-parsing of the pattern. [D:\projects\night-city\Content.Server\Content.Server.csproj]
D:\projects\night-city\Content.Server\Speech\EntitySystems\FrontalLispSystem.cs(47,19): warning RA0026: Usage of a static Regex function that takes in a pattern string. This can cause constant re-parsing of the pattern. [D:\projects\night-city\Content.Server\Content.Server.csproj]
D:\projects\night-city\Content.Server\Speech\EntitySystems\FrontalLispSystem.cs(49,19): warning RA0026: Usage of a static Regex function that takes in a pattern string. This can cause constant re-parsing of the pattern. [D:\projects\night-city\Content.Server\Content.Server.csproj]
D:\projects\night-city\Content.Server\Speech\EntitySystems\FrontalLispSystem.cs(50,19): warning RA0026: Usage of a static Regex function that takes in a pattern string. This can cause constant re-parsing of the pattern. [D:\projects\night-city\Content.Server\Content.Server.csproj]
D:\projects\night-city\Content.Server\Speech\EntitySystems\FrontalLispSystem.cs(52,19): warning RA0026: Usage of a static Regex function that takes in a pattern string. This can cause constant re-parsing of the pattern. [D:\projects\night-city\Content.Server\Content.Server.csproj]
D:\projects\night-city\Content.Server\Speech\EntitySystems\FrontalLispSystem.cs(53,19): warning RA0026: Usage of a static Regex function that takes in a pattern string. This can cause constant re-parsing of the pattern. [D:\projects\night-city\Content.Server\Content.Server.csproj]
D:\projects\night-city\Content.Server\Speech\EntitySystems\FrontalLispSystem.cs(55,19): warning RA0026: Usage of a static Regex function that takes in a pattern string. This can cause constant re-parsing of the pattern. [D:\projects\night-city\Content.Server\Content.Server.csproj]
D:\projects\night-city\Content.Server\Speech\EntitySystems\FrontalLispSystem.cs(56,19): warning RA0026: Usage of a static Regex function that takes in a pattern string. This can cause constant re-parsing of the pattern. [D:\projects\night-city\Content.Server\Content.Server.csproj]
D:\projects\night-city\Content.Server\Speech\EntitySystems\FrontalLispSystem.cs(58,19): warning RA0026: Usage of a static Regex function that takes in a pattern string. This can cause constant re-parsing of the pattern. [D:\projects\night-city\Content.Server\Content.Server.csproj]
D:\projects\night-city\Content.Server\Speech\EntitySystems\FrontalLispSystem.cs(59,19): warning RA0026: Usage of a static Regex function that takes in a pattern string. This can cause constant re-parsing of the pattern. [D:\projects\night-city\Content.Server\Content.Server.csproj]
D:\projects\night-city\Content.Server\_Shitcode\Heretic\Abilities\HereticAbilitySystem.cs(248,41): warning RA0033: The tag parameter of HasTag forbids literal values [D:\projects\night-city\Content.Server\Content.Server.csproj]
D:\projects\night-city\Content.Server\Chat\SuicideSystem.cs(130,134): warning RA0033: The tag parameter of HasTag forbids literal values [D:\projects\night-city\Content.Server\Content.Server.csproj]
D:\projects\night-city\Content.Server\_Shitcode\Heretic\Abilities\HereticAbilitySystem.Rust.cs(310,78): warning RA0033: The tag parameter of HasTag forbids literal values [D:\projects\night-city\Content.Server\Content.Server.csproj]
D:\projects\night-city\Content.Server\Administration\Commands\PlayTimeCommands.cs(72,37): warning RA0026: Usage of a static Regex function that takes in a pattern string. This can cause constant re-parsing of the pattern. [D:\projects\night-city\Content.Server\Content.Server.csproj]
D:\projects\night-city\Content.Server\Chemistry\EntitySystems\SolutionInjectOnEventSystem.cs(141,55): warning RA0033: The tag parameter of HasTag forbids literal values [D:\projects\night-city\Content.Server\Content.Server.csproj]

╨Ю╤И╨╕╨▒╨║╨░ ╤Б╨▒╨╛╤А╨║╨╕.

D:\projects\night-city\RobustToolbox\Robust.Client\Robust.Client.csproj : warning NU1902: ╨г ╨┐╨░╨║╨╡╤В╨░ "SixLabors.ImageSharp" 3.1.7 ╨╡╤Б╤В╤М ╨╕╨╖╨▓╨╡╤Б╤В╨╜╨░╤П ╤Г╤П╨╖╨▓╨╕╨╝╨╛╤Б╤В╤М https://github.com/advisories/GHSA-rxmq-m78w-7wmc (╤Г╤А╨╛╨▓╨╡╨╜╤М ╤Б╨╡╤А╤М╨╡╨╖╨╜╨╛╤Б╤В╨╕: ╤Б╤А╨╡╨┤╨╜╨╕╨╣) [D:\projects\night-city\SpaceStation14.sln]
D:\projects\night-city\Content.MapRenderer\Content.MapRenderer.csproj : warning NU1902: ╨г ╨┐╨░╨║╨╡╤В╨░ "SixLabors.ImageSharp" 3.1.7 ╨╡╤Б╤В╤М ╨╕╨╖╨▓╨╡╤Б╤В╨╜╨░╤П ╤Г╤П╨╖╨▓╨╕╨╝╨╛╤Б╤В╤М https://github.com/advisories/GHSA-rxmq-m78w-7wmc (╤Г╤А╨╛╨▓╨╡╨╜╤М ╤Б╨╡╤А╤М╨╡╨╖╨╜╨╛╤Б╤В╨╕: ╤Б╤А╨╡╨┤╨╜╨╕╨╣) [D:\projects\night-city\SpaceStation14.sln]
D:\projects\night-city\RobustToolbox\Robust.Shared\Robust.Shared.csproj : warning NU1902: ╨г ╨┐╨░╨║╨╡╤В╨░ "SixLabors.ImageSharp" 3.1.7 ╨╡╤Б╤В╤М ╨╕╨╖╨▓╨╡╤Б╤В╨╜╨░╤П ╤Г╤П╨╖╨▓╨╕╨╝╨╛╤Б╤В╤М https://github.com/advisories/GHSA-rxmq-m78w-7wmc (╤Г╤А╨╛╨▓╨╡╨╜╤М ╤Б╨╡╤А╤М╨╡╨╖╨╜╨╛╤Б╤В╨╕: ╤Б╤А╨╡╨┤╨╜╨╕╨╣) [D:\projects\night-city\SpaceStation14.sln]
D:\projects\night-city\RobustToolbox\Robust.Client\Robust.Client.csproj : warning NU1902: ╨г ╨┐╨░╨║╨╡╤В╨░ "SixLabors.ImageSharp" 3.1.7 ╨╡╤Б╤В╤М ╨╕╨╖╨▓╨╡╤Б╤В╨╜╨░╤П ╤Г╤П╨╖╨▓╨╕╨╝╨╛╤Б╤В╤М https://github.com/advisories/GHSA-rxmq-m78w-7wmc (╤Г╤А╨╛╨▓╨╡╨╜╤М ╤Б╨╡╤А╤М╨╡╨╖╨╜╨╛╤Б╤В╨╕: ╤Б╤А╨╡╨┤╨╜╨╕╨╣)
D:\projects\night-city\RobustToolbox\Robust.Shared\Robust.Shared.csproj : warning NU1902: ╨г ╨┐╨░╨║╨╡╤В╨░ "SixLabors.ImageSharp" 3.1.7 ╨╡╤Б╤В╤М ╨╕╨╖╨▓╨╡╤Б╤В╨╜╨░╤П ╤Г╤П╨╖╨▓╨╕╨╝╨╛╤Б╤В╤М https://github.com/advisories/GHSA-rxmq-m78w-7wmc (╤Г╤А╨╛╨▓╨╡╨╜╤М ╤Б╨╡╤А╤М╨╡╨╖╨╜╨╛╤Б╤В╨╕: ╤Б╤А╨╡╨┤╨╜╨╕╨╣)
D:\projects\night-city\Content.MapRenderer\Content.MapRenderer.csproj : warning NU1902: ╨г ╨┐╨░╨║╨╡╤В╨░ "SixLabors.ImageSharp" 3.1.7 ╨╡╤Б╤В╤М ╨╕╨╖╨▓╨╡╤Б╤В╨╜╨░╤П ╤Г╤П╨╖╨▓╨╕╨╝╨╛╤Б╤В╤М https://github.com/advisories/GHSA-rxmq-m78w-7wmc (╤Г╤А╨╛╨▓╨╡╨╜╤М ╤Б╨╡╤А╤М╨╡╨╖╨╜╨╛╤Б╤В╨╕: ╤Б╤А╨╡╨┤╨╜╨╕╨╣)
D:\projects\night-city\Content.Server\Body\Systems\BodySystem.cs(92,7): warning CS0105: ╨Ф╨╕╤А╨╡╨║╤В╨╕╨▓╨░ using ╨┤╨╗╤П "System.Numerics" ╤А╨░╨╜╨╡╨╡ ╨▓╤Б╤В╤А╨╡╤З╨░╨╗╨░╤Б╤М ╨▓ ╤Н╤В╨╛╨╝ ╨┐╤А╨╛╤Б╤В╤А╨░╨╜╤Б╤В╨▓╨╡ ╨╕╨╝╨╡╨╜ [D:\projects\night-city\Content.Server\Content.Server.csproj]
D:\projects\night-city\Content.Server\Body\Systems\StomachSystem.cs(28,7): warning CS0105: ╨Ф╨╕╤А╨╡╨║╤В╨╕╨▓╨░ using ╨┤╨╗╤П "Content.Shared.Chemistry.EntitySystems" ╤А╨░╨╜╨╡╨╡ ╨▓╤Б╤В╤А╨╡╤З╨░╨╗╨░╤Б╤М ╨▓ ╤Н╤В╨╛╨╝ ╨┐╤А╨╛╤Б╤В╤А╨░╨╜╤Б╤В╨▓╨╡ ╨╕╨╝╨╡╨╜ [D:\projects\night-city\Content.Server\Content.Server.csproj]
D:\projects\night-city\Content.Server\Chat\Systems\ChatSystem.cs(155,7): warning CS0105: ╨Ф╨╕╤А╨╡╨║╤В╨╕╨▓╨░ using ╨┤╨╗╤П "System.Collections.Immutable" ╤А╨░╨╜╨╡╨╡ ╨▓╤Б╤В╤А╨╡╤З╨░╨╗╨░╤Б╤М ╨▓ ╤Н╤В╨╛╨╝ ╨┐╤А╨╛╤Б╤В╤А╨░╨╜╤Б╤В╨▓╨╡ ╨╕╨╝╨╡╨╜ [D:\projects\night-city\Content.Server\Content.Server.csproj]
D:\projects\night-city\Content.Server\Chat\Systems\ChatSystem.cs(157,7): warning CS0105: ╨Ф╨╕╤А╨╡╨║╤В╨╕╨▓╨░ using ╨┤╨╗╤П "System.Globalization" ╤А╨░╨╜╨╡╨╡ ╨▓╤Б╤В╤А╨╡╤З╨░╨╗╨░╤Б╤М ╨▓ ╤Н╤В╨╛╨╝ ╨┐╤А╨╛╤Б╤В╤А╨░╨╜╤Б╤В╨▓╨╡ ╨╕╨╝╨╡╨╜ [D:\projects\night-city\Content.Server\Content.Server.csproj]
D:\projects\night-city\Content.Server\Chat\Systems\ChatSystem.cs(159,7): warning CS0105: ╨Ф╨╕╤А╨╡╨║╤В╨╕╨▓╨░ using ╨┤╨╗╤П "System.Linq" ╤А╨░╨╜╨╡╨╡ ╨▓╤Б╤В╤А╨╡╤З╨░╨╗╨░╤Б╤М ╨▓ ╤Н╤В╨╛╨╝ ╨┐╤А╨╛╤Б╤В╤А╨░╨╜╤Б╤В╨▓╨╡ ╨╕╨╝╨╡╨╜ [D:\projects\night-city\Content.Server\Content.Server.csproj]
D:\projects\night-city\Content.Server\Chat\Systems\ChatSystem.cs(161,7): warning CS0105: ╨Ф╨╕╤А╨╡╨║╤В╨╕╨▓╨░ using ╨┤╨╗╤П "System.Text" ╤А╨░╨╜╨╡╨╡ ╨▓╤Б╤В╤А╨╡╤З╨░╨╗╨░╤Б╤М ╨▓ ╤Н╤В╨╛╨╝ ╨┐╤А╨╛╤Б╤В╤А╨░╨╜╤Б╤В╨▓╨╡ ╨╕╨╝╨╡╨╜ [D:\projects\night-city\Content.Server\Content.Server.csproj]
D:\projects\night-city\Content.Server\Destructible\Thresholds\Behaviors\BurnBodyBehavior.cs(15,7): warning CS0105: ╨Ф╨╕╤А╨╡╨║╤В╨╕╨▓╨░ using ╨┤╨╗╤П "Content.Shared.IdentityManagement" ╤А╨░╨╜╨╡╨╡ ╨▓╤Б╤В╤А╨╡╤З╨░╨╗╨░╤Б╤М ╨▓ ╤Н╤В╨╛╨╝ ╨┐╤А╨╛╤Б╤В╤А╨░╨╜╤Б╤В╨▓╨╡ ╨╕╨╝╨╡╨╜ [D:\projects\night-city\Content.Server\Content.Server.csproj]
D:\projects\night-city\Content.Server\MassMedia\Systems\NewsSystem.cs(53,7): warning CS0105: ╨Ф╨╕╤А╨╡╨║╤В╨╕╨▓╨░ using ╨┤╨╗╤П "System.Diagnostics.CodeAnalysis" ╤А╨░╨╜╨╡╨╡ ╨▓╤Б╤В╤А╨╡╤З╨░╨╗╨░╤Б╤М ╨▓ ╤Н╤В╨╛╨╝ ╨┐╤А╨╛╤Б╤В╤А╨░╨╜╤Б╤В╨▓╨╡ ╨╕╨╝╨╡╨╜ [D:\projects\night-city\Content.Server\Content.Server.csproj]
D:\projects\night-city\Content.Server\Mech\Systems\MechSystem.cs(60,7): warning CS0105: ╨Ф╨╕╤А╨╡╨║╤В╨╕╨▓╨░ using ╨┤╨╗╤П "Content.Shared.Whitelist" ╤А╨░╨╜╨╡╨╡ ╨▓╤Б╤В╤А╨╡╤З╨░╨╗╨░╤Б╤М ╨▓ ╤Н╤В╨╛╨╝ ╨┐╤А╨╛╤Б╤В╤А╨░╨╜╤Б╤В╨▓╨╡ ╨╕╨╝╨╡╨╜ [D:\projects\night-city\Content.Server\Content.Server.csproj]
D:\projects\night-city\Content.Server\Medical\CryoPodSystem.cs(95,7): warning CS0105: ╨Ф╨╕╤А╨╡╨║╤В╨╕╨▓╨░ using ╨┤╨╗╤П "Content.Shared.UserInterface" ╤А╨░╨╜╨╡╨╡ ╨▓╤Б╤В╤А╨╡╤З╨░╨╗╨░╤Б╤М ╨▓ ╤Н╤В╨╛╨╝ ╨┐╤А╨╛╤Б╤В╤А╨░╨╜╤Б╤В╨▓╨╡ ╨╕╨╝╨╡╨╜ [D:\projects\night-city\Content.Server\Content.Server.csproj]
D:\projects\night-city\Content.Server\Medical\DefibrillatorSystem.cs(128,7): warning CS0105: ╨Ф╨╕╤А╨╡╨║╤В╨╕╨▓╨░ using ╨┤╨╗╤П "Content.Shared.Chat" ╤А╨░╨╜╨╡╨╡ ╨▓╤Б╤В╤А╨╡╤З╨░╨╗╨░╤Б╤М ╨▓ ╤Н╤В╨╛╨╝ ╨┐╤А╨╛╤Б╤В╤А╨░╨╜╤Б╤В╨▓╨╡ ╨╕╨╝╨╡╨╜ [D:\projects\night-city\Content.Server\Content.Server.csproj]
D:\projects\night-city\Content.Server\Medical\HealthAnalyzerSystem.cs(139,7): warning CS0105: ╨Ф╨╕╤А╨╡╨║╤В╨╕╨▓╨░ using ╨┤╨╗╤П "Content.Shared.Body.Components" ╤А╨░╨╜╨╡╨╡ ╨▓╤Б╤В╤А╨╡╤З╨░╨╗╨░╤Б╤М ╨▓ ╤Н╤В╨╛╨╝ ╨┐╤А╨╛╤Б╤В╤А╨░╨╜╤Б╤В╨▓╨╡ ╨╕╨╝╨╡╨╜ [D:\projects\night-city\Content.Server\Content.Server.csproj]
D:\projects\night-city\Content.Server\Nutrition\EntitySystems\SmokingSystem.Vape.cs(31,7): warning CS0105: ╨Ф╨╕╤А╨╡╨║╤В╨╕╨▓╨░ using ╨┤╨╗╤П "Content.Shared.Atmos" ╤А╨░╨╜╨╡╨╡ ╨▓╤Б╤В╤А╨╡╤З╨░╨╗╨░╤Б╤М ╨▓ ╤Н╤В╨╛╨╝ ╨┐╤А╨╛╤Б╤В╤А╨░╨╜╤Б╤В╨▓╨╡ ╨╕╨╝╨╡╨╜ [D:\projects\night-city\Content.Server\Content.Server.csproj]
D:\projects\night-city\Content.Server\Shuttles\Systems\EmergencyShuttleSystem.cs(107,7): warning CS0105: ╨Ф╨╕╤А╨╡╨║╤В╨╕╨▓╨░ using ╨┤╨╗╤П "Content.Shared.DeviceNetwork.Components" ╤А╨░╨╜╨╡╨╡ ╨▓╤Б╤В╤А╨╡╤З╨░╨╗╨░╤Б╤М ╨▓ ╤Н╤В╨╛╨╝ ╨┐╤А╨╛╤Б╤В╤А╨░╨╜╤Б╤В╨▓╨╡ ╨╕╨╝╨╡╨╜ [D:\projects\night-city\Content.Server\Content.Server.csproj]
D:\projects\night-city\Content.Server\Shuttles\Systems\ShuttleSystem.Impact.cs(67,7): warning CS0105: ╨Ф╨╕╤А╨╡╨║╤В╨╕╨▓╨░ using ╨┤╨╗╤П "System.Numerics" ╤А╨░╨╜╨╡╨╡ ╨▓╤Б╤В╤А╨╡╤З╨░╨╗╨░╤Б╤М ╨▓ ╤Н╤В╨╛╨╝ ╨┐╤А╨╛╤Б╤В╤А╨░╨╜╤Б╤В╨▓╨╡ ╨╕╨╝╨╡╨╜ [D:\projects\night-city\Content.Server\Content.Server.csproj]
D:\projects\night-city\Content.Server\Silicons\Borgs\BorgSystem.cs(69,7): warning CS0105: ╨Ф╨╕╤А╨╡╨║╤В╨╕╨▓╨░ using ╨┤╨╗╤П "Content.Server.Actions" ╤А╨░╨╜╨╡╨╡ ╨▓╤Б╤В╤А╨╡╤З╨░╨╗╨░╤Б╤М ╨▓ ╤Н╤В╨╛╨╝ ╨┐╤А╨╛╤Б╤В╤А╨░╨╜╤Б╤В╨▓╨╡ ╨╕╨╝╨╡╨╜ [D:\projects\night-city\Content.Server\Content.Server.csproj]
D:\projects\night-city\Content.Server\Silicons\Borgs\BorgSystem.cs(70,7): warning CS0105: ╨Ф╨╕╤А╨╡╨║╤В╨╕╨▓╨░ using ╨┤╨╗╤П "Content.Server.Administration.Logs" ╤А╨░╨╜╨╡╨╡ ╨▓╤Б╤В╤А╨╡╤З╨░╨╗╨░╤Б╤М ╨▓ ╤Н╤В╨╛╨╝ ╨┐╤А╨╛╤Б╤В╤А╨░╨╜╤Б╤В╨▓╨╡ ╨╕╨╝╨╡╨╜ [D:\projects\night-city\Content.Server\Content.Server.csproj]
D:\projects\night-city\Content.Server\Silicons\Borgs\BorgSystem.cs(71,7): warning CS0105: ╨Ф╨╕╤А╨╡╨║╤В╨╕╨▓╨░ using ╨┤╨╗╤П "Content.Server.Administration.Managers" ╤А╨░╨╜╨╡╨╡ ╨▓╤Б╤В╤А╨╡╤З╨░╨╗╨░╤Б╤М ╨▓ ╤Н╤В╨╛╨╝ ╨┐╤А╨╛╤Б╤В╤А╨░╨╜╤Б╤В╨▓╨╡ ╨╕╨╝╨╡╨╜ [D:\projects\night-city\Content.Server\Content.Server.csproj]
D:\projects\night-city\Content.Server\Silicons\Borgs\BorgSystem.cs(80,7): warning CS0105: ╨Ф╨╕╤А╨╡╨║╤В╨╕╨▓╨░ using ╨┤╨╗╤П "Content.Shared.Body.Events" ╤А╨░╨╜╨╡╨╡ ╨▓╤Б╤В╤А╨╡╤З╨░╨╗╨░╤Б╤М ╨▓ ╤Н╤В╨╛╨╝ ╨┐╤А╨╛╤Б╤В╤А╨░╨╜╤Б╤В╨▓╨╡ ╨╕╨╝╨╡╨╜ [D:\projects\night-city\Content.Server\Content.Server.csproj]
D:\projects\night-city\Content.Server\Weapons\Ranged\Systems\GunSystem.cs(153,7): warning CS0105: ╨Ф╨╕╤А╨╡╨║╤В╨╕╨▓╨░ using ╨┤╨╗╤П "Content.Shared._Lavaland.Weapons.Ranged.Events" ╤А╨░╨╜╨╡╨╡ ╨▓╤Б╤В╤А╨╡╤З╨░╨╗╨░╤Б╤М ╨▓ ╤Н╤В╨╛╨╝ ╨┐╤А╨╛╤Б╤В╤А╨░╨╜╤Б╤В╨▓╨╡ ╨╕╨╝╨╡╨╜ [D:\projects\night-city\Content.Server\Content.Server.csproj]
D:\projects\night-city\Content.Server\_Shitmed\PartStatus\PartStatusSystem.cs(32,7): warning CS0105: ╨Ф╨╕╤А╨╡╨║╤В╨╕╨▓╨░ using ╨┤╨╗╤П "Robust.Shared.Utility" ╤А╨░╨╜╨╡╨╡ ╨▓╤Б╤В╤А╨╡╤З╨░╨╗╨░╤Б╤М ╨▓ ╤Н╤В╨╛╨╝ ╨┐╤А╨╛╤Б╤В╤А╨░╨╜╤Б╤В╨▓╨╡ ╨╕╨╝╨╡╨╜ [D:\projects\night-city\Content.Server\Content.Server.csproj]
D:\projects\night-city\Content.Server\Nyanotrasen\Abilities\Felinid\FelinidSystem.cs(40,35): warning CS0618: "SolutionContainerSystem" ╤П╨▓╨╗╤П╨╡╤В╤Б╤П ╤Г╤Б╤В╨░╤А╨╡╨▓╤И╨╕╨╝: 'This is being depreciated. Use SharedSolutionContainerSystem instead!' [D:\projects\night-city\Content.Server\Content.Server.csproj]
D:\projects\night-city\Content.Server\Revenant\EntitySystems\RevenantSystem.cs(59,35): warning CS0618: "StatusEffectsSystem" ╤П╨▓╨╗╤П╨╡╤В╤Б╤П ╤Г╤Б╤В╨░╤А╨╡╨▓╤И╨╕╨╝: 'Migration to Content.Shared.StatusEffectNew.StatusEffectsSystem is required' [D:\projects\night-city\Content.Server\Content.Server.csproj]
D:\projects\night-city\Content.Server\NPC\Systems\NPCSteeringSystem.cs(128,49): warning CS0628: "NPCSteeringSystem.Timing": ╨╜╨╛╨▓╤Л╨╣ ╨╖╨░╤Й╨╕╤Й╨╡╨╜╨╜╤Л╨╣ ╤Н╨╗╨╡╨╝╨╡╨╜╤В ╨╛╨▒╤К╤П╨▓╨╗╨╡╨╜ ╨▓ ╨╖╨░╨┐╨╡╤З╨░╤В╨░╨╜╨╜╨╛╨╝ ╤В╨╕╨┐╨╡. [D:\projects\night-city\Content.Server\Content.Server.csproj]
D:\projects\night-city\Content.Server\NPC\Systems\NPCSteeringSystem.cs(129,57): warning CS0628: "NPCSteeringSystem.PhysicsSystem": ╨╜╨╛╨▓╤Л╨╣ ╨╖╨░╤Й╨╕╤Й╨╡╨╜╨╜╤Л╨╣ ╤Н╨╗╨╡╨╝╨╡╨╜╤В ╨╛╨▒╤К╤П╨▓╨╗╨╡╨╜ ╨▓ ╨╖╨░╨┐╨╡╤З╨░╤В╨░╨╜╨╜╨╛╨╝ ╤В╨╕╨┐╨╡. [D:\projects\night-city\Content.Server\Content.Server.csproj]
D:\projects\night-city\Content.Server\StationEvents\BasicStationEventSchedulerSystem.cs(113,72): warning CS0618: "Prototype<EntityPrototype>" ╤П╨▓╨╗╤П╨╡╤В╤Б╤П ╤Г╤Б╤В╨░╤А╨╡╨▓╤И╨╕╨╝: 'Use ProtoId<T> or EntProtoId, or the prototype directly' [D:\projects\night-city\Content.Server\Content.Server.csproj]
D:\projects\night-city\Content.Server\StationEvents\BasicStationEventSchedulerSystem.cs(166,70): warning CS0618: "Prototype<EntityPrototype>" ╤П╨▓╨╗╤П╨╡╤В╤Б╤П ╤Г╤Б╤В╨░╤А╨╡╨▓╤И╨╕╨╝: 'Use ProtoId<T> or EntProtoId, or the prototype directly' [D:\projects\night-city\Content.Server\Content.Server.csproj]
D:\projects\night-city\Content.Server\StationEvents\BasicStationEventSchedulerSystem.cs(189,74): warning CS0618: "Prototype<EntityPrototype>" ╤П╨▓╨╗╤П╨╡╤В╤Б╤П ╤Г╤Б╤В╨░╤А╨╡╨▓╤И╨╕╨╝: 'Use ProtoId<T> or EntProtoId, or the prototype directly' [D:\projects\night-city\Content.Server\Content.Server.csproj]
D:\projects\night-city\Content.Server\StationEvents\BasicStationEventSchedulerSystem.cs(216,45): warning CS0618: "Prototype<EntityPrototype>" ╤П╨▓╨╗╤П╨╡╤В╤Б╤П ╤Г╤Б╤В╨░╤А╨╡╨▓╤И╨╕╨╝: 'Use ProtoId<T> or EntProtoId, or the prototype directly' [D:\projects\night-city\Content.Server\Content.Server.csproj]
D:\projects\night-city\Content.Server\Chat\Systems\ChatSystem.cs(195,22): warning CS0108: "ChatSystem.VoiceRange" ╤Б╨║╤А╤Л╨▓╨░╨╡╤В ╨╜╨░╤Б╨╗╨╡╨┤╤Г╨╡╨╝╤Л╨╣ ╤З╨╗╨╡╨╜ "SharedChatSystem.VoiceRange". ╨Х╤Б╨╗╨╕ ╤Б╨║╤А╤Л╤В╨╕╨╡ ╨▒╤Л╨╗╨╛ ╨╜╨░╨╝╨╡╤А╨╡╨╜╨╜╤Л╨╝, ╨╕╤Б╨┐╨╛╨╗╤М╨╖╤Г╨╣╤В╨╡ ╨║╨╗╤О╤З╨╡╨▓╨╛╨╡ ╤Б╨╗╨╛╨▓╨╛ new. [D:\projects\night-city\Content.Server\Content.Server.csproj]
D:\projects\night-city\Content.Server\Chat\Systems\ChatSystem.cs(196,22): warning CS0108: "ChatSystem.WhisperClearRange" ╤Б╨║╤А╤Л╨▓╨░╨╡╤В ╨╜╨░╤Б╨╗╨╡╨┤╤Г╨╡╨╝╤Л╨╣ ╤З╨╗╨╡╨╜ "SharedChatSystem.WhisperClearRange". ╨Х╤Б╨╗╨╕ ╤Б╨║╤А╤Л╤В╨╕╨╡ ╨▒╤Л╨╗╨╛ ╨╜╨░╨╝╨╡╤А╨╡╨╜╨╜╤Л╨╝, ╨╕╤Б╨┐╨╛╨╗╤М╨╖╤Г╨╣╤В╨╡ ╨║╨╗╤О╤З╨╡╨▓╨╛╨╡ ╤Б╨╗╨╛╨▓╨╛ new. [D:\projects\night-city\Content.Server\Content.Server.csproj]
D:\projects\night-city\Content.Server\Chat\Systems\ChatSystem.cs(197,22): warning CS0108: "ChatSystem.WhisperMuffledRange" ╤Б╨║╤А╤Л╨▓╨░╨╡╤В ╨╜╨░╤Б╨╗╨╡╨┤╤Г╨╡╨╝╤Л╨╣ ╤З╨╗╨╡╨╜ "SharedChatSystem.WhisperMuffledRange". ╨Х╤Б╨╗╨╕ ╤Б╨║╤А╤Л╤В╨╕╨╡ ╨▒╤Л╨╗╨╛ ╨╜╨░╨╝╨╡╤А╨╡╨╜╨╜╤Л╨╝, ╨╕╤Б╨┐╨╛╨╗╤М╨╖╤Г╨╣╤В╨╡ ╨║╨╗╤О╤З╨╡╨▓╨╛╨╡ ╤Б╨╗╨╛╨▓╨╛ new. [D:\projects\night-city\Content.Server\Content.Server.csproj]
D:\projects\night-city\Content.Server\Speech\EntitySystems\RatvarianLanguageSystem.cs(19,35): warning CS0618: "StatusEffectsSystem" ╤П╨▓╨╗╤П╨╡╤В╤Б╤П ╤Г╤Б╤В╨░╤А╨╡╨▓╤И╨╕╨╝: 'Migration to Content.Shared.StatusEffectNew.StatusEffectsSystem is required' [D:\projects\night-city\Content.Server\Content.Server.csproj]
D:\projects\night-city\Content.Server\_CorvaxGoob\Events\Target\TargetEventsSystem.cs(11,35): warning CS0618: "StatusEffectsSystem" ╤П╨▓╨╗╤П╨╡╤В╤Б╤П ╤Г╤Б╤В╨░╤А╨╡╨▓╤И╨╕╨╝: 'Migration to Content.Shared.StatusEffectNew.StatusEffectsSystem is required' [D:\projects\night-city\Content.Server\Content.Server.csproj]
D:\projects\night-city\Content.Server\Speech\EntitySystems\SlurredSystem.cs(24,35): warning CS0618: "StatusEffectsSystem" ╤П╨▓╨╗╤П╨╡╤В╤Б╤П ╤Г╤Б╤В╨░╤А╨╡╨▓╤И╨╕╨╝: 'Migration to Content.Shared.StatusEffectNew.StatusEffectsSystem is required' [D:\projects\night-city\Content.Server\Content.Server.csproj]
D:\projects\night-city\Content.Server\Speech\EntitySystems\StutteringSystem.cs(24,39): warning CS0618: "StatusEffectsSystem" ╤П╨▓╨╗╤П╨╡╤В╤Б╤П ╤Г╤Б╤В╨░╤А╨╡╨▓╤И╨╕╨╝: 'Migration to Content.Shared.StatusEffectNew.StatusEffectsSystem is required' [D:\projects\night-city\Content.Server\Content.Server.csproj]
D:\projects\night-city\Content.Server\_DV\CosmicCult\Abilities\CosmicSiphonSystem.cs(39,35): warning CS0618: "StatusEffectsSystem" ╤П╨▓╨╗╤П╨╡╤В╤Б╤П ╤Г╤Б╤В╨░╤А╨╡╨▓╤И╨╕╨╝: 'Migration to Content.Shared.StatusEffectNew.StatusEffectsSystem is required' [D:\projects\night-city\Content.Server\Content.Server.csproj]
D:\projects\night-city\Content.Server\_Shitcode\Heretic\Abilities\HereticAbilitySystem.cs(114,35): warning CS0618: "StatusEffectsSystem" ╤П╨▓╨╗╤П╨╡╤В╤Б╤П ╤Г╤Б╤В╨░╤А╨╡╨▓╤И╨╕╨╝: 'Migration to Content.Shared.StatusEffectNew.StatusEffectsSystem is required' [D:\projects\night-city\Content.Server\Content.Server.csproj]
D:\projects\night-city\Content.Server\_Shitcode\Heretic\EntitySystems\CarvingKnifeSystem.cs(53,35): warning CS0618: "StatusEffectsSystem" ╤П╨▓╨╗╤П╨╡╤В╤Б╤П ╤Г╤Б╤В╨░╤А╨╡╨▓╤И╨╕╨╝: 'Migration to Content.Shared.StatusEffectNew.StatusEffectsSystem is required' [D:\projects\night-city\Content.Server\Content.Server.csproj]
D:\projects\night-city\Content.Server\_Shitcode\Heretic\EntitySystems\FeastOfOwlsSystem.cs(18,35): warning CS0618: "StatusEffectsSystem" ╤П╨▓╨╗╤П╨╡╤В╤Б╤П ╤Г╤Б╤В╨░╤А╨╡╨▓╤И╨╕╨╝: 'Migration to Content.Shared.StatusEffectNew.StatusEffectsSystem is required' [D:\projects\night-city\Content.Server\Content.Server.csproj]
D:\projects\night-city\Content.Server\_DV\CosmicCult\CosmicCultSystem.cs(70,35): warning CS0618: "StatusEffectsSystem" ╤П╨▓╨╗╤П╨╡╤В╤Б╤П ╤Г╤Б╤В╨░╤А╨╡╨▓╤И╨╕╨╝: 'Migration to Content.Shared.StatusEffectNew.StatusEffectsSystem is required' [D:\projects\night-city\Content.Server\Content.Server.csproj]
D:\projects\night-city\Content.Server\_Shitcode\Heretic\Ritual\CustomBehavior.ReagentPuddle.cs(20,34): warning CS0628: "RitualReagentPuddleBehavior._lookup": ╨╜╨╛╨▓╤Л╨╣ ╨╖╨░╤Й╨╕╤Й╨╡╨╜╨╜╤Л╨╣ ╤Н╨╗╨╡╨╝╨╡╨╜╤В ╨╛╨▒╤К╤П╨▓╨╗╨╡╨╜ ╨▓ ╨╖╨░╨┐╨╡╤З╨░╤В╨░╨╜╨╜╨╛╨╝ ╤В╨╕╨┐╨╡. [D:\projects\night-city\Content.Server\Content.Server.csproj]
D:\projects\night-city\Content.Server\_Shitcode\Heretic\EntitySystems\MansusGraspSystem.cs(61,35): warning CS0618: "StatusEffectsSystem" ╤П╨▓╨╗╤П╨╡╤В╤Б╤П ╤Г╤Б╤В╨░╤А╨╡╨▓╤И╨╕╨╝: 'Migration to Content.Shared.StatusEffectNew.StatusEffectsSystem is required' [D:\projects\night-city\Content.Server\Content.Server.csproj]
D:\projects\night-city\Content.Server\_Shitcode\Heretic\EntitySystems\ProtectiveBladeSystem.cs(59,35): warning CS0618: "StatusEffectsSystem" ╤П╨▓╨╗╤П╨╡╤В╤Б╤П ╤Г╤Б╤В╨░╤А╨╡╨▓╤И╨╕╨╝: 'Migration to Content.Shared.StatusEffectNew.StatusEffectsSystem is required' [D:\projects\night-city\Content.Server\Content.Server.csproj]
D:\projects\night-city\Content.Server\Electrocution\ElectrocuteCommand.cs(24,35): warning CS0618: "StatusEffectsSystem" ╤П╨▓╨╗╤П╨╡╤В╤Б╤П ╤Г╤Б╤В╨░╤А╨╡╨▓╤И╨╕╨╝: 'Migration to Content.Shared.StatusEffectNew.StatusEffectsSystem is required' [D:\projects\night-city\Content.Server\Content.Server.csproj]
D:\projects\night-city\Content.Server\Electrocution\ElectrocutionSystem.cs(103,35): warning CS0618: "StatusEffectsSystem" ╤П╨▓╨╗╤П╨╡╤В╤Б╤П ╤Г╤Б╤В╨░╤А╨╡╨▓╤И╨╕╨╝: 'Migration to Content.Shared.StatusEffectNew.StatusEffectsSystem is required' [D:\projects\night-city\Content.Server\Content.Server.csproj]
D:\projects\night-city\Content.Server\_Shitmed\Body\BodyEffects\Subsystems\RandomStatusActivationSystem.cs(18,35): warning CS0618: "StatusEffectsSystem" ╤П╨▓╨╗╤П╨╡╤В╤Б╤П ╤Г╤Б╤В╨░╤А╨╡╨▓╤И╨╕╨╝: 'Migration to Content.Shared.StatusEffectNew.StatusEffectsSystem is required' [D:\projects\night-city\Content.Server\Content.Server.csproj]
D:\projects\night-city\Content.Server\_Shitmed\Body\Organ\StatusEffectOrganSystem.cs(16,35): warning CS0618: "StatusEffectsSystem" ╤П╨▓╨╗╤П╨╡╤В╤Б╤П ╤Г╤Б╤В╨░╤А╨╡╨▓╤И╨╕╨╝: 'Migration to Content.Shared.StatusEffectNew.StatusEffectsSystem is required' [D:\projects\night-city\Content.Server\Content.Server.csproj]
D:\projects\night-city\Content.Server\_Shitcode\Heretic\EntitySystems\PathSpecific\VoidCurseSystem.cs(24,35): warning CS0618: "StatusEffectsSystem" ╤П╨▓╨╗╤П╨╡╤В╤Б╤П ╤Г╤Б╤В╨░╤А╨╡╨▓╤И╨╕╨╝: 'Migration to Content.Shared.StatusEffectNew.StatusEffectsSystem is required' [D:\projects\night-city\Content.Server\Content.Server.csproj]
D:\projects\night-city\Content.Server\Nyanotrasen\Abilities\Felinid\FelinidSystem.cs(78,27): warning CS0618: "Component.Owner" ╤П╨▓╨╗╤П╨╡╤В╤Б╤П ╤Г╤Б╤В╨░╤А╨╡╨▓╤И╨╕╨╝: 'Update your API to allow accessing Owner through other means' [D:\projects\night-city\Content.Server\Content.Server.csproj]
D:\projects\night-city\Content.Server\Nyanotrasen\Abilities\Felinid\FelinidSystem.cs(79,30): warning CS0618: "Component.Owner" ╤П╨▓╨╗╤П╨╡╤В╤Б╤П ╤Г╤Б╤В╨░╤А╨╡╨▓╤И╨╕╨╝: 'Update your API to allow accessing Owner through other means' [D:\projects\night-city\Content.Server\Content.Server.csproj]
D:\projects\night-city\Content.Server\Nyanotrasen\Abilities\Felinid\FelinidSystem.cs(124,80): warning CS0618: "AudioHelpers.WithVariation(float)" ╤П╨▓╨╗╤П╨╡╤В╤Б╤П ╤Г╤Б╤В╨░╤А╨╡╨▓╤И╨╕╨╝: 'Use AudioParams.Variation data-field' [D:\projects\night-city\Content.Server\Content.Server.csproj]
D:\projects\night-city\Content.Server\Nyanotrasen\Abilities\Felinid\FelinidSystem.cs(124,24): warning CS0618: "ResolvedSoundSpecifier.implicit operator ResolvedSoundSpecifier(string)" ╤П╨▓╨╗╤П╨╡╤В╤Б╤П ╤Г╤Б╤В╨░╤А╨╡╨▓╤И╨╕╨╝: 'String literals for sounds are deprecated, use a SoundSpecifier or ResolvedSoundSpecifier as appropriate instead' [D:\projects\night-city\Content.Server\Content.Server.csproj]
D:\projects\night-city\Content.Server\Nyanotrasen\Abilities\Felinid\FelinidSystem.cs(160,61): warning CS0618: "AudioHelpers.WithVariation(float)" ╤П╨▓╨╗╤П╨╡╤В╤Б╤П ╤Г╤Б╤В╨░╤А╨╡╨▓╤И╨╕╨╝: 'Use AudioParams.Variation data-field' [D:\projects\night-city\Content.Server\Content.Server.csproj]
D:\projects\night-city\Content.Server\Nyanotrasen\Abilities\Felinid\FelinidSystem.cs(160,24): warning CS0618: "ResolvedSoundSpecifier.implicit operator ResolvedSoundSpecifier(string)" ╤П╨▓╨╗╤П╨╡╤В╤Б╤П ╤Г╤Б╤В╨░╤А╨╡╨▓╤И╨╕╨╝: 'String literals for sounds are deprecated, use a SoundSpecifier or ResolvedSoundSpecifier as appropriate instead' [D:\projects\night-city\Content.Server\Content.Server.csproj]
D:\projects\night-city\Content.Server\Anomaly\Effects\ProjectileAnomalySystem.cs(114,23): warning CS0618: "IMapManager.GetMapEntityId(MapId)" ╤П╨▓╨╗╤П╨╡╤В╤Б╤П ╤Г╤Б╤В╨░╤А╨╡╨▓╤И╨╕╨╝: 'Use MapSystem' [D:\projects\night-city\Content.Server\Content.Server.csproj]
D:\projects\night-city\Content.Server\_Imp\Drone\DroneSystem.cs(62,17): warning CS8073: ╨а╨╡╨╖╤Г╨╗╤М╤В╨░╤В ╨▓╤Л╤А╨░╨╢╨╡╨╜╨╕╤П ╨▓╤Б╨╡╨│╨┤╨░ ╤А╨░╨▓╨╡╨╜ "true", ╨┐╨╛╤Б╨║╨╛╨╗╤М╨║╤Г ╨╖╨╜╨░╤З╨╡╨╜╨╕╨╡ ╤В╨╕╨┐╨░ "EntityUid" ╨╜╨╕╨║╨╛╨│╨┤╨░ ╨╜╨╡ ╤А╨░╨▓╨╜╨╛ Null ╤В╨╕╨┐╨░ "EntityUid?" [D:\projects\night-city\Content.Server\Content.Server.csproj]
D:\projects\night-city\Content.Server\_Imp\Drone\DroneSystem.cs(85,22): warning CS8073: ╨а╨╡╨╖╤Г╨╗╤М╤В╨░╤В ╨▓╤Л╤А╨░╨╢╨╡╨╜╨╕╤П ╨▓╤Б╨╡╨│╨┤╨░ ╤А╨░╨▓╨╡╨╜ "true", ╨┐╨╛╤Б╨║╨╛╨╗╤М╨║╤Г ╨╖╨╜╨░╤З╨╡╨╜╨╕╨╡ ╤В╨╕╨┐╨░ "EntityUid" ╨╜╨╕╨║╨╛╨│╨┤╨░ ╨╜╨╡ ╤А╨░╨▓╨╜╨╛ Null ╤В╨╕╨┐╨░ "EntityUid?" [D:\projects\night-city\Content.Server\Content.Server.csproj]
D:\projects\night-city\Content.Server\_Imp\Drone\DroneSystem.cs(163,63): warning CS0618: "TransformComponent.MapPosition" ╤П╨▓╨╗╤П╨╡╤В╤Б╤П ╤Г╤Б╤В╨░╤А╨╡╨▓╤И╨╕╨╝: 'Use TransformSystem.GetMapCoordinates' [D:\projects\night-city\Content.Server\Content.Server.csproj]
D:\projects\night-city\Content.Server\_EinsteinEngines\Traits\Assorted\ForeignerTraitSystem.cs(101,9): warning CS0618: "TransformComponent.Coordinates.set" ╤П╨▓╨╗╤П╨╡╤В╤Б╤П ╤Г╤Б╤В╨░╤А╨╡╨▓╤И╨╕╨╝: 'Use the system's setter method instead.' [D:\projects\night-city\Content.Server\Content.Server.csproj]
D:\projects\night-city\Content.Server\_EinsteinEngines\Silicon\EmitBuzzOnCrit\EmitBuzzWhileDamagedSystem.cs(59,64): warning CS0618: "AudioHelpers.WithVariation(float, IRobustRandom?)" ╤П╨▓╨╗╤П╨╡╤В╤Б╤П ╤Г╤Б╤В╨░╤А╨╡╨▓╤И╨╕╨╝: 'Use AudioParams.Variation data-field' [D:\projects\night-city\Content.Server\Content.Server.csproj]
D:\projects\night-city\Content.Server\_EinsteinEngines\Silicon\DeadStartupButton\DeadStartupButtonSystem.cs(75,45): warning CS0618: "AudioHelpers.WithVariation(float, IRobustRandom?)" ╤П╨▓╨╗╤П╨╡╤В╤Б╤П ╤Г╤Б╤В╨░╤А╨╡╨▓╤И╨╕╨╝: 'Use AudioParams.Variation data-field' [D:\projects\night-city\Content.Server\Content.Server.csproj]
D:\projects\night-city\Content.Server\_Mono\Projectiles\TargetGuided\TargetGuidedSystem.cs(125,33): warning CS0618: "EntityCoordinates.ToMap(IEntityManager, SharedTransformSystem)" ╤П╨▓╨╗╤П╨╡╤В╤Б╤П ╤Г╤Б╤В╨░╤А╨╡╨▓╤И╨╕╨╝: 'Use SharedTransformSystem.ToMapCoordinates()' [D:\projects\night-city\Content.Server\Content.Server.csproj]
D:\projects\night-city\Content.Server\_Mono\Projectiles\TargetGuided\TargetGuidedSystem.cs(126,34): warning CS0618: "EntityCoordinates.ToMap(IEntityManager, SharedTransformSystem)" ╤П╨▓╨╗╤П╨╡╤В╤Б╤П ╤Г╤Б╤В╨░╤А╨╡╨▓╤И╨╕╨╝: 'Use SharedTransformSystem.ToMapCoordinates()' [D:\projects\night-city\Content.Server\Content.Server.csproj]
D:\projects\night-city\Content.Server\_Mono\Projectiles\TargetGuided\TargetGuidedSystem.cs(159,25): warning CS0618: "EntityCoordinates.ToMap(IEntityManager, SharedTransformSystem)" ╤П╨▓╨╗╤П╨╡╤В╤Б╤П ╤Г╤Б╤В╨░╤А╨╡╨▓╤И╨╕╨╝: 'Use SharedTransformSystem.ToMapCoordinates()' [D:\projects\night-city\Content.Server\Content.Server.csproj]
D:\projects\night-city\Content.Server\_Shitmed\Body\Organ\StatusEffectOrganSystem.cs(35,17): warning CS0618: "StatusEffectsSystem.TryAddStatusEffect(EntityUid, string, TimeSpan, bool, string, StatusEffectsComponent?)" ╤П╨▓╨╗╤П╨╡╤В╤Б╤П ╤Г╤Б╤В╨░╤А╨╡╨▓╤И╨╕╨╝: 'Migration to Content.Shared.StatusEffectNew.StatusEffectsSystem is required' [D:\projects\night-city\Content.Server\Content.Server.csproj]
D:\projects\night-city\Content.Server\_Shitmed\Body\BodyEffects\Subsystems\RandomStatusActivationSystem.cs(52,17): warning CS0618: "StatusEffectsSystem.TryAddStatusEffect(EntityUid, string, TimeSpan, bool, string, StatusEffectsComponent?)" ╤П╨▓╨╗╤П╨╡╤В╤Б╤П ╤Г╤Б╤В╨░╤А╨╡╨▓╤И╨╕╨╝: 'Migration to Content.Shared.StatusEffectNew.StatusEffectsSystem is required' [D:\projects\night-city\Content.Server\Content.Server.csproj]
D:\projects\night-city\Content.Server\Weapons\Ranged\Systems\GunSystem.cs(577,19): warning CS0618: "Component.Owner" ╤П╨▓╨╗╤П╨╡╤В╤Б╤П ╤Г╤Б╤В╨░╤А╨╡╨▓╤И╨╕╨╝: 'Update your API to allow accessing Owner through other means' [D:\projects\night-city\Content.Server\Content.Server.csproj]
D:\projects\night-city\Content.Server\Weapons\Ranged\Systems\GunSystem.cs(578,28): warning CS0618: "Component.Owner" ╤П╨▓╨╗╤П╨╡╤В╤Б╤П ╤Г╤Б╤В╨░╤А╨╡╨▓╤И╨╕╨╝: 'Update your API to allow accessing Owner through other means' [D:\projects\night-city\Content.Server\Content.Server.csproj]
D:\projects\night-city\Content.Server\Weapons\Ranged\Systems\GunSystem.cs(582,25): warning CS0618: "Component.Owner" ╤П╨▓╨╗╤П╨╡╤В╤Б╤П ╤Г╤Б╤В╨░╤А╨╡╨▓╤И╨╕╨╝: 'Update your API to allow accessing Owner through other means' [D:\projects\night-city\Content.Server\Content.Server.csproj]
D:\projects\night-city\Content.Server\_Shitcode\Teleportation\Systems\TeleportSystem.cs(115,28): warning CS0618: "EntityCoordinates.ToMap(IEntityManager, SharedTransformSystem)" ╤П╨▓╨╗╤П╨╡╤В╤Б╤П ╤Г╤Б╤В╨░╤А╨╡╨▓╤И╨╕╨╝: 'Use SharedTransformSystem.ToMapCoordinates()' [D:\projects\night-city\Content.Server\Content.Server.csproj]
D:\projects\night-city\Content.Server\_Shitcode\Teleportation\Systems\TeleportSystem.cs(141,36): warning CS0618: "MapGridComponent.GetAnchoredEntities(MapCoordinates)" ╤П╨▓╨╗╤П╨╡╤В╤Б╤П ╤Г╤Б╤В╨░╤А╨╡╨▓╤И╨╕╨╝: 'Use the MapSystem method' [D:\projects\night-city\Content.Server\Content.Server.csproj]
D:\projects\night-city\Content.Server\_Mono\FireControl\FireControlSystem.cs(397,44): warning CS0618: "EntityCoordinates.ToMap(IEntityManager, SharedTransformSystem)" ╤П╨▓╨╗╤П╨╡╤В╤Б╤П ╤Г╤Б╤В╨░╤А╨╡╨▓╤И╨╕╨╝: 'Use SharedTransformSystem.ToMapCoordinates()' [D:\projects\night-city\Content.Server\Content.Server.csproj]
D:\projects\night-city\Content.Server\_Mono\FireControl\FireControlSystem.cs(415,29): warning CS0618: "EntityCoordinates.ToMap(IEntityManager, SharedTransformSystem)" ╤П╨▓╨╗╤П╨╡╤В╤Б╤П ╤Г╤Б╤В╨░╤А╨╡╨▓╤И╨╕╨╝: 'Use SharedTransformSystem.ToMapCoordinates()' [D:\projects\night-city\Content.Server\Content.Server.csproj]
D:\projects\night-city\Content.Server\_Mono\FireControl\FireControlSystem.cs(504,25): warning CS0618: "EntityCoordinates.ToMap(IEntityManager, SharedTransformSystem)" ╤П╨▓╨╗╤П╨╡╤В╤Б╤П ╤Г╤Б╤В╨░╤А╨╡╨▓╤И╨╕╨╝: 'Use SharedTransformSystem.ToMapCoordinates()' [D:\projects\night-city\Content.Server\Content.Server.csproj]
D:\projects\night-city\Content.Server\_Shitcode\Heretic\EntitySystems\ProtectiveBladeSystem.cs(351,9): warning CS0618: "StatusEffectsSystem.TryAddStatusEffect<T>(EntityUid, string, TimeSpan, bool, StatusEffectsComponent?)" ╤П╨▓╨╗╤П╨╡╤В╤Б╤П ╤Г╤Б╤В╨░╤А╨╡╨▓╤И╨╕╨╝: 'Migration to Content.Shared.StatusEffectNew.StatusEffectsSystem is required' [D:\projects\night-city\Content.Server\Content.Server.csproj]
D:\projects\night-city\Content.Server\_Shitmed\Antags\Abductor\AbductorSystem.Actions.cs(58,34): warning CS0618: "ResolvedSoundSpecifier.implicit operator ResolvedSoundSpecifier(string)" ╤П╨▓╨╗╤П╨╡╤В╤Б╤П ╤Г╤Б╤В╨░╤А╨╡╨▓╤И╨╕╨╝: 'String literals for sounds are deprecated, use a SoundSpecifier or ResolvedSoundSpecifier as appropriate instead' [D:\projects\night-city\Content.Server\Content.Server.csproj]
D:\projects\night-city\Content.Server\_Shitmed\Antags\Abductor\AbductorSystem.Actions.cs(150,34): warning CS0618: "ResolvedSoundSpecifier.implicit operator ResolvedSoundSpecifier(string)" ╤П╨▓╨╗╤П╨╡╤В╤Б╤П ╤Г╤Б╤В╨░╤А╨╡╨▓╤И╨╕╨╝: 'String literals for sounds are deprecated, use a SoundSpecifier or ResolvedSoundSpecifier as appropriate instead' [D:\projects\night-city\Content.Server\Content.Server.csproj]
D:\projects\night-city\Content.Server\_Shitmed\Antags\Abductor\AbductorSystem.Console.cs(81,38): warning CS0618: "ResolvedSoundSpecifier.implicit operator ResolvedSoundSpecifier(string)" ╤П╨▓╨╗╤П╨╡╤В╤Б╤П ╤Г╤Б╤В╨░╤А╨╡╨▓╤И╨╕╨╝: 'String literals for sounds are deprecated, use a SoundSpecifier or ResolvedSoundSpecifier as appropriate instead' [D:\projects\night-city\Content.Server\Content.Server.csproj]
D:\projects\night-city\Content.Server\_Shitmed\Antags\Abductor\AbductorSystem.Console.cs(98,30): warning CS0618: "ResolvedSoundSpecifier.implicit operator ResolvedSoundSpecifier(string)" ╤П╨▓╨╗╤П╨╡╤В╤Б╤П ╤Г╤Б╤В╨░╤А╨╡╨▓╤И╨╕╨╝: 'String literals for sounds are deprecated, use a SoundSpecifier or ResolvedSoundSpecifier as appropriate instead' [D:\projects\night-city\Content.Server\Content.Server.csproj]
D:\projects\night-city\Content.Server\_Shitmed\Antags\Abductor\AbductorSystem.Console.cs(105,30): warning CS0618: "ResolvedSoundSpecifier.implicit operator ResolvedSoundSpecifier(string)" ╤П╨▓╨╗╤П╨╡╤В╤Б╤П ╤Г╤Б╤В╨░╤А╨╡╨▓╤И╨╕╨╝: 'String literals for sounds are deprecated, use a SoundSpecifier or ResolvedSoundSpecifier as appropriate instead' [D:\projects\night-city\Content.Server\Content.Server.csproj]
D:\projects\night-city\Content.Server\_CorvaxGoob\OfferItem\OfferItemSystem.cs(33,47): warning CS8073: ╨а╨╡╨╖╤Г╨╗╤М╤В╨░╤В ╨▓╤Л╤А╨░╨╢╨╡╨╜╨╕╤П ╨▓╤Б╨╡╨│╨┤╨░ ╤А╨░╨▓╨╡╨╜ "false", ╨┐╨╛╤Б╨║╨╛╨╗╤М╨║╤Г ╨╖╨╜╨░╤З╨╡╨╜╨╕╨╡ ╤В╨╕╨┐╨░ "Hand" ╨╜╨╕╨║╨╛╨│╨┤╨░ ╨╜╨╡ ╤А╨░╨▓╨╜╨╛ Null ╤В╨╕╨┐╨░ "Hand?" [D:\projects\night-city\Content.Server\Content.Server.csproj]
D:\projects\night-city\Content.Server\Spawners\EntitySystems\SpawnerSystem.cs(32,9): warning CS0618: "TimerExtensions.SpawnRepeatingTimer(EntityUid, TimeSpan, Action, CancellationToken)" ╤П╨▓╨╗╤П╨╡╤В╤Б╤П ╤Г╤Б╤В╨░╤А╨╡╨▓╤И╨╕╨╝: 'Use a system update loop instead' [D:\projects\night-city\Content.Server\Content.Server.csproj]
D:\projects\night-city\Content.Server\_CorvaxGoob\Events\Target\TargetEventsSystem.cs(31,9): warning CS0618: "StatusEffectsSystem.TryAddStatusEffect(EntityUid, string, TimeSpan, bool, string, StatusEffectsComponent?)" ╤П╨▓╨╗╤П╨╡╤В╤Б╤П ╤Г╤Б╤В╨░╤А╨╡╨▓╤И╨╕╨╝: 'Migration to Content.Shared.StatusEffectNew.StatusEffectsSystem is required' [D:\projects\night-city\Content.Server\Content.Server.csproj]
D:\projects\night-city\Content.Server\_Shitmed\Antags\Abductor\AbductorSystem.Vest.cs(31,13): warning CS8073: ╨а╨╡╨╖╤Г╨╗╤М╤В╨░╤В ╨▓╤Л╤А╨░╨╢╨╡╨╜╨╕╤П ╨▓╤Б╨╡╨│╨┤╨░ ╤А╨░╨▓╨╡╨╜ "true", ╨┐╨╛╤Б╨║╨╛╨╗╤М╨║╤Г ╨╖╨╜╨░╤З╨╡╨╜╨╕╨╡ ╤В╨╕╨┐╨░ "EntityUid" ╨╜╨╕╨║╨╛╨│╨┤╨░ ╨╜╨╡ ╤А╨░╨▓╨╜╨╛ Null ╤В╨╕╨┐╨░ "EntityUid?" [D:\projects\night-city\Content.Server\Content.Server.csproj]
D:\projects\night-city\Content.Server\_Shitmed\Antags\Abductor\AbductorSystem.Vest.cs(40,13): warning CS8073: ╨а╨╡╨╖╤Г╨╗╤М╤В╨░╤В ╨▓╤Л╤А╨░╨╢╨╡╨╜╨╕╤П ╨▓╤Б╨╡╨│╨┤╨░ ╤А╨░╨▓╨╡╨╜ "true", ╨┐╨╛╤Б╨║╨╛╨╗╤М╨║╤Г ╨╖╨╜╨░╤З╨╡╨╜╨╕╨╡ ╤В╨╕╨┐╨░ "EntityUid" ╨╜╨╕╨║╨╛╨│╨┤╨░ ╨╜╨╡ ╤А╨░╨▓╨╜╨╛ Null ╤В╨╕╨┐╨░ "EntityUid?" [D:\projects\night-city\Content.Server\Content.Server.csproj]
D:\projects\night-city\Content.Server\_Shitcode\Wizard\Systems\ScryingOrbSystem.cs(122,9): warning CS0618: "SharedGhostSystem.SetCanReturnToBody(GhostComponent, bool)" ╤П╨▓╨╗╤П╨╡╤В╤Б╤П ╤Г╤Б╤В╨░╤А╨╡╨▓╤И╨╕╨╝: 'Use the Entity<GhostComponent?> overload' [D:\projects\night-city\Content.Server\Content.Server.csproj]
D:\projects\night-city\Content.Server\Silicons\StationAi\AiVisionWireAction.cs(49,32): warning CS0618: "Component.Owner" ╤П╨▓╨╗╤П╨╡╤В╤Б╤П ╤Г╤Б╤В╨░╤А╨╡╨▓╤И╨╕╨╝: 'Update your API to allow accessing Owner through other means' [D:\projects\night-city\Content.Server\Content.Server.csproj]
D:\projects\night-city\Content.Server\Silicons\StationAi\AiVisionWireAction.cs(55,32): warning CS0618: "Component.Owner" ╤П╨▓╨╗╤П╨╡╤В╤Б╤П ╤Г╤Б╤В╨░╤А╨╡╨▓╤И╨╕╨╝: 'Update your API to allow accessing Owner through other means' [D:\projects\night-city\Content.Server\Content.Server.csproj]
D:\projects\night-city\Content.Server\Speech\EntitySystems\StutteringSystem.cs(41,13): warning CS0618: "StatusEffectsSystem.TryAddStatusEffect<T>(EntityUid, string, TimeSpan, bool, StatusEffectsComponent?)" ╤П╨▓╨╗╤П╨╡╤В╤Б╤П ╤Г╤Б╤В╨░╤А╨╡╨▓╤И╨╕╨╝: 'Migration to Content.Shared.StatusEffectNew.StatusEffectsSystem is required' [D:\projects\night-city\Content.Server\Content.Server.csproj]
D:\projects\night-city\Content.Server\Silicons\StationAi\AiInteractWireAction.cs(47,35): warning CS0618: "Component.Owner" ╤П╨▓╨╗╤П╨╡╤В╤Б╤П ╤Г╤Б╤В╨░╤А╨╡╨▓╤И╨╕╨╝: 'Update your API to allow accessing Owner through other means' [D:\projects\night-city\Content.Server\Content.Server.csproj]
D:\projects\night-city\Content.Server\Silicons\StationAi\AiInteractWireAction.cs(53,35): warning CS0618: "Component.Owner" ╤П╨▓╨╗╤П╨╡╤В╤Б╤П ╤Г╤Б╤В╨░╤А╨╡╨▓╤И╨╕╨╝: 'Update your API to allow accessing Owner through other means' [D:\projects\night-city\Content.Server\Content.Server.csproj]
D:\projects\night-city\Content.Server\_Shitcode\Heretic\EntitySystems\MansusGraspSystem.cs(214,13): warning CS0618: "StatusEffectsSystem.TryAddStatusEffect<T>(EntityUid, string, TimeSpan, bool, StatusEffectsComponent?)" ╤П╨▓╨╗╤П╨╡╤В╤Б╤П ╤Г╤Б╤В╨░╤А╨╡╨▓╤И╨╕╨╝: 'Migration to Content.Shared.StatusEffectNew.StatusEffectsSystem is required' [D:\projects\night-city\Content.Server\Content.Server.csproj]
D:\projects\night-city\Content.Server\_CorvaxGoob\BluespaceHarvester\BluespaceHarvesterSystem.cs(293,50): warning CS0618: "EntityCoordinates.ToMap(IEntityManager, SharedTransformSystem)" ╤П╨▓╨╗╤П╨╡╤В╤Б╤П ╤Г╤Б╤В╨░╤А╨╡╨▓╤И╨╕╨╝: 'Use SharedTransformSystem.ToMapCoordinates()' [D:\projects\night-city\Content.Server\Content.Server.csproj]
D:\projects\night-city\Content.Server\_Shitcode\Heretic\EntitySystems\HereticSystem.cs(119,29): warning CS0618: "Component.Owner" ╤П╨▓╨╗╤П╨╡╤В╤Б╤П ╤Г╤Б╤В╨░╤А╨╡╨▓╤И╨╕╨╝: 'Update your API to allow accessing Owner through other means' [D:\projects\night-city\Content.Server\Content.Server.csproj]
D:\projects\night-city\Content.Server\Speech\EntitySystems\SlurredSystem.cs(40,14): warning CS0618: "StatusEffectsSystem.HasStatusEffect(EntityUid, string, StatusEffectsComponent?)" ╤П╨▓╨╗╤П╨╡╤В╤Б╤П ╤Г╤Б╤В╨░╤А╨╡╨▓╤И╨╕╨╝: 'Migration to Content.Shared.StatusEffectNew.StatusEffectsSystem is required' [D:\projects\night-city\Content.Server\Content.Server.csproj]
D:\projects\night-city\Content.Server\Speech\EntitySystems\SlurredSystem.cs(41,13): warning CS0618: "StatusEffectsSystem.TryAddStatusEffect<T>(EntityUid, string, TimeSpan, bool, StatusEffectsComponent?)" ╤П╨▓╨╗╤П╨╡╤В╤Б╤П ╤Г╤Б╤В╨░╤А╨╡╨▓╤И╨╕╨╝: 'Migration to Content.Shared.StatusEffectNew.StatusEffectsSystem is required' [D:\projects\night-city\Content.Server\Content.Server.csproj]
D:\projects\night-city\Content.Server\Speech\EntitySystems\SlurredSystem.cs(43,13): warning CS0618: "StatusEffectsSystem.TryAddTime(EntityUid, string, TimeSpan, StatusEffectsComponent?)" ╤П╨▓╨╗╤П╨╡╤В╤Б╤П ╤Г╤Б╤В╨░╤А╨╡╨▓╤И╨╕╨╝: 'Migration to Content.Shared.StatusEffectNew.StatusEffectsSystem is required' [D:\projects\night-city\Content.Server\Content.Server.csproj]
D:\projects\night-city\Content.Server\_Lavaland\Mobs\Hierophant\HierophantSystem.cs(466,9): warning CS0618: "Logger.Info(string)" ╤П╨▓╨╗╤П╨╡╤В╤Б╤П ╤Г╤Б╤В╨░╤А╨╡╨▓╤И╨╕╨╝: 'Use ISawmill.Info' [D:\projects\night-city\Content.Server\Content.Server.csproj]
D:\projects\night-city\Content.Server\Speech\EntitySystems\SlurredSystem.cs(51,14): warning CS0618: "StatusEffectsSystem.TryGetTime(EntityUid, string, out (TimeSpan, TimeSpan)?, StatusEffectsComponent?)" ╤П╨▓╨╗╤П╨╡╤В╤Б╤П ╤Г╤Б╤В╨░╤А╨╡╨▓╤И╨╕╨╝: 'Migration to Content.Shared.StatusEffectNew.StatusEffectsSystem is required' [D:\projects\night-city\Content.Server\Content.Server.csproj]
D:\projects\night-city\Content.Server\StationEvents\Events\ImmovableRodRule.cs(50,31): warning CS0618: "EntityCoordinates.ToMap(IEntityManager, SharedTransformSystem)" ╤П╨▓╨╗╤П╨╡╤В╤Б╤П ╤Г╤Б╤В╨░╤А╨╡╨▓╤И╨╕╨╝: 'Use SharedTransformSystem.ToMapCoordinates()' [D:\projects\night-city\Content.Server\Content.Server.csproj]
D:\projects\night-city\Content.Server\Singularity\EntitySystems\EventHorizonSystem.cs(394,40): warning CS0618: "MapGridComponent.GetAnchoredEntities(Vector2i)" ╤П╨▓╨╗╤П╨╡╤В╤Б╤П ╤Г╤Б╤В╨░╤А╨╡╨▓╤И╨╕╨╝: 'Use the MapSystem method' [D:\projects\night-city\Content.Server\Content.Server.csproj]
D:\projects\night-city\Content.Server\Speech\EntitySystems\RatvarianLanguageSystem.cs(58,9): warning CS0618: "StatusEffectsSystem.TryAddStatusEffect<T>(EntityUid, string, TimeSpan, bool, StatusEffectsComponent?)" ╤П╨▓╨╗╤П╨╡╤В╤Б╤П ╤Г╤Б╤В╨░╤А╨╡╨▓╤И╨╕╨╝: 'Migration to Content.Shared.StatusEffectNew.StatusEffectsSystem is required' [D:\projects\night-city\Content.Server\Content.Server.csproj]
D:\projects\night-city\Content.Server\Revenant\EntitySystems\RevenantSystem.cs(197,9): warning CS0618: "StatusEffectsSystem.TryAddStatusEffect<T>(EntityUid, string, TimeSpan, bool, StatusEffectsComponent?)" ╤П╨▓╨╗╤П╨╡╤В╤Б╤П ╤Г╤Б╤В╨░╤А╨╡╨▓╤И╨╕╨╝: 'Migration to Content.Shared.StatusEffectNew.StatusEffectsSystem is required' [D:\projects\night-city\Content.Server\Content.Server.csproj]
D:\projects\night-city\Content.Server\Radio\EntitySystems\RadioSystem.cs(107,28): warning CS0618: "Component.Owner" ╤П╨▓╨╗╤П╨╡╤В╤Б╤П ╤Г╤Б╤В╨░╤А╨╡╨▓╤И╨╕╨╝: 'Update your API to allow accessing Owner through other means' [D:\projects\night-city\Content.Server\Content.Server.csproj]
D:\projects\night-city\Content.Server\Radio\EntitySystems\RadioSystem.cs(110,17): warning CS8073: ╨а╨╡╨╖╤Г╨╗╤М╤В╨░╤В ╨▓╤Л╤А╨░╨╢╨╡╨╜╨╕╤П ╨▓╤Б╨╡╨│╨┤╨░ ╤А╨░╨▓╨╡╨╜ "true", ╨┐╨╛╤Б╨║╨╛╨╗╤М╨║╤Г ╨╖╨╜╨░╤З╨╡╨╜╨╕╨╡ ╤В╨╕╨┐╨░ "EntityUid" ╨╜╨╕╨║╨╛╨│╨┤╨░ ╨╜╨╡ ╤А╨░╨▓╨╜╨╛ Null ╤В╨╕╨┐╨░ "EntityUid?" [D:\projects\night-city\Content.Server\Content.Server.csproj]
D:\projects\night-city\Content.Server\Radiation\Systems\RadiationSystem.Blockers.cs(117,23): warning CS0618: "MapGridComponent.TileIndicesFor(EntityCoordinates)" ╤П╨▓╨╗╤П╨╡╤В╤Б╤П ╤Г╤Б╤В╨░╤А╨╡╨▓╤И╨╕╨╝: 'Use the MapSystem method' [D:\projects\night-city\Content.Server\Content.Server.csproj]
D:\projects\night-city\Content.Server\_DV\CosmicCult\CosmicCultSystem.cs(208,13): warning CS0618: "StatusEffectsSystem.TryAddStatusEffect<T>(EntityUid, string, TimeSpan, bool, StatusEffectsComponent?)" ╤П╨▓╨╗╤П╨╡╤В╤Б╤П ╤Г╤Б╤В╨░╤А╨╡╨▓╤И╨╕╨╝: 'Migration to Content.Shared.StatusEffectNew.StatusEffectsSystem is required' [D:\projects\night-city\Content.Server\Content.Server.csproj]
D:\projects\night-city\Content.Server\_DV\CosmicCult\CosmicCultSystem.cs(214,13): warning CS0618: "StatusEffectsSystem.TryRemoveStatusEffect(EntityUid, string, StatusEffectsComponent?, bool)" ╤П╨▓╨╗╤П╨╡╤В╤Б╤П ╤Г╤Б╤В╨░╤А╨╡╨▓╤И╨╕╨╝: 'Migration to Content.Shared.StatusEffectNew.StatusEffectsSystem is required' [D:\projects\night-city\Content.Server\Content.Server.csproj]
D:\projects\night-city\Content.Server\_DV\CosmicCult\CosmicCultSystem.cs(220,13): warning CS0618: "StatusEffectsSystem.TryAddStatusEffect<T>(EntityUid, string, TimeSpan, bool, StatusEffectsComponent?)" ╤П╨▓╨╗╤П╨╡╤В╤Б╤П ╤Г╤Б╤В╨░╤А╨╡╨▓╤И╨╕╨╝: 'Migration to Content.Shared.StatusEffectNew.StatusEffectsSystem is required' [D:\projects\night-city\Content.Server\Content.Server.csproj]
D:\projects\night-city\Content.Server\_DV\CosmicCult\CosmicCultSystem.cs(228,13): warning CS0618: "StatusEffectsSystem.TryRemoveStatusEffect(EntityUid, string, StatusEffectsComponent?, bool)" ╤П╨▓╨╗╤П╨╡╤В╤Б╤П ╤Г╤Б╤В╨░╤А╨╡╨▓╤И╨╕╨╝: 'Migration to Content.Shared.StatusEffectNew.StatusEffectsSystem is required' [D:\projects\night-city\Content.Server\Content.Server.csproj]
D:\projects\night-city\Content.Server\Salvage\SalvageSystem.Magnet.cs(477,17): warning CS0612: "IMapManager.FindGridsIntersecting(MapId, Box2Rotated, bool, bool)" ╤П╨▓╨╗╤П╨╡╤В╤Б╤П ╤Г╤Б╤В╨░╤А╨╡╨▓╤И╨╕╨╝. [D:\projects\night-city\Content.Server\Content.Server.csproj]
D:\projects\night-city\Content.Server\Salvage\SalvageSystem.Runner.cs(91,13): warning CS0618: "IMapManager.GetMapEntityId(MapId)" ╤П╨▓╨╗╤П╨╡╤В╤Б╤П ╤Г╤Б╤В╨░╤А╨╡╨▓╤И╨╕╨╝: 'Use MapSystem' [D:\projects\night-city\Content.Server\Content.Server.csproj]
D:\projects\night-city\Content.Server\Administration\Systems\AdminSystem.cs(498,35): warning CS0618: "ResolvedSoundSpecifier.implicit operator ResolvedSoundSpecifier(string)" ╤П╨▓╨╗╤П╨╡╤В╤Б╤П ╤Г╤Б╤В╨░╤А╨╡╨▓╤И╨╕╨╝: 'String literals for sounds are deprecated, use a SoundSpecifier or ResolvedSoundSpecifier as appropriate instead' [D:\projects\night-city\Content.Server\Content.Server.csproj]
D:\projects\night-city\Content.Server\Procedural\DungeonSystem.Rooms.cs(140,30): warning CS0618: "IMapManager.GetMapEntityId(MapId)" ╤П╨▓╨╗╤П╨╡╤В╤Б╤П ╤Г╤Б╤В╨░╤А╨╡╨▓╤И╨╕╨╝: 'Use MapSystem' [D:\projects\night-city\Content.Server\Content.Server.csproj]
D:\projects\night-city\Content.Server\Polymorph\Systems\PolymorphSystem.cs(368,13): warning CS0618: "IComponent.Owner" ╤П╨▓╨╗╤П╨╡╤В╤Б╤П ╤Г╤Б╤В╨░╤А╨╡╨▓╤И╨╕╨╝: 'Update your API to allow accessing Owner through other means' [D:\projects\night-city\Content.Server\Content.Server.csproj]
D:\projects\night-city\Content.Server\Preferences\Managers\ServerPreferencesManager.cs(95,17): warning CS0618: "Logger.WarningS(string, string)" ╤П╨▓╨╗╤П╨╡╤В╤Б╤П ╤Г╤Б╤В╨░╤А╨╡╨▓╤И╨╕╨╝: 'Use ISawmill.Warning' [D:\projects\night-city\Content.Server\Content.Server.csproj]
D:\projects\night-city\Content.Server\Preferences\Managers\ServerPreferencesManager.cs(186,17): warning CS0618: "Logger.WarningS(string, string)" ╤П╨▓╨╗╤П╨╡╤В╤Б╤П ╤Г╤Б╤В╨░╤А╨╡╨▓╤И╨╕╨╝: 'Use ISawmill.Warning' [D:\projects\night-city\Content.Server\Content.Server.csproj]
D:\projects\night-city\Content.Server\ParticleAccelerator\EntitySystems\ParticleAcceleratorSystem.ControlBox.cs(237,39): warning CS0618: "ResolvedSoundSpecifier.implicit operator ResolvedSoundSpecifier(string)" ╤П╨▓╨╗╤П╨╡╤В╤Б╤П ╤Г╤Б╤В╨░╤А╨╡╨▓╤И╨╕╨╝: 'String literals for sounds are deprecated, use a SoundSpecifier or ResolvedSoundSpecifier as appropriate instead' [D:\projects\night-city\Content.Server\Content.Server.csproj]
D:\projects\night-city\Content.Server\Nuke\NukeSystem.cs(172,56): warning CS0618: "ResolvedSoundSpecifier.implicit operator ResolvedSoundSpecifier(string)" ╤П╨▓╨╗╤П╨╡╤В╤Б╤П ╤Г╤Б╤В╨░╤А╨╡╨▓╤И╨╕╨╝: 'String literals for sounds are deprecated, use a SoundSpecifier or ResolvedSoundSpecifier as appropriate instead' [D:\projects\night-city\Content.Server\Content.Server.csproj]
D:\projects\night-city\Content.Server\Nyanotrasen\Mail\MailSystem.cs(122,56): warning CS0618: "Component.Owner" ╤П╨▓╨╗╤П╨╡╤В╤Б╤П ╤Г╤Б╤В╨░╤А╨╡╨▓╤И╨╕╨╝: 'Update your API to allow accessing Owner through other means' [D:\projects\night-city\Content.Server\Content.Server.csproj]
D:\projects\night-city\Content.Server\Nyanotrasen\Mail\MailSystem.cs(132,27): warning CS0618: "Component.Owner" ╤П╨▓╨╗╤П╨╡╤В╤Б╤П ╤Г╤Б╤В╨░╤А╨╡╨▓╤И╨╕╨╝: 'Update your API to allow accessing Owner through other means' [D:\projects\night-city\Content.Server\Content.Server.csproj]
D:\projects\night-city\Content.Server\NodeContainer\Nodes\PortPipeNode.cs(30,29): warning CS0618: "MapGridComponent.TileIndicesFor(EntityCoordinates)" ╤П╨▓╨╗╤П╨╡╤В╤Б╤П ╤Г╤Б╤В╨░╤А╨╡╨▓╤И╨╕╨╝: 'Use the MapSystem method' [D:\projects\night-city\Content.Server\Content.Server.csproj]
D:\projects\night-city\Content.Server\NodeContainer\Nodes\PortablePipeNode.cs(30,29): warning CS0618: "MapGridComponent.TileIndicesFor(EntityCoordinates)" ╤П╨▓╨╗╤П╨╡╤В╤Б╤П ╤Г╤Б╤В╨░╤А╨╡╨▓╤И╨╕╨╝: 'Use the MapSystem method' [D:\projects\night-city\Content.Server\Content.Server.csproj]
D:\projects\night-city\Content.Server\NodeContainer\Nodes\PipeNode.cs(213,23): warning CS0618: "MapGridComponent.TileIndicesFor(EntityCoordinates)" ╤П╨▓╨╗╤П╨╡╤В╤Б╤П ╤Г╤Б╤В╨░╤А╨╡╨▓╤И╨╕╨╝: 'Use the MapSystem method' [D:\projects\night-city\Content.Server\Content.Server.csproj]
D:\projects\night-city\Content.Server\NodeContainer\Nodes\PipeNode.cs(254,36): warning CS0618: "MapGridComponent.GetAnchoredEntities(Vector2i)" ╤П╨▓╨╗╤П╨╡╤В╤Б╤П ╤Г╤Б╤В╨░╤А╨╡╨▓╤И╨╕╨╝: 'Use the MapSystem method' [D:\projects\night-city\Content.Server\Content.Server.csproj]
D:\projects\night-city\Content.Server\NodeContainer\Nodes\NodeHelpers.cs(26,39): warning CS0618: "MapGridComponent.GetAnchoredEntities(Vector2i)" ╤П╨▓╨╗╤П╨╡╤В╤Б╤П ╤Г╤Б╤В╨░╤А╨╡╨▓╤И╨╕╨╝: 'Use the MapSystem method' [D:\projects\night-city\Content.Server\Content.Server.csproj]
D:\projects\night-city\Content.Server\NodeContainer\Nodes\NodeHelpers.cs(64,37): warning CS0618: "MapGridComponent.GetAnchoredEntities(Vector2i)" ╤П╨▓╨╗╤П╨╡╤В╤Б╤П ╤Г╤Б╤В╨░╤А╨╡╨▓╤И╨╕╨╝: 'Use the MapSystem method' [D:\projects\night-city\Content.Server\Content.Server.csproj]
D:\projects\night-city\Content.Server\NodeContainer\Nodes\NodeHelpers.cs(68,33): warning CS0618: "MapGridComponent.GetAnchoredEntities(Vector2i)" ╤П╨▓╨╗╤П╨╡╤В╤Б╤П ╤Г╤Б╤В╨░╤А╨╡╨▓╤И╨╕╨╝: 'Use the MapSystem method' [D:\projects\night-city\Content.Server\Content.Server.csproj]
D:\projects\night-city\Content.Server\NodeContainer\Nodes\NodeHelpers.cs(71,33): warning CS0618: "MapGridComponent.GetAnchoredEntities(Vector2i)" ╤П╨▓╨╗╤П╨╡╤В╤Б╤П ╤Г╤Б╤В╨░╤А╨╡╨▓╤И╨╕╨╝: 'Use the MapSystem method' [D:\projects\night-city\Content.Server\Content.Server.csproj]
D:\projects\night-city\Content.Server\NodeContainer\Nodes\NodeHelpers.cs(74,33): warning CS0618: "MapGridComponent.GetAnchoredEntities(Vector2i)" ╤П╨▓╨╗╤П╨╡╤В╤Б╤П ╤Г╤Б╤В╨░╤А╨╡╨▓╤И╨╕╨╝: 'Use the MapSystem method' [D:\projects\night-city\Content.Server\Content.Server.csproj]
D:\projects\night-city\Content.Server\NodeContainer\Nodes\NodeHelpers.cs(77,33): warning CS0618: "MapGridComponent.GetAnchoredEntities(Vector2i)" ╤П╨▓╨╗╤П╨╡╤В╤Б╤П ╤Г╤Б╤В╨░╤А╨╡╨▓╤И╨╕╨╝: 'Use the MapSystem method' [D:\projects\night-city\Content.Server\Content.Server.csproj]
D:\projects\night-city\Content.Server\NodeContainer\Nodes\AdjacentNode.cs(43,29): warning CS0618: "MapGridComponent.TileIndicesFor(EntityCoordinates)" ╤П╨▓╨╗╤П╨╡╤В╤Б╤П ╤Г╤Б╤В╨░╤А╨╡╨▓╤И╨╕╨╝: 'Use the MapSystem method' [D:\projects\night-city\Content.Server\Content.Server.csproj]
D:\projects\night-city\Content.Server\Nyanotrasen\Mail\MailSystem.cs(606,53): warning CS0618: "Component.Owner" ╤П╨▓╨╗╤П╨╡╤В╤Б╤П ╤Г╤Б╤В╨░╤А╨╡╨▓╤И╨╕╨╝: 'Update your API to allow accessing Owner through other means' [D:\projects\night-city\Content.Server\Content.Server.csproj]
D:\projects\night-city\Content.Server\Nyanotrasen\Mail\MailSystem.cs(606,104): warning CS0618: "Component.Owner" ╤П╨▓╨╗╤П╨╡╤В╤Б╤П ╤Г╤Б╤В╨░╤А╨╡╨▓╤И╨╕╨╝: 'Update your API to allow accessing Owner through other means' [D:\projects\night-city\Content.Server\Content.Server.csproj]
D:\projects\night-city\Content.Server\Nuke\NukeSystem.cs(648,41): warning CS0618: "SharedAudioSystem.GetSound(SoundSpecifier)" ╤П╨▓╨╗╤П╨╡╤В╤Б╤П ╤Г╤Б╤В╨░╤А╨╡╨▓╤И╨╕╨╝: 'Use ResolveSound() and pass around resolved sound specifiers instead.' [D:\projects\night-city\Content.Server\Content.Server.csproj]
D:\projects\night-city\Content.Server\Nuke\NukeSystem.cs(648,41): warning CS0618: "ResolvedSoundSpecifier.implicit operator ResolvedSoundSpecifier(string)" ╤П╨▓╨╗╤П╨╡╤В╤Б╤П ╤Г╤Б╤В╨░╤А╨╡╨▓╤И╨╕╨╝: 'String literals for sounds are deprecated, use a SoundSpecifier or ResolvedSoundSpecifier as appropriate instead' [D:\projects\night-city\Content.Server\Content.Server.csproj]
D:\projects\night-city\Content.Server\Nyanotrasen\Mail\MailSystem.cs(628,45): warning CS0618: "Component.Owner" ╤П╨▓╨╗╤П╨╡╤В╤Б╤П ╤Г╤Б╤В╨░╤А╨╡╨▓╤И╨╕╨╝: 'Update your API to allow accessing Owner through other means' [D:\projects\night-city\Content.Server\Content.Server.csproj]
D:\projects\night-city\Content.Server\Nyanotrasen\Mail\MailSystem.cs(635,68): warning CS0618: "Component.Owner" ╤П╨▓╨╗╤П╨╡╤В╤Б╤П ╤Г╤Б╤В╨░╤А╨╡╨▓╤И╨╕╨╝: 'Update your API to allow accessing Owner through other means' [D:\projects\night-city\Content.Server\Content.Server.csproj]
D:\projects\night-city\Content.Server\MoMMI\MoMMILink.cs(65,17): warning CS0618: "Logger.WarningS(string, string)" ╤П╨▓╨╗╤П╨╡╤В╤Б╤П ╤Г╤Б╤В╨░╤А╨╡╨▓╤И╨╕╨╝: 'Use ISawmill.Warning' [D:\projects\night-city\Content.Server\Content.Server.csproj]
D:\projects\night-city\Content.Server\Administration\PlayerLocator.cs(130,13): warning CS0162: ╨Ю╨▒╨╜╨░╤А╤Г╨╢╨╡╨╜ ╨╜╨╡╨┤╨╛╤Б╤В╨╕╨╢╨╕╨╝╤Л╨╣ ╨║╨╛╨┤ [D:\projects\night-city\Content.Server\Content.Server.csproj]
D:\projects\night-city\Content.Server\Administration\Notes\UserNotesEui.cs(31,13): warning CS0618: "Logger.WarningS(string, string)" ╤П╨▓╨╗╤П╨╡╤В╤Б╤П ╤Г╤Б╤В╨░╤А╨╡╨▓╤И╨╕╨╝: 'Use ISawmill.Warning' [D:\projects\night-city\Content.Server\Content.Server.csproj]
D:\projects\night-city\Content.Server\Administration\Notes\UserNotesEui.cs(48,13): warning CS0618: "Logger.WarningS(string, string)" ╤П╨▓╨╗╤П╨╡╤В╤Б╤П ╤Г╤Б╤В╨░╤А╨╡╨▓╤И╨╕╨╝: 'Use ISawmill.Warning' [D:\projects\night-city\Content.Server\Content.Server.csproj]
D:\projects\night-city\Content.Server\Nyanotrasen\Mail\MailCommands.cs(127,75): warning CS0618: "Component.Owner" ╤П╨▓╨╗╤П╨╡╤В╤Б╤П ╤Г╤Б╤В╨░╤А╨╡╨▓╤И╨╕╨╝: 'Update your API to allow accessing Owner through other means' [D:\projects\night-city\Content.Server\Content.Server.csproj]
D:\projects\night-city\Content.Server\_Shitcode\Magic\ImmovableVoidRodSystem.cs(44,26): warning CS0618: "Component.Owner" ╤П╨▓╨╗╤П╨╡╤В╤Б╤П ╤Г╤Б╤В╨░╤А╨╡╨▓╤И╨╕╨╝: 'Update your API to allow accessing Owner through other means' [D:\projects\night-city\Content.Server\Content.Server.csproj]
D:\projects\night-city\Content.Server\_Shitcode\Magic\ImmovableVoidRodSystem.cs(53,27): warning CS0618: "MapGridComponent.GetTileRef(EntityCoordinates)" ╤П╨▓╨╗╤П╨╡╤В╤Б╤П ╤Г╤Б╤В╨░╤А╨╡╨▓╤И╨╕╨╝: 'Use the MapSystem method' [D:\projects\night-city\Content.Server\Content.Server.csproj]
D:\projects\night-city\Content.Server\_DV\CosmicCult\Abilities\CosmicSiphonSystem.cs(99,9): warning CS0618: "StatusEffectsSystem.TryAddStatusEffect<T>(EntityUid, string, TimeSpan, bool, StatusEffectsComponent?)" ╤П╨▓╨╗╤П╨╡╤В╤Б╤П ╤Г╤Б╤В╨░╤А╨╡╨▓╤И╨╕╨╝: 'Migration to Content.Shared.StatusEffectNew.StatusEffectsSystem is required' [D:\projects\night-city\Content.Server\Content.Server.csproj]
D:\projects\night-city\Content.Server\Light\EntitySystems\PoweredLightSystem.cs(448,13): warning CS0618: "TimerExtensions.SpawnTimer(EntityUid, TimeSpan, Action, CancellationToken)" ╤П╨▓╨╗╤П╨╡╤В╤Б╤П ╤Г╤Б╤В╨░╤А╨╡╨▓╤И╨╕╨╝: 'Use a system update loop instead' [D:\projects\night-city\Content.Server\Content.Server.csproj]
D:\projects\night-city\Content.Server\Maps\PlanetCommand.cs(56,14): warning CS0618: "IMapManager.MapExists(MapId?)" ╤П╨▓╨╗╤П╨╡╤В╤Б╤П ╤Г╤Б╤В╨░╤А╨╡╨▓╤И╨╕╨╝: 'Use MapSystem' [D:\projects\night-city\Content.Server\Content.Server.csproj]
D:\projects\night-city\Content.Server\Maps\PlanetCommand.cs(69,22): warning CS0618: "IMapManager.GetMapEntityId(MapId)" ╤П╨▓╨╗╤П╨╡╤В╤Б╤П ╤Г╤Б╤В╨░╤А╨╡╨▓╤И╨╕╨╝: 'Use MapSystem' [D:\projects\night-city\Content.Server\Content.Server.csproj]
D:\projects\night-city\Content.Server\Light\EntitySystems\MatchstickSystem.cs(114,13): warning CS0618: "TimerExtensions.SpawnTimer(EntityUid, int, Action, CancellationToken)" ╤П╨▓╨╗╤П╨╡╤В╤Б╤П ╤Г╤Б╤В╨░╤А╨╡╨▓╤И╨╕╨╝: 'Use a system update loop instead' [D:\projects\night-city\Content.Server\Content.Server.csproj]
D:\projects\night-city\Content.Server\Lube\LubedSystem.cs(48,42): warning CS9195: ╨Р╤А╨│╤Г╨╝╨╡╨╜╤В 1 ╨┤╨╛╨╗╨╢╨╡╨╜ ╨┐╨╡╤А╨╡╨┤╨░╨▓╨░╤В╤М╤Б╤П ╤Б ╨╕╤Б╨┐╨╛╨╗╤М╨╖╨╛╨▓╨░╨╜╨╕╨╡╨╝ ╨║╨╗╤О╤З╨╡╨▓╨╛╨│╨╛ ╤Б╨╗╨╛╨▓╨░ "in" [D:\projects\night-city\Content.Server\Content.Server.csproj]
D:\projects\night-city\Content.Server\Shuttles\Systems\EmergencyShuttleSystem.Console.cs(404,31): warning CS0618: "ResolvedSoundSpecifier.implicit operator ResolvedSoundSpecifier(string)" ╤П╨▓╨╗╤П╨╡╤В╤Б╤П ╤Г╤Б╤В╨░╤А╨╡╨▓╤И╨╕╨╝: 'String literals for sounds are deprecated, use a SoundSpecifier or ResolvedSoundSpecifier as appropriate instead' [D:\projects\night-city\Content.Server\Content.Server.csproj]
D:\projects\night-city\Content.Server\Shuttles\Systems\EmergencyShuttleSystem.Console.cs(508,27): warning CS0618: "ResolvedSoundSpecifier.implicit operator ResolvedSoundSpecifier(string)" ╤П╨▓╨╗╤П╨╡╤В╤Б╤П ╤Г╤Б╤В╨░╤А╨╡╨▓╤И╨╕╨╝: 'String literals for sounds are deprecated, use a SoundSpecifier or ResolvedSoundSpecifier as appropriate instead' [D:\projects\night-city\Content.Server\Content.Server.csproj]
D:\projects\night-city\Content.Server\_Shitcode\GameTicking\Rules\HereticRuleSystem.cs(129,35): warning CS0618: "Component.Owner" ╤П╨▓╨╗╤П╨╡╤В╤Б╤П ╤Г╤Б╤В╨░╤А╨╡╨▓╤И╨╕╨╝: 'Update your API to allow accessing Owner through other means' [D:\projects\night-city\Content.Server\Content.Server.csproj]
D:\projects\night-city\Content.Server\_Shitcode\GameTicking\Rules\HereticRuleSystem.cs(132,65): warning CS0618: "Component.Owner" ╤П╨▓╨╗╤П╨╡╤В╤Б╤П ╤Г╤Б╤В╨░╤А╨╡╨▓╤И╨╕╨╝: 'Update your API to allow accessing Owner through other means' [D:\projects\night-city\Content.Server\Content.Server.csproj]
D:\projects\night-city\Content.Server\Guardian\GuardianSystem.cs(414,35): warning CS0618: "EntityCoordinates.WithEntityId(EntityUid, IEntityManager?)" ╤П╨▓╨╗╤П╨╡╤В╤Б╤П ╤Г╤Б╤В╨░╤А╨╡╨▓╤И╨╕╨╝: 'Use SharedTransformSystem.WithEntityId()' [D:\projects\night-city\Content.Server\Content.Server.csproj]
D:\projects\night-city\Content.Server\Gateway\Systems\GatewayGeneratorSystem.cs(115,21): warning CS0618: "IMapManager.CreateMap(MapId?)" ╤П╨▓╨╗╤П╨╡╤В╤Б╤П ╤Г╤Б╤В╨░╤А╨╡╨▓╤И╨╕╨╝: 'Use MapSystem' [D:\projects\night-city\Content.Server\Content.Server.csproj]
D:\projects\night-city\Content.Server\Gateway\Systems\GatewayGeneratorSystem.cs(116,22): warning CS0618: "IMapManager.GetMapEntityId(MapId)" ╤П╨▓╨╗╤П╨╡╤В╤Б╤П ╤Г╤Б╤В╨░╤А╨╡╨▓╤И╨╕╨╝: 'Use MapSystem' [D:\projects\night-city\Content.Server\Content.Server.csproj]
D:\projects\night-city\Content.Server\GameTicking\Rules\ZombieRuleSystem.cs(210,31): warning CS0618: "ResolvedSoundSpecifier.implicit operator ResolvedSoundSpecifier(string)" ╤П╨▓╨╗╤П╨╡╤В╤Б╤П ╤Г╤Б╤В╨░╤А╨╡╨▓╤И╨╕╨╝: 'String literals for sounds are deprecated, use a SoundSpecifier or ResolvedSoundSpecifier as appropriate instead' [D:\projects\night-city\Content.Server\Content.Server.csproj]
D:\projects\night-city\Content.Server\EUI\EuiManager.cs(115,17): warning CS0618: "Logger.WarningS(string, string)" ╤П╨▓╨╗╤П╨╡╤В╤Б╤П ╤Г╤Б╤В╨░╤А╨╡╨▓╤И╨╕╨╝: 'Use ISawmill.Warning' [D:\projects\night-city\Content.Server\Content.Server.csproj]
D:\projects\night-city\Content.Server\Instruments\InstrumentComponent.cs(53,60): warning CS0618: "Component.Owner" ╤П╨▓╨╗╤П╨╡╤В╤Б╤П ╤Г╤Б╤В╨░╤А╨╡╨▓╤И╨╕╨╝: 'Update your API to allow accessing Owner through other means' [D:\projects\night-city\Content.Server\Content.Server.csproj]
D:\projects\night-city\Content.Server\Instruments\InstrumentComponent.cs(54,55): warning CS0618: "Component.Owner" ╤П╨▓╨╗╤П╨╡╤В╤Б╤П ╤Г╤Б╤В╨░╤А╨╡╨▓╤И╨╕╨╝: 'Update your API to allow accessing Owner through other means' [D:\projects\night-city\Content.Server\Content.Server.csproj]
D:\projects\night-city\Content.Server\Shuttles\Systems\EmergencyShuttleSystem.cs(409,31): warning CS0618: "ResolvedSoundSpecifier.implicit operator ResolvedSoundSpecifier(string)" ╤П╨▓╨╗╤П╨╡╤В╤Б╤П ╤Г╤Б╤В╨░╤А╨╡╨▓╤И╨╕╨╝: 'String literals for sounds are deprecated, use a SoundSpecifier or ResolvedSoundSpecifier as appropriate instead' [D:\projects\night-city\Content.Server\Content.Server.csproj]
D:\projects\night-city\Content.Server\Engineering\EntitySystems\SpawnAfterInteractSystem.cs(81,104): warning CS0618: "AwaitedDoAfterEvent" ╤П╨▓╨╗╤П╨╡╤В╤Б╤П ╤Г╤Б╤В╨░╤А╨╡╨▓╤И╨╕╨╝: 'Dont use async DoAfters' [D:\projects\night-city\Content.Server\Content.Server.csproj]
D:\projects\night-city\Content.Server\Engineering\EntitySystems\SpawnAfterInteractSystem.cs(85,36): warning CS0618: "SharedDoAfterSystem.WaitDoAfter(DoAfterArgs, DoAfterComponent?)" ╤П╨▓╨╗╤П╨╡╤В╤Б╤П ╤Г╤Б╤В╨░╤А╨╡╨▓╤И╨╕╨╝: 'Use the synchronous version instead.' [D:\projects\night-city\Content.Server\Content.Server.csproj]
D:\projects\night-city\Content.Server\Medical\BiomassReclaimer\BiomassReclaimerSystem.cs(238,40): warning CS0618: "ResolvedSoundSpecifier.implicit operator ResolvedSoundSpecifier(string)" ╤П╨▓╨╗╤П╨╡╤В╤Б╤П ╤Г╤Б╤В╨░╤А╨╡╨▓╤И╨╕╨╝: 'String literals for sounds are deprecated, use a SoundSpecifier or ResolvedSoundSpecifier as appropriate instead' [D:\projects\night-city\Content.Server\Content.Server.csproj]
D:\projects\night-city\Content.Server\Medical\BiomassReclaimer\BiomassReclaimerSystem.cs(298,17): warning CS8073: ╨а╨╡╨╖╤Г╨╗╤М╤В╨░╤В ╨▓╤Л╤А╨░╨╢╨╡╨╜╨╕╤П ╨▓╤Б╨╡╨│╨┤╨░ ╤А╨░╨▓╨╡╨╜ "false", ╨┐╨╛╤Б╨║╨╛╨╗╤М╨║╤Г ╨╖╨╜╨░╤З╨╡╨╜╨╕╨╡ ╤В╨╕╨┐╨░ "EntityUid" ╨╜╨╕╨║╨╛╨│╨┤╨░ ╨╜╨╡ ╤А╨░╨▓╨╜╨╛ Null ╤В╨╕╨┐╨░ "EntityUid?" [D:\projects\night-city\Content.Server\Content.Server.csproj]
D:\projects\night-city\Content.Server\Fax\FaxSystem.cs(475,52): warning CS9193: ╨Р╤А╨│╤Г╨╝╨╡╨╜╤В 1 ╨┤╨╛╨╗╨╢╨╡╨╜ ╨▒╤Л╤В╤М ╨┐╨╡╤А╨╡╨╝╨╡╨╜╨╜╨╛╨╣, ╤В╨░╨║ ╨║╨░╨║ ╨╛╨╜ ╨┐╨╡╤А╨╡╨┤╨░╨╡╤В╤Б╤П ╨┐╨░╤А╨░╨╝╨╡╤В╤А╤Г "ref readonly" [D:\projects\night-city\Content.Server\Content.Server.csproj]
D:\projects\night-city\Content.Server\Fax\FaxSystem.cs(475,70): warning CS9192: ╨Р╤А╨│╤Г╨╝╨╡╨╜╤В 2 ╨┤╨╛╨╗╨╢╨╡╨╜ ╨┐╨╡╤А╨╡╨┤╨░╨▓╨░╤В╤М╤Б╤П ╤Б ╨╕╤Б╨┐╨╛╨╗╤М╨╖╨╛╨▓╨░╨╜╨╕╨╡╨╝ ╨║╨╗╤О╤З╨╡╨▓╨╛╨│╨╛ ╤Б╨╗╨╛╨▓╨░ "ref" ╨╕╨╗╨╕ "in" [D:\projects\night-city\Content.Server\Content.Server.csproj]
D:\projects\night-city\Content.Server\Electrocution\ElectrocutionSystem.cs(477,14): warning CS0618: "StatusEffectsSystem.CanApplyEffect(EntityUid, string, StatusEffectsComponent?, bool)" ╤П╨▓╨╗╤П╨╡╤В╤Б╤П ╤Г╤Б╤В╨░╤А╨╡╨▓╤И╨╕╨╝: 'Migration to Content.Shared.StatusEffectNew.StatusEffectsSystem is required' [D:\projects\night-city\Content.Server\Content.Server.csproj]
D:\projects\night-city\Content.Server\Electrocution\ElectrocutionSystem.cs(482,14): warning CS0618: "StatusEffectsSystem.TryAddStatusEffect<T>(EntityUid, string, TimeSpan, bool, StatusEffectsComponent?)" ╤П╨▓╨╗╤П╨╡╤В╤Б╤П ╤Г╤Б╤В╨░╤А╨╡╨▓╤И╨╕╨╝: 'Migration to Content.Shared.StatusEffectNew.StatusEffectsSystem is required' [D:\projects\night-city\Content.Server\Content.Server.csproj]
D:\projects\night-city\Content.Server\Administration\Logs\AdminLogManager.Json.cs(75,41): warning CS0618: "IComponent.Owner" ╤П╨▓╨╗╤П╨╡╤В╤Б╤П ╤Г╤Б╤В╨░╤А╨╡╨▓╤И╨╕╨╝: 'Update your API to allow accessing Owner through other means' [D:\projects\night-city\Content.Server\Content.Server.csproj]
D:\projects\night-city\Content.Server\Electrocution\ElectrocuteCommand.cs(46,14): warning CS0618: "StatusEffectsSystem.CanApplyEffect(EntityUid, string, StatusEffectsComponent?, bool)" ╤П╨▓╨╗╤П╨╡╤В╤Б╤П ╤Г╤Б╤В╨░╤А╨╡╨▓╤И╨╕╨╝: 'Migration to Content.Shared.StatusEffectNew.StatusEffectsSystem is required' [D:\projects\night-city\Content.Server\Content.Server.csproj]
D:\projects\night-city\Content.Server\Dragon\DragonRiftSystem.cs(99,35): warning CS0618: "ResolvedSoundSpecifier.implicit operator ResolvedSoundSpecifier(string)" ╤П╨▓╨╗╤П╨╡╤В╤Б╤П ╤Г╤Б╤В╨░╤А╨╡╨▓╤И╨╕╨╝: 'String literals for sounds are deprecated, use a SoundSpecifier or ResolvedSoundSpecifier as appropriate instead' [D:\projects\night-city\Content.Server\Content.Server.csproj]
D:\projects\night-city\Content.Server\Fax\FaxSystem.cs(784,33): warning CS0618: "ResolvedSoundSpecifier.implicit operator ResolvedSoundSpecifier(string)" ╤П╨▓╨╗╤П╨╡╤В╤Б╤П ╤Г╤Б╤В╨░╤А╨╡╨▓╤И╨╕╨╝: 'String literals for sounds are deprecated, use a SoundSpecifier or ResolvedSoundSpecifier as appropriate instead' [D:\projects\night-city\Content.Server\Content.Server.csproj]
D:\projects\night-city\Content.Server\Explosion\EntitySystems\SmokeOnTriggerSystem.cs(56,14): warning CS0618: "MapGridComponent.TryGetTileRef(EntityCoordinates, out TileRef)" ╤П╨▓╨╗╤П╨╡╤В╤Б╤П ╤Г╤Б╤В╨░╤А╨╡╨▓╤И╨╕╨╝: 'Use the MapSystem method' [D:\projects\night-city\Content.Server\Content.Server.csproj]
D:\projects\night-city\Content.Server\Explosion\EntitySystems\SmokeOnTriggerSystem.cs(65,22): warning CS0618: "MapGridComponent.MapToGrid(MapCoordinates)" ╤П╨▓╨╗╤П╨╡╤В╤Б╤П ╤Г╤Б╤В╨░╤А╨╡╨▓╤И╨╕╨╝: 'Use the MapSystem method' [D:\projects\night-city\Content.Server\Content.Server.csproj]
D:\projects\night-city\Content.Server\Explosion\EntitySystems\ExplosionSystem.Processing.cs(905,67): warning CS0618: "Component.Owner" ╤П╨▓╨╗╤П╨╡╤В╤Б╤П ╤Г╤Б╤В╨░╤А╨╡╨▓╤И╨╕╨╝: 'Update your API to allow accessing Owner through other means' [D:\projects\night-city\Content.Server\Content.Server.csproj]
D:\projects\night-city\Content.Server\Explosion\EntitySystems\ExplosionSystem.Processing.cs(956,93): warning CS0618: "Component.Owner" ╤П╨▓╨╗╤П╨╡╤В╤Б╤П ╤Г╤Б╤В╨░╤А╨╡╨▓╤И╨╕╨╝: 'Update your API to allow accessing Owner through other means' [D:\projects\night-city\Content.Server\Content.Server.csproj]
D:\projects\night-city\Content.Server\Explosion\EntitySystems\ExplosionSystem.Processing.cs(1012,17): warning CS0618: "MapGridComponent.TryGetTileRef(Vector2i, out TileRef)" ╤П╨▓╨╗╤П╨╡╤В╤Б╤П ╤Г╤Б╤В╨░╤А╨╡╨▓╤И╨╕╨╝: 'Use the MapSystem method' [D:\projects\night-city\Content.Server\Content.Server.csproj]
D:\projects\night-city\Content.Server\Explosion\EntitySystems\ExplosionSystem.Processing.cs(1024,22): warning CS0618: "Component.Owner" ╤П╨▓╨╗╤П╨╡╤В╤Б╤П ╤Г╤Б╤В╨░╤А╨╡╨▓╤И╨╕╨╝: 'Update your API to allow accessing Owner through other means' [D:\projects\night-city\Content.Server\Content.Server.csproj]
D:\projects\night-city\Content.Server\Explosion\EntitySystems\ExplosionSystem.Processing.cs(1073,56): warning CS0618: "Component.Owner" ╤П╨▓╨╗╤П╨╡╤В╤Б╤П ╤Г╤Б╤В╨░╤А╨╡╨▓╤И╨╕╨╝: 'Update your API to allow accessing Owner through other means' [D:\projects\night-city\Content.Server\Content.Server.csproj]
D:\projects\night-city\Content.Server\Explosion\EntitySystems\ExplosionSystem.Processing.cs(1075,37): warning CS0618: "Component.Owner" ╤П╨▓╨╗╤П╨╡╤В╤Б╤П ╤Г╤Б╤В╨░╤А╨╡╨▓╤И╨╕╨╝: 'Update your API to allow accessing Owner through other means' [D:\projects\night-city\Content.Server\Content.Server.csproj]
D:\projects\night-city\Content.Server\Atmos\Serialization\TileAtmosCollectionSerializer.cs(61,25): warning CS0618: "Logger.Error(string)" ╤П╨▓╨╗╤П╨╡╤В╤Б╤П ╤Г╤Б╤В╨░╤А╨╡╨▓╤И╨╕╨╝: 'Use ISawmill.Error' [D:\projects\night-city\Content.Server\Content.Server.csproj]
D:\projects\night-city\Content.Server\Atmos\Serialization\TileAtmosCollectionSerializer.cs(104,37): warning CS0618: "Logger.Error(string)" ╤П╨▓╨╗╤П╨╡╤В╤Б╤П ╤Г╤Б╤В╨░╤А╨╡╨▓╤И╨╕╨╝: 'Use ISawmill.Error' [D:\projects\night-city\Content.Server\Content.Server.csproj]
D:\projects\night-city\Content.Server\Administration\Commands\RoleBanCommand.cs(44,13): warning CS0618: "Logger.WarningS(string, string)" ╤П╨▓╨╗╤П╨╡╤В╤Б╤П ╤Г╤Б╤В╨░╤А╨╡╨▓╤И╨╕╨╝: 'Use ISawmill.Warning' [D:\projects\night-city\Content.Server\Content.Server.csproj]
D:\projects\night-city\Content.Server\Power\Nodes\CableTerminalPortNode.cs(36,29): warning CS0618: "MapGridComponent.TileIndicesFor(EntityCoordinates)" ╤П╨▓╨╗╤П╨╡╤В╤Б╤П ╤Г╤Б╤В╨░╤А╨╡╨▓╤И╨╕╨╝: 'Use the MapSystem method' [D:\projects\night-city\Content.Server\Content.Server.csproj]
D:\projects\night-city\Content.Server\Power\NodeGroups\PowerNet.cs(69,77): warning CS0618: "Component.Owner" ╤П╨▓╨╗╤П╨╡╤В╤Б╤П ╤Г╤Б╤В╨░╤А╨╡╨▓╤И╨╕╨╝: 'Update your API to allow accessing Owner through other means' [D:\projects\night-city\Content.Server\Content.Server.csproj]
D:\projects\night-city\Content.Server\Power\NodeGroups\PowerNet.cs(82,40): warning CS0618: "Component.Owner" ╤П╨▓╨╗╤П╨╡╤В╤Б╤П ╤Г╤Б╤В╨░╤А╨╡╨▓╤И╨╕╨╝: 'Update your API to allow accessing Owner through other means' [D:\projects\night-city\Content.Server\Content.Server.csproj]
D:\projects\night-city\Content.Server\Power\Nodes\CableTerminalNode.cs(36,29): warning CS0618: "MapGridComponent.TileIndicesFor(EntityCoordinates)" ╤П╨▓╨╗╤П╨╡╤В╤Б╤П ╤Г╤Б╤В╨░╤А╨╡╨▓╤И╨╕╨╝: 'Use the MapSystem method' [D:\projects\night-city\Content.Server\Content.Server.csproj]
D:\projects\night-city\Content.Server\Power\Nodes\CableNode.cs(35,29): warning CS0618: "MapGridComponent.TileIndicesFor(EntityCoordinates)" ╤П╨▓╨╗╤П╨╡╤В╤Б╤П ╤Г╤Б╤В╨░╤А╨╡╨▓╤И╨╕╨╝: 'Use the MapSystem method' [D:\projects\night-city\Content.Server\Content.Server.csproj]
D:\projects\night-city\Content.Server\Power\Nodes\CableDeviceNode.cs(57,29): warning CS0618: "MapGridComponent.TileIndicesFor(EntityCoordinates)" ╤П╨▓╨╗╤П╨╡╤В╤Б╤П ╤Г╤Б╤В╨░╤А╨╡╨▓╤И╨╕╨╝: 'Use the MapSystem method' [D:\projects\night-city\Content.Server\Content.Server.csproj]
D:\projects\night-city\Content.Server\Explosion\EntitySystems\ExplosionSystem.GridMap.cs(395,18): warning CS0618: "MapGridComponent.TryGetTileRef(Vector2i, out TileRef)" ╤П╨▓╨╗╤П╨╡╤В╤Б╤П ╤Г╤Б╤В╨░╤А╨╡╨▓╤И╨╕╨╝: 'Use the MapSystem method' [D:\projects\night-city\Content.Server\Content.Server.csproj]
D:\projects\night-city\Content.Server\Power\EntitySystems\PowerReceiverSystem.cs(132,31): warning CS0618: "Component.Owner" ╤П╨▓╨╗╤П╨╡╤В╤Б╤П ╤Г╤Б╤В╨░╤А╨╡╨▓╤И╨╕╨╝: 'Update your API to allow accessing Owner through other means' [D:\projects\night-city\Content.Server\Content.Server.csproj]
D:\projects\night-city\Content.Server\Explosion\EntitySystems\ExplosionSystem.Processing.cs(435,55): warning CS0618: "Component.Owner" ╤П╨▓╨╗╤П╨╡╤В╤Б╤П ╤Г╤Б╤В╨░╤А╨╡╨▓╤И╨╕╨╝: 'Update your API to allow accessing Owner through other means' [D:\projects\night-city\Content.Server\Content.Server.csproj]
D:\projects\night-city\Content.Server\_Shitcode\Heretic\EntitySystems\PathSpecific\VoidCurseSystem.cs(59,9): warning CS0618: "StatusEffectsSystem.TryAddStatusEffect<T>(EntityUid, string, TimeSpan, bool, StatusEffectsComponent?)" ╤П╨▓╨╗╤П╨╡╤В╤Б╤П ╤Г╤Б╤В╨░╤А╨╡╨▓╤И╨╕╨╝: 'Migration to Content.Shared.StatusEffectNew.StatusEffectsSystem is required' [D:\projects\night-city\Content.Server\Content.Server.csproj]
D:\projects\night-city\Content.Server\Chemistry\TileReactions\CleanTileReaction.cs(146,29): warning CS0618: "SharedSolutionContainerSystem.SplitSolutionWithout(Entity<SolutionComponent>, FixedPoint2, params string[])" ╤П╨▓╨╗╤П╨╡╤В╤Б╤П ╤Г╤Б╤В╨░╤А╨╡╨▓╤И╨╕╨╝: 'Use SplitSolutionWithout with params ProtoId<ReagentPrototype>' [D:\projects\night-city\Content.Server\Content.Server.csproj]
D:\projects\night-city\Content.Server\_Shitcode\Heretic\EntitySystems\HereticCombatMarkSystem.cs(185,25): warning CS0618: "Component.Owner" ╤П╨▓╨╗╤П╨╡╤В╤Б╤П ╤Г╤Б╤В╨░╤А╨╡╨▓╤И╨╕╨╝: 'Update your API to allow accessing Owner through other means' [D:\projects\night-city\Content.Server\Content.Server.csproj]
D:\projects\night-city\Content.Server\Power\Components\PowerMonitoringDeviceComponent.cs(67,51): warning CS0618: "Component.Owner" ╤П╨▓╨╗╤П╨╡╤В╤Б╤П ╤Г╤Б╤В╨░╤А╨╡╨▓╤И╨╕╨╝: 'Update your API to allow accessing Owner through other means' [D:\projects\night-city\Content.Server\Content.Server.csproj]
D:\projects\night-city\Content.Server\Power\NodeGroups\PowerNet.cs(98,77): warning CS0618: "Component.Owner" ╤П╨▓╨╗╤П╨╡╤В╤Б╤П ╤Г╤Б╤В╨░╤А╨╡╨▓╤И╨╕╨╝: 'Update your API to allow accessing Owner through other means' [D:\projects\night-city\Content.Server\Content.Server.csproj]
D:\projects\night-city\Content.Server\Power\NodeGroups\PowerNet.cs(111,40): warning CS0618: "Component.Owner" ╤П╨▓╨╗╤П╨╡╤В╤Б╤П ╤Г╤Б╤В╨░╤А╨╡╨▓╤И╨╕╨╝: 'Update your API to allow accessing Owner through other means' [D:\projects\night-city\Content.Server\Content.Server.csproj]
D:\projects\night-city\Content.Server\_Shitcode\Heretic\EntitySystems\CarvingKnifeSystem.cs(132,9): warning CS0618: "StatusEffectsSystem.TryAddStatusEffect<T>(EntityUid, string, TimeSpan, bool, StatusEffectsComponent?)" ╤П╨▓╨╗╤П╨╡╤В╤Б╤П ╤Г╤Б╤В╨░╤А╨╡╨▓╤И╨╕╨╝: 'Migration to Content.Shared.StatusEffectNew.StatusEffectsSystem is required' [D:\projects\night-city\Content.Server\Content.Server.csproj]
D:\projects\night-city\Content.Server\_Shitcode\Heretic\EntitySystems\CarvingKnifeSystem.cs(138,9): warning CS0618: "StatusEffectsSystem.TryAddStatusEffect<T>(EntityUid, string, TimeSpan, bool, StatusEffectsComponent?)" ╤П╨▓╨╗╤П╨╡╤В╤Б╤П ╤Г╤Б╤В╨░╤А╨╡╨▓╤И╨╕╨╝: 'Migration to Content.Shared.StatusEffectNew.StatusEffectsSystem is required' [D:\projects\night-city\Content.Server\Content.Server.csproj]
D:\projects\night-city\Content.Server\DeviceNetwork\Systems\DeviceNetworkSystem.cs(378,21): warning CS0618: "Component.Owner" ╤П╨▓╨╗╤П╨╡╤В╤Б╤П ╤Г╤Б╤В╨░╤А╨╡╨▓╤И╨╕╨╝: 'Update your API to allow accessing Owner through other means' [D:\projects\night-city\Content.Server\Content.Server.csproj]
D:\projects\night-city\Content.Server\DeviceNetwork\Systems\DeviceNetworkSystem.cs(382,33): warning CS0618: "Component.Owner" ╤П╨▓╨╗╤П╨╡╤В╤Б╤П ╤Г╤Б╤В╨░╤А╨╡╨▓╤И╨╕╨╝: 'Update your API to allow accessing Owner through other means' [D:\projects\night-city\Content.Server\Content.Server.csproj]
D:\projects\night-city\Content.Server\DeviceNetwork\Systems\DeviceNetworkSystem.cs(385,37): warning CS0618: "Component.Owner" ╤П╨▓╨╗╤П╨╡╤В╤Б╤П ╤Г╤Б╤В╨░╤А╨╡╨▓╤И╨╕╨╝: 'Update your API to allow accessing Owner through other means' [D:\projects\night-city\Content.Server\Content.Server.csproj]
D:\projects\night-city\Content.Server\_Shitcode\Heretic\Abilities\HereticAbilitySystem.Ash.cs(128,9): warning CS4014: ╨Я╨╛╤Б╨║╨╛╨╗╤М╨║╤Г ╤Н╤В╨╛╤В ╨▓╤Л╨╖╨╛╨▓ ╨╜╨╡ ╨╛╨╢╨╕╨┤╨░╨╡╤В╤Б╤П, ╨▓╤Л╨┐╨╛╨╗╨╜╨╡╨╜╨╕╨╡ ╤В╨╡╨║╤Г╤Й╨╡╨│╨╛ ╨╝╨╡╤В╨╛╨┤╨░ ╨┐╤А╨╛╨┤╨╛╨╗╨╢╨░╨╡╤В╤Б╤П ╨┤╨╛ ╨╖╨░╨▓╨╡╤А╤И╨╡╨╜╨╕╤П ╨▓╤Л╨╖╨╛╨▓╨░. ╨Я╨╛╨┐╤А╨╛╨▒╤Г╨╣╤В╨╡ ╨┐╤А╨╕╨╝╨╡╨╜╨╕╤В╤М ╨╛╨┐╨╡╤А╨░╤В╨╛╤А await ╨║ ╤А╨╡╨╖╤Г╨╗╤М╤В╨░╤В╤Г ╨▓╤Л╨╖╨╛╨▓╨░. [D:\projects\night-city\Content.Server\Content.Server.csproj]
D:\projects\night-city\Content.Server\DeviceNetwork\Systems\DeviceListSystem.cs(165,44): warning CS0618: "Component.Owner" ╤П╨▓╨╗╤П╨╡╤В╤Б╤П ╤Г╤Б╤В╨░╤А╨╡╨▓╤И╨╕╨╝: 'Update your API to allow accessing Owner through other means' [D:\projects\night-city\Content.Server\Content.Server.csproj]
D:\projects\night-city\Content.Server\Power\EntitySystems\PowerNetSystem.cs(547,60): warning CS0618: "Component.Owner" ╤П╨▓╨╗╤П╨╡╤В╤Б╤П ╤Г╤Б╤В╨░╤А╨╡╨▓╤И╨╕╨╝: 'Update your API to allow accessing Owner through other means' [D:\projects\night-city\Content.Server\Content.Server.csproj]
D:\projects\night-city\Content.Server\Power\EntitySystems\PowerNetSystem.cs(568,57): warning CS0618: "Component.Owner" ╤П╨▓╨╗╤П╨╡╤В╤Б╤П ╤Г╤Б╤В╨░╤А╨╡╨▓╤И╨╕╨╝: 'Update your API to allow accessing Owner through other means' [D:\projects\night-city\Content.Server\Content.Server.csproj]
D:\projects\night-city\Content.Server\Power\EntitySystems\PowerNetSystem.cs(575,57): warning CS0618: "Component.Owner" ╤П╨▓╨╗╤П╨╡╤В╤Б╤П ╤Г╤Б╤В╨░╤А╨╡╨▓╤И╨╕╨╝: 'Update your API to allow accessing Owner through other means' [D:\projects\night-city\Content.Server\Content.Server.csproj]
D:\projects\night-city\Content.Server\Power\Generation\Teg\TegNodeGroup.cs(197,25): warning CS0618: "MapGridComponent.TileIndicesFor(EntityCoordinates)" ╤П╨▓╨╗╤П╨╡╤В╤Б╤П ╤Г╤Б╤В╨░╤А╨╡╨▓╤И╨╕╨╝: 'Use the MapSystem method' [D:\projects\night-city\Content.Server\Content.Server.csproj]
D:\projects\night-city\Content.Server\Connection\ConnectionManager.cs(531,29): warning CS0618: "EntitySystem.TryGet<T>(out T?)" ╤П╨▓╨╗╤П╨╡╤В╤Б╤П ╤Г╤Б╤В╨░╤А╨╡╨▓╤И╨╕╨╝: 'Either use a dependency, resolve and cache IEntityManager manually, or use EntityManager.System<T>()' [D:\projects\night-city\Content.Server\Content.Server.csproj]
D:\projects\night-city\Content.Server\_Shitcode\Heretic\EntitySystems\FeastOfOwlsSystem.cs(72,13): warning CS0618: "StatusEffectsSystem.TryRemoveStatusEffect(EntityUid, string, StatusEffectsComponent?, bool)" ╤П╨▓╨╗╤П╨╡╤В╤Б╤П ╤Г╤Б╤В╨░╤А╨╡╨▓╤И╨╕╨╝: 'Migration to Content.Shared.StatusEffectNew.StatusEffectsSystem is required' [D:\projects\night-city\Content.Server\Content.Server.csproj]
D:\projects\night-city\Content.Server\_Shitcode\Heretic\EntitySystems\FeastOfOwlsSystem.cs(73,13): warning CS0618: "StatusEffectsSystem.TryRemoveStatusEffect(EntityUid, string, StatusEffectsComponent?, bool)" ╤П╨▓╨╗╤П╨╡╤В╤Б╤П ╤Г╤Б╤В╨░╤А╨╡╨▓╤И╨╕╨╝: 'Migration to Content.Shared.StatusEffectNew.StatusEffectsSystem is required' [D:\projects\night-city\Content.Server\Content.Server.csproj]
D:\projects\night-city\Content.Server\Power\Generation\Teg\TegNodeGroup.cs(145,25): warning CS0618: "MapGridComponent.TileIndicesFor(EntityCoordinates)" ╤П╨▓╨╗╤П╨╡╤В╤Б╤П ╤Г╤Б╤В╨░╤А╨╡╨▓╤И╨╕╨╝: 'Use the MapSystem method' [D:\projects\night-city\Content.Server\Content.Server.csproj]
D:\projects\night-city\Content.Server\_Shitcode\Heretic\Abilities\HereticAbilitySystem.Blade.cs(53,9): warning CS0618: "StatusEffectsSystem.TryRemoveStatusEffect(EntityUid, string, StatusEffectsComponent?, bool)" ╤П╨▓╨╗╤П╨╡╤В╤Б╤П ╤Г╤Б╤В╨░╤А╨╡╨▓╤И╨╕╨╝: 'Migration to Content.Shared.StatusEffectNew.StatusEffectsSystem is required' [D:\projects\night-city\Content.Server\Content.Server.csproj]
D:\projects\night-city\Content.Server\_Shitcode\Heretic\Abilities\HereticAbilitySystem.Blade.cs(54,9): warning CS0618: "StatusEffectsSystem.TryRemoveStatusEffect(EntityUid, string, StatusEffectsComponent?, bool)" ╤П╨▓╨╗╤П╨╡╤В╤Б╤П ╤Г╤Б╤В╨░╤А╨╡╨▓╤И╨╕╨╝: 'Migration to Content.Shared.StatusEffectNew.StatusEffectsSystem is required' [D:\projects\night-city\Content.Server\Content.Server.csproj]
D:\projects\night-city\Content.Server\_Shitcode\Heretic\Abilities\HereticAbilitySystem.Blade.cs(55,9): warning CS0618: "StatusEffectsSystem.TryRemoveStatusEffect(EntityUid, string, StatusEffectsComponent?, bool)" ╤П╨▓╨╗╤П╨╡╤В╤Б╤П ╤Г╤Б╤В╨░╤А╨╡╨▓╤И╨╕╨╝: 'Migration to Content.Shared.StatusEffectNew.StatusEffectsSystem is required' [D:\projects\night-city\Content.Server\Content.Server.csproj]
D:\projects\night-city\Content.Server\_Shitcode\Heretic\Abilities\HereticAbilitySystem.Blade.cs(56,9): warning CS0618: "StatusEffectsSystem.TryRemoveStatusEffect(EntityUid, string, StatusEffectsComponent?, bool)" ╤П╨▓╨╗╤П╨╡╤В╤Б╤П ╤Г╤Б╤В╨░╤А╨╡╨▓╤И╨╕╨╝: 'Migration to Content.Shared.StatusEffectNew.StatusEffectsSystem is required' [D:\projects\night-city\Content.Server\Content.Server.csproj]
D:\projects\night-city\Content.Server\_Shitcode\Heretic\Abilities\HereticAbilitySystem.Blade.cs(70,13): warning CS0618: "StatusEffectsSystem.TryAddStatusEffect<T>(EntityUid, string, TimeSpan, bool, StatusEffectsComponent?)" ╤П╨▓╨╗╤П╨╡╤В╤Б╤П ╤Г╤Б╤В╨░╤А╨╡╨▓╤И╨╕╨╝: 'Migration to Content.Shared.StatusEffectNew.StatusEffectsSystem is required' [D:\projects\night-city\Content.Server\Content.Server.csproj]
D:\projects\night-city\Content.Server\_Shitcode\Heretic\Abilities\HereticAbilitySystem.Blade.cs(71,13): warning CS0618: "StatusEffectsSystem.TryAddStatusEffect<T>(EntityUid, string, TimeSpan, bool, StatusEffectsComponent?)" ╤П╨▓╨╗╤П╨╡╤В╤Б╤П ╤Г╤Б╤В╨░╤А╨╡╨▓╤И╨╕╨╝: 'Migration to Content.Shared.StatusEffectNew.StatusEffectsSystem is required' [D:\projects\night-city\Content.Server\Content.Server.csproj]
D:\projects\night-city\Content.Server\Construction\ConstructionSystem.Graph.cs(391,13): warning CS0618: "TransformComponent.Anchored.set" ╤П╨▓╨╗╤П╨╡╤В╤Б╤П ╤Г╤Б╤В╨░╤А╨╡╨▓╤И╨╕╨╝: 'Use the SharedTransformSystem.AnchorEntity/Unanchor methods instead.' [D:\projects\night-city\Content.Server\Content.Server.csproj]
D:\projects\night-city\Content.Server\Explosion\EntitySystems\ExplosionSystem.Visuals.cs(122,28): warning CS0618: "Component.Owner" ╤П╨▓╨╗╤П╨╡╤В╤Б╤П ╤Г╤Б╤В╨░╤А╨╡╨▓╤И╨╕╨╝: 'Update your API to allow accessing Owner through other means' [D:\projects\night-city\Content.Server\Content.Server.csproj]
D:\projects\night-city\Content.Server\Explosion\EntitySystems\ExplosionGridTileFlood.cs(82,30): warning CS0618: "Component.Owner" ╤П╨▓╨╗╤П╨╡╤В╤Б╤П ╤Г╤Б╤В╨░╤А╨╡╨▓╤И╨╕╨╝: 'Update your API to allow accessing Owner through other means' [D:\projects\night-city\Content.Server\Content.Server.csproj]
D:\projects\night-city\Content.Server\Explosion\EntitySystems\ExplosionGridTileFlood.cs(89,72): warning CS0618: "Component.Owner" ╤П╨▓╨╗╤П╨╡╤В╤Б╤П ╤Г╤Б╤В╨░╤А╨╡╨▓╤И╨╕╨╝: 'Update your API to allow accessing Owner through other means' [D:\projects\night-city\Content.Server\Content.Server.csproj]
D:\projects\night-city\Content.Server\Power\EntitySystems\PowerMonitoringConsoleSystem.cs(551,23): warning CS0618: "Component.Owner" ╤П╨▓╨╗╤П╨╡╤В╤Б╤П ╤Г╤Б╤В╨░╤А╨╡╨▓╤И╨╕╨╝: 'Update your API to allow accessing Owner through other means' [D:\projects\night-city\Content.Server\Content.Server.csproj]
D:\projects\night-city\Content.Server\Power\EntitySystems\PowerMonitoringConsoleSystem.cs(578,23): warning CS0618: "Component.Owner" ╤П╨▓╨╗╤П╨╡╤В╤Б╤П ╤Г╤Б╤В╨░╤А╨╡╨▓╤И╨╕╨╝: 'Update your API to allow accessing Owner through other means' [D:\projects\night-city\Content.Server\Content.Server.csproj]
D:\projects\night-city\Content.Server\Power\EntitySystems\PowerMonitoringConsoleSystem.cs(616,23): warning CS0618: "Component.Owner" ╤П╨▓╨╗╤П╨╡╤В╤Б╤П ╤Г╤Б╤В╨░╤А╨╡╨▓╤И╨╕╨╝: 'Update your API to allow accessing Owner through other means' [D:\projects\night-city\Content.Server\Content.Server.csproj]
D:\projects\night-city\Content.Server\Power\EntitySystems\PowerMonitoringConsoleSystem.cs(665,23): warning CS0618: "Component.Owner" ╤П╨▓╨╗╤П╨╡╤В╤Б╤П ╤Г╤Б╤В╨░╤А╨╡╨▓╤И╨╕╨╝: 'Update your API to allow accessing Owner through other means' [D:\projects\night-city\Content.Server\Content.Server.csproj]
D:\projects\night-city\Content.Server\Power\EntitySystems\PowerMonitoringConsoleSystem.cs(692,23): warning CS0618: "Component.Owner" ╤П╨▓╨╗╤П╨╡╤В╤Б╤П ╤Г╤Б╤В╨░╤А╨╡╨▓╤И╨╕╨╝: 'Update your API to allow accessing Owner through other means' [D:\projects\night-city\Content.Server\Content.Server.csproj]
D:\projects\night-city\Content.Server\Cloning\CloningConsoleSystem.cs(270,25): warning CS0162: ╨Ю╨▒╨╜╨░╤А╤Г╨╢╨╡╨╜ ╨╜╨╡╨┤╨╛╤Б╤В╨╕╨╢╨╕╨╝╤Л╨╣ ╨║╨╛╨┤ [D:\projects\night-city\Content.Server\Content.Server.csproj]
D:\projects\night-city\Content.Server\Station\Systems\StationBiomeSystem.cs(37,22): warning CS0618: "IMapManager.GetMapEntityId(MapId)" ╤П╨▓╨╗╤П╨╡╤В╤Б╤П ╤Г╤Б╤В╨░╤А╨╡╨▓╤И╨╕╨╝: 'Use MapSystem' [D:\projects\night-city\Content.Server\Content.Server.csproj]
D:\projects\night-city\Content.Server\_Shitcode\Heretic\Abilities\HereticAbilitySystem.cs(563,17): warning CS0618: "StatusEffectsSystem.TryRemoveTime(EntityUid, string, TimeSpan, StatusEffectsComponent?)" ╤П╨▓╨╗╤П╨╡╤В╤Б╤П ╤Г╤Б╤В╨░╤А╨╡╨▓╤И╨╕╨╝: 'Migration to Content.Shared.StatusEffectNew.StatusEffectsSystem is required' [D:\projects\night-city\Content.Server\Content.Server.csproj]
D:\projects\night-city\Content.Server\_Shitcode\Heretic\Abilities\HereticAbilitySystem.cs(564,17): warning CS0618: "StatusEffectsSystem.TryRemoveTime(EntityUid, string, TimeSpan, StatusEffectsComponent?)" ╤П╨▓╨╗╤П╨╡╤В╤Б╤П ╤Г╤Б╤В╨░╤А╨╡╨▓╤И╨╕╨╝: 'Migration to Content.Shared.StatusEffectNew.StatusEffectsSystem is required' [D:\projects\night-city\Content.Server\Content.Server.csproj]
D:\projects\night-city\Content.Server\_Shitcode\Heretic\Abilities\HereticAbilitySystem.cs(566,17): warning CS0618: "StatusEffectsSystem.TryRemoveStatusEffect(EntityUid, string, StatusEffectsComponent?, bool)" ╤П╨▓╨╗╤П╨╡╤В╤Б╤П ╤Г╤Б╤В╨░╤А╨╡╨▓╤И╨╕╨╝: 'Migration to Content.Shared.StatusEffectNew.StatusEffectsSystem is required' [D:\projects\night-city\Content.Server\Content.Server.csproj]
D:\projects\night-city\Content.Server\_Shitcode\Heretic\Abilities\HereticAbilitySystem.cs(567,17): warning CS0618: "StatusEffectsSystem.TryRemoveStatusEffect(EntityUid, string, StatusEffectsComponent?, bool)" ╤П╨▓╨╗╤П╨╡╤В╤Б╤П ╤Г╤Б╤В╨░╤А╨╡╨▓╤И╨╕╨╝: 'Migration to Content.Shared.StatusEffectNew.StatusEffectsSystem is required' [D:\projects\night-city\Content.Server\Content.Server.csproj]
D:\projects\night-city\Content.Server\_Shitcode\Heretic\Abilities\HereticAbilitySystem.cs(568,17): warning CS0618: "StatusEffectsSystem.TryRemoveStatusEffect(EntityUid, string, StatusEffectsComponent?, bool)" ╤П╨▓╨╗╤П╨╡╤В╤Б╤П ╤Г╤Б╤В╨░╤А╨╡╨▓╤И╨╕╨╝: 'Migration to Content.Shared.StatusEffectNew.StatusEffectsSystem is required' [D:\projects\night-city\Content.Server\Content.Server.csproj]
D:\projects\night-city\Content.Server\_Shitcode\Heretic\Abilities\HereticAbilitySystem.cs(569,17): warning CS0618: "StatusEffectsSystem.TryRemoveStatusEffect(EntityUid, string, StatusEffectsComponent?, bool)" ╤П╨▓╨╗╤П╨╡╤В╤Б╤П ╤Г╤Б╤В╨░╤А╨╡╨▓╤И╨╕╨╝: 'Migration to Content.Shared.StatusEffectNew.StatusEffectsSystem is required' [D:\projects\night-city\Content.Server\Content.Server.csproj]
D:\projects\night-city\Content.Server\_Shitcode\Heretic\Abilities\HereticAbilitySystem.cs(570,17): warning CS0618: "StatusEffectsSystem.TryRemoveStatusEffect(EntityUid, string, StatusEffectsComponent?, bool)" ╤П╨▓╨╗╤П╨╡╤В╤Б╤П ╤Г╤Б╤В╨░╤А╨╡╨▓╤И╨╕╨╝: 'Migration to Content.Shared.StatusEffectNew.StatusEffectsSystem is required' [D:\projects\night-city\Content.Server\Content.Server.csproj]
D:\projects\night-city\Content.Server\_Shitcode\Heretic\Abilities\HereticAbilitySystem.cs(571,17): warning CS0618: "StatusEffectsSystem.TryRemoveStatusEffect(EntityUid, string, StatusEffectsComponent?, bool)" ╤П╨▓╨╗╤П╨╡╤В╤Б╤П ╤Г╤Б╤В╨░╤А╨╡╨▓╤И╨╕╨╝: 'Migration to Content.Shared.StatusEffectNew.StatusEffectsSystem is required' [D:\projects\night-city\Content.Server\Content.Server.csproj]
D:\projects\night-city\Content.Server\Construction\ConstructionSystem.Initial.cs(343,85): warning CS0618: "AwaitedDoAfterEvent" ╤П╨▓╨╗╤П╨╡╤В╤Б╤П ╤Г╤Б╤В╨░╤А╨╡╨▓╤И╨╕╨╝: 'Dont use async DoAfters' [D:\projects\night-city\Content.Server\Content.Server.csproj]
D:\projects\night-city\Content.Server\Construction\ConstructionSystem.Initial.cs(353,23): warning CS0618: "SharedDoAfterSystem.WaitDoAfter(DoAfterArgs, DoAfterComponent?)" ╤П╨▓╨╗╤П╨╡╤В╤Б╤П ╤Г╤Б╤В╨░╤А╨╡╨▓╤И╨╕╨╝: 'Use the synchronous version instead.' [D:\projects\night-city\Content.Server\Content.Server.csproj]
D:\projects\night-city\Content.Server\GameTicking\Rules\RevolutionaryRuleSystem.cs(162,34): warning CS0618: "Component.Owner" ╤П╨▓╨╗╤П╨╡╤В╤Б╤П ╤Г╤Б╤В╨░╤А╨╡╨▓╤И╨╕╨╝: 'Update your API to allow accessing Owner through other means' [D:\projects\night-city\Content.Server\Content.Server.csproj]
D:\projects\night-city\Content.Server\_Shitcode\Heretic\Abilities\HereticAbilitySystem.Flesh.cs(294,13): warning CS0618: "StatusEffectsSystem.TryGetTime(EntityUid, string, out (TimeSpan, TimeSpan)?, StatusEffectsComponent?)" ╤П╨▓╨╗╤П╨╡╤В╤Б╤П ╤Г╤Б╤В╨░╤А╨╡╨▓╤И╨╕╨╝: 'Migration to Content.Shared.StatusEffectNew.StatusEffectsSystem is required' [D:\projects\night-city\Content.Server\Content.Server.csproj]
D:\projects\night-city\Content.Server\Power\EntitySystems\CableVisSystem.cs(50,24): warning CS0618: "MapGridComponent.TileIndicesFor(EntityCoordinates)" ╤П╨▓╨╗╤П╨╡╤В╤Б╤П ╤Г╤Б╤В╨░╤А╨╡╨▓╤И╨╕╨╝: 'Use the MapSystem method' [D:\projects\night-city\Content.Server\Content.Server.csproj]
D:\projects\night-city\Content.Server\Power\EntitySystems\CableVisSystem.cs(58,33): warning CS0618: "MapGridComponent.TileIndicesFor(EntityCoordinates)" ╤П╨▓╨╗╤П╨╡╤В╤Б╤П ╤Г╤Б╤В╨░╤А╨╡╨▓╤И╨╕╨╝: 'Use the MapSystem method' [D:\projects\night-city\Content.Server\Content.Server.csproj]
D:\projects\night-city\Content.Server\Chat\Managers\ChatManager.cs(300,9): warning CS0618: "Logger.InfoS(string, string)" ╤П╨▓╨╗╤П╨╡╤В╤Б╤П ╤Г╤Б╤В╨░╤А╨╡╨▓╤И╨╕╨╝: 'Use ISawmill.Info' [D:\projects\night-city\Content.Server\Content.Server.csproj]
D:\projects\night-city\Content.Server\_Shitcode\Heretic\Abilities\HereticAbilitySystem.Void.cs(87,23): warning CS0618: "TransformComponent.WorldRotation" ╤П╨▓╨╗╤П╨╡╤В╤Б╤П ╤Г╤Б╤В╨░╤А╨╡╨▓╤И╨╕╨╝: 'Use the system method instead' [D:\projects\night-city\Content.Server\Content.Server.csproj]
D:\projects\night-city\Content.Server\GameTicking\Commands\JoinGameCommand.cs(67,17): warning CS0618: "Logger.InfoS(string, string)" ╤П╨▓╨╗╤П╨╡╤В╤Б╤П ╤Г╤Б╤В╨░╤А╨╡╨▓╤И╨╕╨╝: 'Use ISawmill.Info' [D:\projects\night-city\Content.Server\Content.Server.csproj]
D:\projects\night-city\Content.Server\NPC\Systems\NPCCombatSystem.Ranged.cs(228,67): warning CS0618: "MapGridComponent.WorldToLocal(Vector2)" ╤П╨▓╨╗╤П╨╡╤В╤Б╤П ╤Г╤Б╤В╨░╤А╨╡╨▓╤И╨╕╨╝: 'Use the MapSystem method' [D:\projects\night-city\Content.Server\Content.Server.csproj]
D:\projects\night-city\Content.Server\_Starlight\Chat\Commands\CollectiveMindCommand.cs(68,38): warning CS0618: "EntitySystem.Get<T>()" ╤П╨▓╨╗╤П╨╡╤В╤Б╤П ╤Г╤Б╤В╨░╤А╨╡╨▓╤И╨╕╨╝: 'Either use a dependency, resolve and cache IEntityManager manually, or use EntityManager.System<T>()' [D:\projects\night-city\Content.Server\Content.Server.csproj]
D:\projects\night-city\Content.Server\_Starlight\Chat\Commands\CollectiveMindCommand.cs(84,13): warning CS0618: "EntitySystem.Get<T>()" ╤П╨▓╨╗╤П╨╡╤В╤Б╤П ╤Г╤Б╤В╨░╤А╨╡╨▓╤И╨╕╨╝: 'Either use a dependency, resolve and cache IEntityManager manually, or use EntityManager.System<T>()' [D:\projects\night-city\Content.Server\Content.Server.csproj]
D:\projects\night-city\Content.Server\_EinsteinEngines\Chat\Commands\TSayCommand.cs(61,13): warning CS0618: "EntitySystem.Get<T>()" ╤П╨▓╨╗╤П╨╡╤В╤Б╤П ╤Г╤Б╤В╨░╤А╨╡╨▓╤И╨╕╨╝: 'Either use a dependency, resolve and cache IEntityManager manually, or use EntityManager.System<T>()' [D:\projects\night-city\Content.Server\Content.Server.csproj]
D:\projects\night-city\Content.Server\EntityEffects\Effects\NitriumMoveSpeedModifier.cs(76,9): warning CS0612: "Component.Dirty(IEntityManager?)" ╤П╨▓╨╗╤П╨╡╤В╤Б╤П ╤Г╤Б╤В╨░╤А╨╡╨▓╤И╨╕╨╝. [D:\projects\night-city\Content.Server\Content.Server.csproj]
D:\projects\night-city\Content.Server\Power\Components\CableComponent.cs(103,32): warning CS0618: "Component.Owner" ╤П╨▓╨╗╤П╨╡╤В╤Б╤П ╤Г╤Б╤В╨░╤А╨╡╨▓╤И╨╕╨╝: 'Update your API to allow accessing Owner through other means' [D:\projects\night-city\Content.Server\Content.Server.csproj]
D:\projects\night-city\Content.Server\GameTicking\GameTicker.RoundFlow.cs(183,17): warning CS0618: "IMapManager.MapExists(MapId?)" ╤П╨▓╨╗╤П╨╡╤В╤Б╤П ╤Г╤Б╤В╨░╤А╨╡╨▓╤И╨╕╨╝: 'Use MapSystem' [D:\projects\night-city\Content.Server\Content.Server.csproj]
D:\projects\night-city\Content.Server\Power\Components\ApcComponent.cs(80,23): warning CS0618: "Component.Owner" ╤П╨▓╨╗╤П╨╡╤В╤Б╤П ╤Г╤Б╤В╨░╤А╨╡╨▓╤И╨╕╨╝: 'Update your API to allow accessing Owner through other means' [D:\projects\night-city\Content.Server\Content.Server.csproj]
D:\projects\night-city\Content.Server\Power\Components\ApcComponent.cs(85,26): warning CS0618: "Component.Owner" ╤П╨▓╨╗╤П╨╡╤В╤Б╤П ╤Г╤Б╤В╨░╤А╨╡╨▓╤И╨╕╨╝: 'Update your API to allow accessing Owner through other means' [D:\projects\night-city\Content.Server\Content.Server.csproj]
D:\projects\night-city\Content.Server\Administration\Commands\PlayGlobalSoundCommand.cs(97,79): warning CS0618: "ResolvedSoundSpecifier.implicit operator ResolvedSoundSpecifier(string)" ╤П╨▓╨╗╤П╨╡╤В╤Б╤П ╤Г╤Б╤В╨░╤А╨╡╨▓╤И╨╕╨╝: 'String literals for sounds are deprecated, use a SoundSpecifier or ResolvedSoundSpecifier as appropriate instead' [D:\projects\night-city\Content.Server\Content.Server.csproj]
D:\projects\night-city\Content.Server\Administration\Commands\DepartmentBanCommand.cs(43,13): warning CS0618: "Logger.WarningS(string, string)" ╤П╨▓╨╗╤П╨╡╤В╤Б╤П ╤Г╤Б╤В╨░╤А╨╡╨▓╤И╨╕╨╝: 'Use ISawmill.Warning' [D:\projects\night-city\Content.Server\Content.Server.csproj]
D:\projects\night-city\Content.Server\DeviceNetwork\Systems\ApcNetworkSystem.cs(52,26): warning CS0618: "Component.Owner" ╤П╨▓╨╗╤П╨╡╤В╤Б╤П ╤Г╤Б╤В╨░╤А╨╡╨▓╤И╨╕╨╝: 'Update your API to allow accessing Owner through other means' [D:\projects\night-city\Content.Server\Content.Server.csproj]
D:\projects\night-city\Content.Server\Power\Components\BaseNetConnectorComponent.cs(82,41): warning CS0618: "Component.Owner" ╤П╨▓╨╗╤П╨╡╤В╤Б╤П ╤Г╤Б╤В╨░╤А╨╡╨▓╤И╨╕╨╝: 'Update your API to allow accessing Owner through other means' [D:\projects\night-city\Content.Server\Content.Server.csproj]
D:\projects\night-city\Content.Server\Atmos\Commands\SetMapAtmosCommand.cs(38,19): warning CS0618: "IMapManager.GetMapEntityId(MapId)" ╤П╨▓╨╗╤П╨╡╤В╤Б╤П ╤Г╤Б╤В╨░╤А╨╡╨▓╤И╨╕╨╝: 'Use MapSystem' [D:\projects\night-city\Content.Server\Content.Server.csproj]
D:\projects\night-city\Content.Server\Construction\Completions\BuildMech.cs(39,13): warning CS0618: "Logger.Warning(string)" ╤П╨▓╨╗╤П╨╡╤В╤Б╤П ╤Г╤Б╤В╨░╤А╨╡╨▓╤И╨╕╨╝: 'Use ISawmill.Warning' [D:\projects\night-city\Content.Server\Content.Server.csproj]
D:\projects\night-city\Content.Server\Construction\Completions\BuildMech.cs(48,13): warning CS0618: "Logger.Warning(string)" ╤П╨▓╨╗╤П╨╡╤В╤Б╤П ╤Г╤Б╤В╨░╤А╨╡╨▓╤И╨╕╨╝: 'Use ISawmill.Warning' [D:\projects\night-city\Content.Server\Content.Server.csproj]
D:\projects\night-city\Content.Server\Construction\Completions\BuildMech.cs(54,13): warning CS0618: "Logger.Warning(string)" ╤П╨▓╨╗╤П╨╡╤В╤Б╤П ╤Г╤Б╤В╨░╤А╨╡╨▓╤И╨╕╨╝: 'Use ISawmill.Warning' [D:\projects\night-city\Content.Server\Content.Server.csproj]
D:\projects\night-city\Content.Server\Construction\Completions\BuildMech.cs(61,13): warning CS0618: "Logger.Warning(string)" ╤П╨▓╨╗╤П╨╡╤В╤Б╤П ╤Г╤Б╤В╨░╤А╨╡╨▓╤И╨╕╨╝: 'Use ISawmill.Warning' [D:\projects\night-city\Content.Server\Content.Server.csproj]
D:\projects\night-city\Content.Server\GameTicking\GameTicker.Spawning.cs(566,17): warning CS0618: "IMapManager.MapExists(MapId?)" ╤П╨▓╨╗╤П╨╡╤В╤Б╤П ╤Г╤Б╤В╨░╤А╨╡╨▓╤И╨╕╨╝: 'Use MapSystem' [D:\projects\night-city\Content.Server\Content.Server.csproj]
D:\projects\night-city\Content.Server\GameTicking\GameTicker.Spawning.cs(568,30): warning CS0618: "IMapManager.GetMapEntityId(MapId)" ╤П╨▓╨╗╤П╨╡╤В╤Б╤П ╤Г╤Б╤В╨░╤А╨╡╨▓╤И╨╕╨╝: 'Use MapSystem' [D:\projects\night-city\Content.Server\Content.Server.csproj]
D:\projects\night-city\Content.Server\GameTicking\GameTicker.Spawning.cs(574,33): warning CS0618: "IMapManager.GetAllMapIds()" ╤П╨▓╨╗╤П╨╡╤В╤Б╤П ╤Г╤Б╤В╨░╤А╨╡╨▓╤И╨╕╨╝: 'Use MapSystem' [D:\projects\night-city\Content.Server\Content.Server.csproj]
D:\projects\night-city\Content.Server\GameTicking\GameTicker.Spawning.cs(576,30): warning CS0618: "IMapManager.GetMapEntityId(MapId)" ╤П╨▓╨╗╤П╨╡╤В╤Б╤П ╤Г╤Б╤В╨░╤А╨╡╨▓╤И╨╕╨╝: 'Use MapSystem' [D:\projects\night-city\Content.Server\Content.Server.csproj]
D:\projects\night-city\Content.Server\Atmos\EntitySystems\FlammableSystem.cs(572,13): warning CS0618: "TimerExtensions.SpawnTimer(EntityUid, int, Action, CancellationToken)" ╤П╨▓╨╗╤П╨╡╤В╤Б╤П ╤Г╤Б╤В╨░╤А╨╡╨▓╤И╨╕╨╝: 'Use a system update loop instead' [D:\projects\night-city\Content.Server\Content.Server.csproj]
D:\projects\night-city\Content.Server\Chemistry\EntitySystems\InjectorSystem.cs(394,42): warning CS0618: "Solution.SplitSolutionWithout(FixedPoint2, params string[])" ╤П╨▓╨╗╤П╨╡╤В╤Б╤П ╤Г╤Б╤В╨░╤А╨╡╨▓╤И╨╕╨╝: 'Use SplitSolutionWithout with params ProtoId<ReagentPrototype>' [D:\projects\night-city\Content.Server\Content.Server.csproj]
D:\projects\night-city\Content.Server\Atmos\EntitySystems\AtmosphereSystem.HighPressureDelta.cs(283,35): warning CS0618: "EntityCoordinates.ToMap(IEntityManager, SharedTransformSystem)" ╤П╨▓╨╗╤П╨╡╤В╤Б╤П ╤Г╤Б╤В╨░╤А╨╡╨▓╤И╨╕╨╝: 'Use SharedTransformSystem.ToMapCoordinates()' [D:\projects\night-city\Content.Server\Content.Server.csproj]
D:\projects\night-city\Content.Server\Atmos\EntitySystems\AtmosphereSystem.HighPressureDelta.cs(283,97): warning CS0618: "TransformComponent.WorldPosition" ╤П╨▓╨╗╤П╨╡╤В╤Б╤П ╤Г╤Б╤В╨░╤А╨╡╨▓╤И╨╕╨╝: 'Use the system method instead' [D:\projects\night-city\Content.Server\Content.Server.csproj]
D:\projects\night-city\Content.Server\Administration\Systems\BwoinkSystem.cs(169,30): warning CS0649: ╨Я╨╛╨╗╤О "BwoinkSystem._webhookData" ╨╜╨╕╨│╨┤╨╡ ╨╜╨╡ ╨┐╤А╨╕╤Б╨▓╨░╨╕╨▓╨░╨╡╤В╤Б╤П ╨╖╨╜╨░╤З╨╡╨╜╨╕╨╡, ╨┐╨╛╤Н╤В╨╛╨╝╤Г ╨╛╨╜╨╛ ╨▓╤Б╨╡╨│╨┤╨░ ╨▒╤Г╨┤╨╡╤В ╨╕╨╝╨╡╤В╤М ╨╖╨╜╨░╤З╨╡╨╜╨╕╨╡ ╨┐╨╛ ╤Г╨╝╨╛╨╗╤З╨░╨╜╨╕╤О . [D:\projects\night-city\Content.Server\Content.Server.csproj]
D:\projects\night-city\Content.Server\EntityEffects\Effects\AddReagentToBlood.cs(21,52): warning CS0169: ╨Я╨╛╨╗╨╡ "AddReagentToBlood._solutionContainers" ╨╜╨╕╨║╨╛╨│╨┤╨░ ╨╜╨╡ ╨╕╤Б╨┐╨╛╨╗╤М╨╖╤Г╨╡╤В╤Б╤П. [D:\projects\night-city\Content.Server\Content.Server.csproj]
D:\projects\night-city\Content.Server\Connection\ConnectionManager.cs(178,29): warning CS0649: ╨Я╨╛╨╗╤О "ConnectionManager._ticker" ╨╜╨╕╨│╨┤╨╡ ╨╜╨╡ ╨┐╤А╨╕╤Б╨▓╨░╨╕╨▓╨░╨╡╤В╤Б╤П ╨╖╨╜╨░╤З╨╡╨╜╨╕╨╡, ╨┐╨╛╤Н╤В╨╛╨╝╤Г ╨╛╨╜╨╛ ╨▓╤Б╨╡╨│╨┤╨░ ╨▒╤Г╨┤╨╡╤В ╨╕╨╝╨╡╤В╤М ╨╖╨╜╨░╤З╨╡╨╜╨╕╨╡ ╨┐╨╛ ╤Г╨╝╨╛╨╗╤З╨░╨╜╨╕╤О null. [D:\projects\night-city\Content.Server\Content.Server.csproj]
D:\projects\night-city\Content.Server\Physics\Controllers\MoverController.cs(84,19): warning CS0169: ╨Я╨╛╨╗╨╡ "MoverController._maxShuttleSpeed" ╨╜╨╕╨║╨╛╨│╨┤╨░ ╨╜╨╡ ╨╕╤Б╨┐╨╛╨╗╤М╨╖╤Г╨╡╤В╤Б╤П. [D:\projects\night-city\Content.Server\Content.Server.csproj]
D:\projects\night-city\Content.Server\_Lavaland\Mobs\Hierophant\HierophantSystem.cs(57,51): warning CS0414: ╨Я╨╛╨╗╤О "HierophantSystem._megafauna" ╨┐╤А╨╕╤Б╨▓╨╛╨╡╨╜╨╛ ╨╖╨╜╨░╤З╨╡╨╜╨╕╨╡, ╨╜╨╛ ╨╛╨╜╨╛ ╨╜╨╕ ╤А╨░╨╖╤Г ╨╜╨╡ ╨╕╤Б╨┐╨╛╨╗╤М╨╖╨╛╨▓╨░╨╜╨╛. [D:\projects\night-city\Content.Server\Content.Server.csproj]
D:\projects\night-city\Content.Server\Objectives\Systems\KillPersonConditionSystem.cs(37,51): warning CS0414: ╨Я╨╛╨╗╤О "KillPersonConditionSystem._job" ╨┐╤А╨╕╤Б╨▓╨╛╨╡╨╜╨╛ ╨╖╨╜╨░╤З╨╡╨╜╨╕╨╡, ╨╜╨╛ ╨╛╨╜╨╛ ╨╜╨╕ ╤А╨░╨╖╤Г ╨╜╨╡ ╨╕╤Б╨┐╨╛╨╗╤М╨╖╨╛╨▓╨░╨╜╨╛. [D:\projects\night-city\Content.Server\Content.Server.csproj]
D:\projects\night-city\Content.Server\_Mono\Radar\HitscanRadarSystem.cs(15,47): warning CS0414: ╨Я╨╛╨╗╤О "HitscanRadarSystem._mapManager" ╨┐╤А╨╕╤Б╨▓╨╛╨╡╨╜╨╛ ╨╖╨╜╨░╤З╨╡╨╜╨╕╨╡, ╨╜╨╛ ╨╛╨╜╨╛ ╨╜╨╕ ╤А╨░╨╖╤Г ╨╜╨╡ ╨╕╤Б╨┐╨╛╨╗╤М╨╖╨╛╨▓╨░╨╜╨╛. [D:\projects\night-city\Content.Server\Content.Server.csproj]
D:\projects\night-city\Content.Server\_Mono\Radar\HitscanRadarSystem.cs(16,51): warning CS0414: ╨Я╨╛╨╗╤О "HitscanRadarSystem._radarBlipSystem" ╨┐╤А╨╕╤Б╨▓╨╛╨╡╨╜╨╛ ╨╖╨╜╨░╤З╨╡╨╜╨╕╨╡, ╨╜╨╛ ╨╛╨╜╨╛ ╨╜╨╕ ╤А╨░╨╖╤Г ╨╜╨╡ ╨╕╤Б╨┐╨╛╨╗╤М╨╖╨╛╨▓╨░╨╜╨╛. [D:\projects\night-city\Content.Server\Content.Server.csproj]
D:\projects\night-city\Content.Server\GameTicking\Rules\RevolutionaryRuleSystem.cs(110,50): warning CS0414: ╨Я╨╛╨╗╤О "RevolutionaryRuleSystem._roundEnd" ╨┐╤А╨╕╤Б╨▓╨╛╨╡╨╜╨╛ ╨╖╨╜╨░╤З╨╡╨╜╨╕╨╡, ╨╜╨╛ ╨╛╨╜╨╛ ╨╜╨╕ ╤А╨░╨╖╤Г ╨╜╨╡ ╨╕╤Б╨┐╨╛╨╗╤М╨╖╨╛╨▓╨░╨╜╨╛. [D:\projects\night-city\Content.Server\Content.Server.csproj]
D:\projects\night-city\Content.Server\_EinsteinEngines\Chat\TelepathicChatSystem.cs(33,49): warning CS0414: ╨Я╨╛╨╗╤О "TelepathicChatSystem._random" ╨┐╤А╨╕╤Б╨▓╨╛╨╡╨╜╨╛ ╨╖╨╜╨░╤З╨╡╨╜╨╕╨╡, ╨╜╨╛ ╨╛╨╜╨╛ ╨╜╨╕ ╤А╨░╨╖╤Г ╨╜╨╡ ╨╕╤Б╨┐╨╛╨╗╤М╨╖╨╛╨▓╨░╨╜╨╛. [D:\projects\night-city\Content.Server\Content.Server.csproj]
D:\projects\night-city\Content.Server\_EinsteinEngines\Power\Systems\BatteryDrinkerSystem.cs(39,55): warning CS0414: ╨Я╨╛╨╗╤О "BatteryDrinkerSystem._silicon" ╨┐╤А╨╕╤Б╨▓╨╛╨╡╨╜╨╛ ╨╖╨╜╨░╤З╨╡╨╜╨╕╨╡, ╨╜╨╛ ╨╛╨╜╨╛ ╨╜╨╕ ╤А╨░╨╖╤Г ╨╜╨╡ ╨╕╤Б╨┐╨╛╨╗╤М╨╖╨╛╨▓╨░╨╜╨╛. [D:\projects\night-city\Content.Server\Content.Server.csproj]
D:\projects\night-city\Content.Server\Magic\MagicSystem.cs(51,46): warning CS0414: ╨Я╨╛╨╗╤О "MagicSystem._chat" ╨┐╤А╨╕╤Б╨▓╨╛╨╡╨╜╨╛ ╨╖╨╜╨░╤З╨╡╨╜╨╕╨╡, ╨╜╨╛ ╨╛╨╜╨╛ ╨╜╨╕ ╤А╨░╨╖╤Г ╨╜╨╡ ╨╕╤Б╨┐╨╛╨╗╤М╨╖╨╛╨▓╨░╨╜╨╛. [D:\projects\night-city\Content.Server\Content.Server.csproj]
D:\projects\night-city\Content.Server\_White\Xenomorphs\Queen\XenomorphQueenSystem.cs(21,60): warning CS0414: ╨Я╨╛╨╗╤О "XenomorphQueenSystem._xenomorphEvolution" ╨┐╤А╨╕╤Б╨▓╨╛╨╡╨╜╨╛ ╨╖╨╜╨░╤З╨╡╨╜╨╕╨╡, ╨╜╨╛ ╨╛╨╜╨╛ ╨╜╨╕ ╤А╨░╨╖╤Г ╨╜╨╡ ╨╕╤Б╨┐╨╛╨╗╤М╨╖╨╛╨▓╨░╨╜╨╛. [D:\projects\night-city\Content.Server\Content.Server.csproj]
D:\projects\night-city\Content.Server\_DV\Abilities\Chitinid\ChitinidSystem.cs(20,53): warning CS0414: ╨Я╨╛╨╗╤О "ChitinidSystem._proto" ╨┐╤А╨╕╤Б╨▓╨╛╨╡╨╜╨╛ ╨╖╨╜╨░╤З╨╡╨╜╨╕╨╡, ╨╜╨╛ ╨╛╨╜╨╛ ╨╜╨╕ ╤А╨░╨╖╤Г ╨╜╨╡ ╨╕╤Б╨┐╨╛╨╗╤М╨╖╨╛╨▓╨░╨╜╨╛. [D:\projects\night-city\Content.Server\Content.Server.csproj]
D:\projects\night-city\Content.Server\Objectives\Systems\KillPersonConditionSystem.cs(39,53): warning CS0414: ╨Я╨╛╨╗╤О "KillPersonConditionSystem._traitor" ╨┐╤А╨╕╤Б╨▓╨╛╨╡╨╜╨╛ ╨╖╨╜╨░╤З╨╡╨╜╨╕╨╡, ╨╜╨╛ ╨╛╨╜╨╛ ╨╜╨╕ ╤А╨░╨╖╤Г ╨╜╨╡ ╨╕╤Б╨┐╨╛╨╗╤М╨╖╨╛╨▓╨░╨╜╨╛. [D:\projects\night-city\Content.Server\Content.Server.csproj]
D:\projects\night-city\Content.Server\_EinsteinEngines\Silicon\DeadStartupButton\DeadStartupButtonSystem.cs(37,46): warning CS0414: ╨Я╨╛╨╗╤О "DeadStartupButtonSystem._chatSystem" ╨┐╤А╨╕╤Б╨▓╨╛╨╡╨╜╨╛ ╨╖╨╜╨░╤З╨╡╨╜╨╕╨╡, ╨╜╨╛ ╨╛╨╜╨╛ ╨╜╨╕ ╤А╨░╨╖╤Г ╨╜╨╡ ╨╕╤Б╨┐╨╛╨╗╤М╨╖╨╛╨▓╨░╨╜╨╛. [D:\projects\night-city\Content.Server\Content.Server.csproj]
D:\projects\night-city\Content.Server\_DV\CosmicCult\EntitySystems\CosmicEntropyDegenSystem.cs(25,49): warning CS0414: ╨Я╨╛╨╗╤О "CosmicEntropyDegenSystem._random" ╨┐╤А╨╕╤Б╨▓╨╛╨╡╨╜╨╛ ╨╖╨╜╨░╤З╨╡╨╜╨╕╨╡, ╨╜╨╛ ╨╛╨╜╨╛ ╨╜╨╕ ╤А╨░╨╖╤Г ╨╜╨╡ ╨╕╤Б╨┐╨╛╨╗╤М╨╖╨╛╨▓╨░╨╜╨╛. [D:\projects\night-city\Content.Server\Content.Server.csproj]
D:\projects\night-city\Content.Server\_Shitcode\Magic\ImmovableVoidRodSystem.cs(28,47): warning CS0414: ╨Я╨╛╨╗╤О "ImmovableVoidRodSystem._map" ╨┐╤А╨╕╤Б╨▓╨╛╨╡╨╜╨╛ ╨╖╨╜╨░╤З╨╡╨╜╨╕╨╡, ╨╜╨╛ ╨╛╨╜╨╛ ╨╜╨╕ ╤А╨░╨╖╤Г ╨╜╨╡ ╨╕╤Б╨┐╨╛╨╗╤М╨╖╨╛╨▓╨░╨╜╨╛. [D:\projects\night-city\Content.Server\Content.Server.csproj]
D:\projects\night-city\Content.Server\GameTicking\Rules\RevolutionaryRuleSystem.cs(113,61): warning CS0414: ╨Я╨╛╨╗╤О "RevolutionaryRuleSystem._revolutionarySystem" ╨┐╤А╨╕╤Б╨▓╨╛╨╡╨╜╨╛ ╨╖╨╜╨░╤З╨╡╨╜╨╕╨╡, ╨╜╨╛ ╨╛╨╜╨╛ ╨╜╨╕ ╤А╨░╨╖╤Г ╨╜╨╡ ╨╕╤Б╨┐╨╛╨╗╤М╨╖╨╛╨▓╨░╨╜╨╛. [D:\projects\night-city\Content.Server\Content.Server.csproj]
D:\projects\night-city\Content.Server\Chemistry\EntitySystems\SolutionInjectWhileEmbeddedSystem.cs(28,53): warning CS0414: ╨Я╨╛╨╗╤О "SolutionInjectWhileEmbeddedSystem._bloodstream" ╨┐╤А╨╕╤Б╨▓╨╛╨╡╨╜╨╛ ╨╖╨╜╨░╤З╨╡╨╜╨╕╨╡, ╨╜╨╛ ╨╛╨╜╨╛ ╨╜╨╕ ╤А╨░╨╖╤Г ╨╜╨╡ ╨╕╤Б╨┐╨╛╨╗╤М╨╖╨╛╨▓╨░╨╜╨╛. [D:\projects\night-city\Content.Server\Content.Server.csproj]
D:\projects\night-city\Content.Server\_Shitmed\Medical\Surgery\SurgerySystem.cs(42,47): warning CS0414: ╨Я╨╛╨╗╤О "SurgerySystem._popup" ╨┐╤А╨╕╤Б╨▓╨╛╨╡╨╜╨╛ ╨╖╨╜╨░╤З╨╡╨╜╨╕╨╡, ╨╜╨╛ ╨╛╨╜╨╛ ╨╜╨╕ ╤А╨░╨╖╤Г ╨╜╨╡ ╨╕╤Б╨┐╨╛╨╗╤М╨╖╨╛╨▓╨░╨╜╨╛. [D:\projects\night-city\Content.Server\Content.Server.csproj]
D:\projects\night-city\Content.Server\_EinsteinEngines\Silicon\DeadStartupButton\DeadStartupButtonSystem.cs(36,51): warning CS0414: ╨Я╨╛╨╗╤О "DeadStartupButtonSystem._powerCell" ╨┐╤А╨╕╤Б╨▓╨╛╨╡╨╜╨╛ ╨╖╨╜╨░╤З╨╡╨╜╨╕╨╡, ╨╜╨╛ ╨╛╨╜╨╛ ╨╜╨╕ ╤А╨░╨╖╤Г ╨╜╨╡ ╨╕╤Б╨┐╨╛╨╗╤М╨╖╨╛╨▓╨░╨╜╨╛. [D:\projects\night-city\Content.Server\Content.Server.csproj]
D:\projects\night-city\Content.Server\_Shitcode\Heretic\EntitySystems\PathSpecific\AristocratSystem.cs(55,47): warning CS0414: ╨Я╨╛╨╗╤О "AristocratSystem._ghost" ╨┐╤А╨╕╤Б╨▓╨╛╨╡╨╜╨╛ ╨╖╨╜╨░╤З╨╡╨╜╨╕╨╡, ╨╜╨╛ ╨╛╨╜╨╛ ╨╜╨╕ ╤А╨░╨╖╤Г ╨╜╨╡ ╨╕╤Б╨┐╨╛╨╗╤М╨╖╨╛╨▓╨░╨╜╨╛. [D:\projects\night-city\Content.Server\Content.Server.csproj]
D:\projects\night-city\Content.Server\Antag\AntagSelectionSystem.cs(153,59): warning CS0414: ╨Я╨╛╨╗╤О "AntagSelectionSystem._playTime" ╨┐╤А╨╕╤Б╨▓╨╛╨╡╨╜╨╛ ╨╖╨╜╨░╤З╨╡╨╜╨╕╨╡, ╨╜╨╛ ╨╛╨╜╨╛ ╨╜╨╕ ╤А╨░╨╖╤Г ╨╜╨╡ ╨╕╤Б╨┐╨╛╨╗╤М╨╖╨╛╨▓╨░╨╜╨╛. [D:\projects\night-city\Content.Server\Content.Server.csproj]
D:\projects\night-city\Content.Server\Implants\SubdermalImplantSystem.cs(136,54): warning CS0414: ╨Я╨╛╨╗╤О "SubdermalImplantSystem._lookupSystem" ╨┐╤А╨╕╤Б╨▓╨╛╨╡╨╜╨╛ ╨╖╨╜╨░╤З╨╡╨╜╨╕╨╡, ╨╜╨╛ ╨╛╨╜╨╛ ╨╜╨╕ ╤А╨░╨╖╤Г ╨╜╨╡ ╨╕╤Б╨┐╨╛╨╗╤М╨╖╨╛╨▓╨░╨╜╨╛. [D:\projects\night-city\Content.Server\Content.Server.csproj]
D:\projects\night-city\Content.Server\_EinsteinEngines\Power\Systems\BatteryDrinkerSystem.cs(43,49): warning CS0414: ╨Я╨╛╨╗╤О "BatteryDrinkerSystem._chargers" ╨┐╤А╨╕╤Б╨▓╨╛╨╡╨╜╨╛ ╨╖╨╜╨░╤З╨╡╨╜╨╕╨╡, ╨╜╨╛ ╨╛╨╜╨╛ ╨╜╨╕ ╤А╨░╨╖╤Г ╨╜╨╡ ╨╕╤Б╨┐╨╛╨╗╤М╨╖╨╛╨▓╨░╨╜╨╛. [D:\projects\night-city\Content.Server\Content.Server.csproj]
D:\projects\night-city\Content.Server\_EinsteinEngines\Silicon\Charge\Systems\SiliconChargeSystem.cs(38,51): warning CS0414: ╨Я╨╛╨╗╤О "SiliconChargeSystem._flammable" ╨┐╤А╨╕╤Б╨▓╨╛╨╡╨╜╨╛ ╨╖╨╜╨░╤З╨╡╨╜╨╕╨╡, ╨╜╨╛ ╨╛╨╜╨╛ ╨╜╨╕ ╤А╨░╨╖╤Г ╨╜╨╡ ╨╕╤Б╨┐╨╛╨╗╤М╨╖╨╛╨▓╨░╨╜╨╛. [D:\projects\night-city\Content.Server\Content.Server.csproj]
D:\projects\night-city\Content.Server\_Shitcode\Wizard\Systems\ThrownLightningSystem.cs(22,55): warning CS0414: ╨Я╨╛╨╗╤О "ThrownLightningSystem._stamina" ╨┐╤А╨╕╤Б╨▓╨╛╨╡╨╜╨╛ ╨╖╨╜╨░╤З╨╡╨╜╨╕╨╡, ╨╜╨╛ ╨╛╨╜╨╛ ╨╜╨╕ ╤А╨░╨╖╤Г ╨╜╨╡ ╨╕╤Б╨┐╨╛╨╗╤М╨╖╨╛╨▓╨░╨╜╨╛. [D:\projects\night-city\Content.Server\Content.Server.csproj]
D:\projects\night-city\Content.Server\Nyanotrasen\Item\PseudoItem\PseudoItemSystem.cs(28,46): warning CS0414: ╨Я╨╛╨╗╤О "PseudoItemSystem._item" ╨┐╤А╨╕╤Б╨▓╨╛╨╡╨╜╨╛ ╨╖╨╜╨░╤З╨╡╨╜╨╕╨╡, ╨╜╨╛ ╨╛╨╜╨╛ ╨╜╨╕ ╤А╨░╨╖╤Г ╨╜╨╡ ╨╕╤Б╨┐╨╛╨╗╤М╨╖╨╛╨▓╨░╨╜╨╛. [D:\projects\night-city\Content.Server\Content.Server.csproj]
D:\projects\night-city\Content.Server\Chemistry\EntitySystems\SolutionInjectWhileEmbeddedSystem.cs(29,51): warning CS0414: ╨Я╨╛╨╗╤О "SolutionInjectWhileEmbeddedSystem._inventory" ╨┐╤А╨╕╤Б╨▓╨╛╨╡╨╜╨╛ ╨╖╨╜╨░╤З╨╡╨╜╨╕╨╡, ╨╜╨╛ ╨╛╨╜╨╛ ╨╜╨╕ ╤А╨░╨╖╤Г ╨╜╨╡ ╨╕╤Б╨┐╨╛╨╗╤М╨╖╨╛╨▓╨░╨╜╨╛. [D:\projects\night-city\Content.Server\Content.Server.csproj]
D:\projects\night-city\Content.Server\_EinsteinEngines\Silicon\Death\Systems\SiliconChargeDeathSystem.cs(30,55): warning CS0414: ╨Я╨╛╨╗╤О "SiliconDeathSystem._status" ╨┐╤А╨╕╤Б╨▓╨╛╨╡╨╜╨╛ ╨╖╨╜╨░╤З╨╡╨╜╨╕╨╡, ╨╜╨╛ ╨╛╨╜╨╛ ╨╜╨╕ ╤А╨░╨╖╤Г ╨╜╨╡ ╨╕╤Б╨┐╨╛╨╗╤М╨╖╨╛╨▓╨░╨╜╨╛. [D:\projects\night-city\Content.Server\Content.Server.csproj]
D:\projects\night-city\Content.Server\_Starlight\VentCrawling\VentCrawlerTubeSystem.cs(33,51): warning CS0414: ╨Я╨╛╨╗╤О "VentCrawlerTubeSystem._mapSystem" ╨┐╤А╨╕╤Б╨▓╨╛╨╡╨╜╨╛ ╨╖╨╜╨░╤З╨╡╨╜╨╕╨╡, ╨╜╨╛ ╨╛╨╜╨╛ ╨╜╨╕ ╤А╨░╨╖╤Г ╨╜╨╡ ╨╕╤Б╨┐╨╛╨╗╤М╨╖╨╛╨▓╨░╨╜╨╛. [D:\projects\night-city\Content.Server\Content.Server.csproj]
D:\projects\night-city\Content.Server\_EinsteinEngines\Power\Systems\BatteryDrinkerSystem.cs(35,51): warning CS0414: ╨Я╨╛╨╗╤О "BatteryDrinkerSystem._slots" ╨┐╤А╨╕╤Б╨▓╨╛╨╡╨╜╨╛ ╨╖╨╜╨░╤З╨╡╨╜╨╕╨╡, ╨╜╨╛ ╨╛╨╜╨╛ ╨╜╨╕ ╤А╨░╨╖╤Г ╨╜╨╡ ╨╕╤Б╨┐╨╛╨╗╤М╨╖╨╛╨▓╨░╨╜╨╛. [D:\projects\night-city\Content.Server\Content.Server.csproj]
D:\projects\night-city\Content.Server\Fluids\EntitySystems\SpraySystem.cs(87,62): warning CS0414: ╨Я╨╛╨╗╤О "SpraySystem._sprayPushSys" ╨┐╤А╨╕╤Б╨▓╨╛╨╡╨╜╨╛ ╨╖╨╜╨░╤З╨╡╨╜╨╕╨╡, ╨╜╨╛ ╨╛╨╜╨╛ ╨╜╨╕ ╤А╨░╨╖╤Г ╨╜╨╡ ╨╕╤Б╨┐╨╛╨╗╤М╨╖╨╛╨▓╨░╨╜╨╛. [D:\projects\night-city\Content.Server\Content.Server.csproj]
D:\projects\night-city\Content.Server\_Shitcode\Heretic\EntitySystems\HereticCombatMarkSystem.cs(47,53): warning CS0414: ╨Я╨╛╨╗╤О "HereticCombatMarkSystem._blood" ╨┐╤А╨╕╤Б╨▓╨╛╨╡╨╜╨╛ ╨╖╨╜╨░╤З╨╡╨╜╨╕╨╡, ╨╜╨╛ ╨╛╨╜╨╛ ╨╜╨╕ ╤А╨░╨╖╤Г ╨╜╨╡ ╨╕╤Б╨┐╨╛╨╗╤М╨╖╨╛╨▓╨░╨╜╨╛. [D:\projects\night-city\Content.Server\Content.Server.csproj]
D:\projects\night-city\Content.Server\Explosion\EntitySystems\TriggerSystem.cs(171,53): warning CS0414: ╨Я╨╛╨╗╤О "TriggerSystem._entityManager" ╨┐╤А╨╕╤Б╨▓╨╛╨╡╨╜╨╛ ╨╖╨╜╨░╤З╨╡╨╜╨╕╨╡, ╨╜╨╛ ╨╛╨╜╨╛ ╨╜╨╕ ╤А╨░╨╖╤Г ╨╜╨╡ ╨╕╤Б╨┐╨╛╨╗╤М╨╖╨╛╨▓╨░╨╜╨╛. [D:\projects\night-city\Content.Server\Content.Server.csproj]
D:\projects\night-city\Content.Server\_EinsteinEngines\Silicon\Death\Systems\SiliconChargeDeathSystem.cs(29,50): warning CS0414: ╨Я╨╛╨╗╤О "SiliconDeathSystem._sleep" ╨┐╤А╨╕╤Б╨▓╨╛╨╡╨╜╨╛ ╨╖╨╜╨░╤З╨╡╨╜╨╕╨╡, ╨╜╨╛ ╨╛╨╜╨╛ ╨╜╨╕ ╤А╨░╨╖╤Г ╨╜╨╡ ╨╕╤Б╨┐╨╛╨╗╤М╨╖╨╛╨▓╨░╨╜╨╛. [D:\projects\night-city\Content.Server\Content.Server.csproj]
D:\projects\night-city\Content.Server\Implants\SubdermalImplantSystem.cs(135,49): warning CS0414: ╨Я╨╛╨╗╤О "SubdermalImplantSystem._pullingSystem" ╨┐╤А╨╕╤Б╨▓╨╛╨╡╨╜╨╛ ╨╖╨╜╨░╤З╨╡╨╜╨╕╨╡, ╨╜╨╛ ╨╛╨╜╨╛ ╨╜╨╕ ╤А╨░╨╖╤Г ╨╜╨╡ ╨╕╤Б╨┐╨╛╨╗╤М╨╖╨╛╨▓╨░╨╜╨╛. [D:\projects\night-city\Content.Server\Content.Server.csproj]
D:\projects\night-city\Content.Server\_Shitmed\PartStatus\PartStatusSystem.cs(43,48): warning CS0414: ╨Я╨╛╨╗╤О "PartStatusSystem._trauma" ╨┐╤А╨╕╤Б╨▓╨╛╨╡╨╜╨╛ ╨╖╨╜╨░╤З╨╡╨╜╨╕╨╡, ╨╜╨╛ ╨╛╨╜╨╛ ╨╜╨╕ ╤А╨░╨╖╤Г ╨╜╨╡ ╨╕╤Б╨┐╨╛╨╗╤М╨╖╨╛╨▓╨░╨╜╨╛. [D:\projects\night-city\Content.Server\Content.Server.csproj]
D:\projects\night-city\Content.Server\_CorvaxGoob\BluespaceHarvester\BluespaceHarvesterSystem.cs(20,47): warning CS0414: ╨Я╨╛╨╗╤О "BluespaceHarvesterSystem._timing" ╨┐╤А╨╕╤Б╨▓╨╛╨╡╨╜╨╛ ╨╖╨╜╨░╤З╨╡╨╜╨╕╨╡, ╨╜╨╛ ╨╛╨╜╨╛ ╨╜╨╕ ╤А╨░╨╖╤Г ╨╜╨╡ ╨╕╤Б╨┐╨╛╨╗╤М╨╖╨╛╨▓╨░╨╜╨╛. [D:\projects\night-city\Content.Server\Content.Server.csproj]
D:\projects\night-city\Content.Server\_EinsteinEngines\Power\Systems\BatteryDrinkerSystem.cs(41,51): warning CS0414: ╨Я╨╛╨╗╤О "BatteryDrinkerSystem._powerCell" ╨┐╤А╨╕╤Б╨▓╨╛╨╡╨╜╨╛ ╨╖╨╜╨░╤З╨╡╨╜╨╕╨╡, ╨╜╨╛ ╨╛╨╜╨╛ ╨╜╨╕ ╤А╨░╨╖╤Г ╨╜╨╡ ╨╕╤Б╨┐╨╛╨╗╤М╨╖╨╛╨▓╨░╨╜╨╛. [D:\projects\night-city\Content.Server\Content.Server.csproj]
D:\projects\night-city\Content.Server\Chemistry\EntitySystems\SolutionInjectWhileEmbeddedSystem.cs(31,65): warning CS0414: ╨Я╨╛╨╗╤О "SolutionInjectWhileEmbeddedSystem._solutionContainer" ╨┐╤А╨╕╤Б╨▓╨╛╨╡╨╜╨╛ ╨╖╨╜╨░╤З╨╡╨╜╨╕╨╡, ╨╜╨╛ ╨╛╨╜╨╛ ╨╜╨╕ ╤А╨░╨╖╤Г ╨╜╨╡ ╨╕╤Б╨┐╨╛╨╗╤М╨╖╨╛╨▓╨░╨╜╨╛. [D:\projects\night-city\Content.Server\Content.Server.csproj]
D:\projects\night-city\Content.Server\_EinsteinEngines\Chat\TelepathicChatSystem.cs(35,46): warning CS0414: ╨Я╨╛╨╗╤О "TelepathicChatSystem._chatSystem" ╨┐╤А╨╕╤Б╨▓╨╛╨╡╨╜╨╛ ╨╖╨╜╨░╤З╨╡╨╜╨╕╨╡, ╨╜╨╛ ╨╛╨╜╨╛ ╨╜╨╕ ╤А╨░╨╖╤Г ╨╜╨╡ ╨╕╤Б╨┐╨╛╨╗╤М╨╖╨╛╨▓╨░╨╜╨╛. [D:\projects\night-city\Content.Server\Content.Server.csproj]
D:\projects\night-city\Content.Server\Chat\Systems\EmoteOnDamageSystem.cs(33,54): warning CS0414: ╨Я╨╛╨╗╤О "EmoteOnDamageSystem._mobThreshold" ╨┐╤А╨╕╤Б╨▓╨╛╨╡╨╜╨╛ ╨╖╨╜╨░╤З╨╡╨╜╨╕╨╡, ╨╜╨╛ ╨╛╨╜╨╛ ╨╜╨╕ ╤А╨░╨╖╤Г ╨╜╨╡ ╨╕╤Б╨┐╨╛╨╗╤М╨╖╨╛╨▓╨░╨╜╨╛. [D:\projects\night-city\Content.Server\Content.Server.csproj]
D:\projects\night-city\Content.Server\AlertLevel\AlertLevelSystem.cs(41,53): warning CS0414: ╨Я╨╛╨╗╤О "AlertLevelSystem._audio" ╨┐╤А╨╕╤Б╨▓╨╛╨╡╨╜╨╛ ╨╖╨╜╨░╤З╨╡╨╜╨╕╨╡, ╨╜╨╛ ╨╛╨╜╨╛ ╨╜╨╕ ╤А╨░╨╖╤Г ╨╜╨╡ ╨╕╤Б╨┐╨╛╨╗╤М╨╖╨╛╨▓╨░╨╜╨╛. [D:\projects\night-city\Content.Server\Content.Server.csproj]
D:\projects\night-city\Content.Server\_NC\Netrunning\NetrunningSystem.cs(16,54): warning CS0414: ╨Я╨╛╨╗╤О "NetrunningSystem._entManager" ╨┐╤А╨╕╤Б╨▓╨╛╨╡╨╜╨╛ ╨╖╨╜╨░╤З╨╡╨╜╨╕╨╡, ╨╜╨╛ ╨╛╨╜╨╛ ╨╜╨╕ ╤А╨░╨╖╤Г ╨╜╨╡ ╨╕╤Б╨┐╨╛╨╗╤М╨╖╨╛╨▓╨░╨╜╨╛. [D:\projects\night-city\Content.Server\Content.Server.csproj]
D:\projects\night-city\Content.Server\StationEvents\Events\GreytideVirusRule.cs(32,52): warning CS0414: ╨Я╨╛╨╗╤О "GreytideVirusRule._door" ╨┐╤А╨╕╤Б╨▓╨╛╨╡╨╜╨╛ ╨╖╨╜╨░╤З╨╡╨╜╨╕╨╡, ╨╜╨╛ ╨╛╨╜╨╛ ╨╜╨╕ ╤А╨░╨╖╤Г ╨╜╨╡ ╨╕╤Б╨┐╨╛╨╗╤М╨╖╨╛╨▓╨░╨╜╨╛. [D:\projects\night-city\Content.Server\Content.Server.csproj]
D:\projects\night-city\Content.Server\Cloning\CloningConsoleSystem.cs(85,54): warning CS0414: ╨Я╨╛╨╗╤О "CloningConsoleSystem._mobStateSystem" ╨┐╤А╨╕╤Б╨▓╨╛╨╡╨╜╨╛ ╨╖╨╜╨░╤З╨╡╨╜╨╕╨╡, ╨╜╨╛ ╨╛╨╜╨╛ ╨╜╨╕ ╤А╨░╨╖╤Г ╨╜╨╡ ╨╕╤Б╨┐╨╛╨╗╤М╨╖╨╛╨▓╨░╨╜╨╛. [D:\projects\night-city\Content.Server\Content.Server.csproj]
D:\projects\night-city\Content.Server\_Shitcode\Wizard\Teleport\WizardTeleportSystem.cs(40,46): warning CS0414: ╨Я╨╛╨╗╤О "WizardTeleportSystem._chat" ╨┐╤А╨╕╤Б╨▓╨╛╨╡╨╜╨╛ ╨╖╨╜╨░╤З╨╡╨╜╨╕╨╡, ╨╜╨╛ ╨╛╨╜╨╛ ╨╜╨╕ ╤А╨░╨╖╤Г ╨╜╨╡ ╨╕╤Б╨┐╨╛╨╗╤М╨╖╨╛╨▓╨░╨╜╨╛. [D:\projects\night-city\Content.Server\Content.Server.csproj]
D:\projects\night-city\Content.Server\_Lavaland\Shuttles\Systems\DockingConsoleSystem.cs(61,57): warning CS0414: ╨Я╨╛╨╗╤О "DockingConsoleSystem._cfg" ╨┐╤А╨╕╤Б╨▓╨╛╨╡╨╜╨╛ ╨╖╨╜╨░╤З╨╡╨╜╨╕╨╡, ╨╜╨╛ ╨╛╨╜╨╛ ╨╜╨╕ ╤А╨░╨╖╤Г ╨╜╨╡ ╨╕╤Б╨┐╨╛╨╗╤М╨╖╨╛╨▓╨░╨╜╨╛. [D:\projects\night-city\Content.Server\Content.Server.csproj]
D:\projects\night-city\Content.Server\_Imp\Drone\DroneSystem.cs(38,49): warning CS0414: ╨Я╨╛╨╗╤О "DroneSystem._tagSystem" ╨┐╤А╨╕╤Б╨▓╨╛╨╡╨╜╨╛ ╨╖╨╜╨░╤З╨╡╨╜╨╕╨╡, ╨╜╨╛ ╨╛╨╜╨╛ ╨╜╨╕ ╤А╨░╨╖╤Г ╨╜╨╡ ╨╕╤Б╨┐╨╛╨╗╤М╨╖╨╛╨▓╨░╨╜╨╛. [D:\projects\night-city\Content.Server\Content.Server.csproj]
D:\projects\night-city\Content.Server\_CorvaxGoob\Document\DocumentPrinterSystem.cs(16,47): warning CS0414: ╨Я╨╛╨╗╤О "DocumentPrinterSystem._timing" ╨┐╤А╨╕╤Б╨▓╨╛╨╡╨╜╨╛ ╨╖╨╜╨░╤З╨╡╨╜╨╕╨╡, ╨╜╨╛ ╨╛╨╜╨╛ ╨╜╨╕ ╤А╨░╨╖╤Г ╨╜╨╡ ╨╕╤Б╨┐╨╛╨╗╤М╨╖╨╛╨▓╨░╨╜╨╛. [D:\projects\night-city\Content.Server\Content.Server.csproj]
D:\projects\night-city\Content.Server\Nyanotrasen\Item\PseudoItem\PseudoItemSystem.cs(29,49): warning CS0414: ╨Я╨╛╨╗╤О "PseudoItemSystem._doAfter" ╨┐╤А╨╕╤Б╨▓╨╛╨╡╨╜╨╛ ╨╖╨╜╨░╤З╨╡╨╜╨╕╨╡, ╨╜╨╛ ╨╛╨╜╨╛ ╨╜╨╕ ╤А╨░╨╖╤Г ╨╜╨╡ ╨╕╤Б╨┐╨╛╨╗╤М╨╖╨╛╨▓╨░╨╜╨╛. [D:\projects\night-city\Content.Server\Content.Server.csproj]
D:\projects\night-city\Content.Server\_EinsteinEngines\Power\Systems\BatteryDrinkerSystem.cs(42,57): warning CS0414: ╨Я╨╛╨╗╤О "BatteryDrinkerSystem._container" ╨┐╤А╨╕╤Б╨▓╨╛╨╡╨╜╨╛ ╨╖╨╜╨░╤З╨╡╨╜╨╕╨╡, ╨╜╨╛ ╨╛╨╜╨╛ ╨╜╨╕ ╤А╨░╨╖╤Г ╨╜╨╡ ╨╕╤Б╨┐╨╛╨╗╤М╨╖╨╛╨▓╨░╨╜╨╛. [D:\projects\night-city\Content.Server\Content.Server.csproj]
D:\projects\night-city\Content.Server\_White\Xenomorphs\Queen\XenomorphQueenSystem.cs(22,50): warning CS0414: ╨Я╨╛╨╗╤О "XenomorphQueenSystem._entityManager" ╨┐╤А╨╕╤Б╨▓╨╛╨╡╨╜╨╛ ╨╖╨╜╨░╤З╨╡╨╜╨╕╨╡, ╨╜╨╛ ╨╛╨╜╨╛ ╨╜╨╕ ╤А╨░╨╖╤Г ╨╜╨╡ ╨╕╤Б╨┐╨╛╨╗╤М╨╖╨╛╨▓╨░╨╜╨╛. [D:\projects\night-city\Content.Server\Content.Server.csproj]
D:\projects\night-city\Content.Server\_DV\CosmicCult\EntitySystems\CosmicEntropyDegenSystem.cs(27,53): warning CS0414: ╨Я╨╛╨╗╤О "CosmicEntropyDegenSystem._popup" ╨┐╤А╨╕╤Б╨▓╨╛╨╡╨╜╨╛ ╨╖╨╜╨░╤З╨╡╨╜╨╕╨╡, ╨╜╨╛ ╨╛╨╜╨╛ ╨╜╨╕ ╤А╨░╨╖╤Г ╨╜╨╡ ╨╕╤Б╨┐╨╛╨╗╤М╨╖╨╛╨▓╨░╨╜╨╛. [D:\projects\night-city\Content.Server\Content.Server.csproj]
D:\projects\night-city\Content.Server\Zombies\ZombieSystem.Transform.cs(130,45): warning CS0414: ╨Я╨╛╨╗╤О "ZombieSystem._tag" ╨┐╤А╨╕╤Б╨▓╨╛╨╡╨╜╨╛ ╨╖╨╜╨░╤З╨╡╨╜╨╕╨╡, ╨╜╨╛ ╨╛╨╜╨╛ ╨╜╨╕ ╤А╨░╨╖╤Г ╨╜╨╡ ╨╕╤Б╨┐╨╛╨╗╤М╨╖╨╛╨▓╨░╨╜╨╛. [D:\projects\night-city\Content.Server\Content.Server.csproj]
D:\projects\night-city\Content.Server\Cloning\CloningPodSystem.cs(50,50): warning CS0414: ╨Я╨╛╨╗╤О "CloningPodSystem._mobStateSystem" ╨┐╤А╨╕╤Б╨▓╨╛╨╡╨╜╨╛ ╨╖╨╜╨░╤З╨╡╨╜╨╕╨╡, ╨╜╨╛ ╨╛╨╜╨╛ ╨╜╨╕ ╤А╨░╨╖╤Г ╨╜╨╡ ╨╕╤Б╨┐╨╛╨╗╤М╨╖╨╛╨▓╨░╨╜╨╛. [D:\projects\night-city\Content.Server\Content.Server.csproj]
D:\projects\night-city\Content.Server\Projectiles\ProjectileSystem.cs(91,57): warning CS0414: ╨Я╨╛╨╗╤О "ProjectileSystem._xform" ╨┐╤А╨╕╤Б╨▓╨╛╨╡╨╜╨╛ ╨╖╨╜╨░╤З╨╡╨╜╨╕╨╡, ╨╜╨╛ ╨╛╨╜╨╛ ╨╜╨╕ ╤А╨░╨╖╤Г ╨╜╨╡ ╨╕╤Б╨┐╨╛╨╗╤М╨╖╨╛╨▓╨░╨╜╨╛. [D:\projects\night-city\Content.Server\Content.Server.csproj]
D:\projects\night-city\Content.Server\_DV\CosmicCult\Abilities\CosmicMonumentSystem.cs(26,58): warning CS0414: ╨Я╨╛╨╗╤О "CosmicMonumentSystem._tileDef" ╨┐╤А╨╕╤Б╨▓╨╛╨╡╨╜╨╛ ╨╖╨╜╨░╤З╨╡╨╜╨╕╨╡, ╨╜╨╛ ╨╛╨╜╨╛ ╨╜╨╕ ╤А╨░╨╖╤Г ╨╜╨╡ ╨╕╤Б╨┐╨╛╨╗╤М╨╖╨╛╨▓╨░╨╜╨╛. [D:\projects\night-city\Content.Server\Content.Server.csproj]
D:\projects\night-city\Content.Server\Body\Systems\BodySystem.cs(104,53): warning CS0414: ╨Я╨╛╨╗╤О "BodySystem._bloodstream" ╨┐╤А╨╕╤Б╨▓╨╛╨╡╨╜╨╛ ╨╖╨╜╨░╤З╨╡╨╜╨╕╨╡, ╨╜╨╛ ╨╛╨╜╨╛ ╨╜╨╕ ╤А╨░╨╖╤Г ╨╜╨╡ ╨╕╤Б╨┐╨╛╨╗╤М╨╖╨╛╨▓╨░╨╜╨╛. [D:\projects\night-city\Content.Server\Content.Server.csproj]
D:\projects\night-city\Content.Server\_White\Blocking\RechargeableBlockingSystem.cs(26,47): warning CS0414: ╨Я╨╛╨╗╤О "RechargeableBlockingSystem._popup" ╨┐╤А╨╕╤Б╨▓╨╛╨╡╨╜╨╛ ╨╖╨╜╨░╤З╨╡╨╜╨╕╨╡, ╨╜╨╛ ╨╛╨╜╨╛ ╨╜╨╕ ╤А╨░╨╖╤Г ╨╜╨╡ ╨╕╤Б╨┐╨╛╨╗╤М╨╖╨╛╨▓╨░╨╜╨╛. [D:\projects\night-city\Content.Server\Content.Server.csproj]
D:\projects\night-city\Content.Server\_Starlight\VentCrawling\VentCrawlerTubeSystem.cs(32,47): warning CS0414: ╨Я╨╛╨╗╤О "VentCrawlerTubeSystem._mapManager" ╨┐╤А╨╕╤Б╨▓╨╛╨╡╨╜╨╛ ╨╖╨╜╨░╤З╨╡╨╜╨╕╨╡, ╨╜╨╛ ╨╛╨╜╨╛ ╨╜╨╕ ╤А╨░╨╖╤Г ╨╜╨╡ ╨╕╤Б╨┐╨╛╨╗╤М╨╖╨╛╨▓╨░╨╜╨╛. [D:\projects\night-city\Content.Server\Content.Server.csproj]
D:\projects\night-city\Content.Server\_Starlight\VentCrawling\VentCrawlerTubeSystem.cs(36,57): warning CS0414: ╨Я╨╛╨╗╤О "VentCrawlerTubeSystem._VentCrawlerTubeSystem" ╨┐╤А╨╕╤Б╨▓╨╛╨╡╨╜╨╛ ╨╖╨╜╨░╤З╨╡╨╜╨╕╨╡, ╨╜╨╛ ╨╛╨╜╨╛ ╨╜╨╕ ╤А╨░╨╖╤Г ╨╜╨╡ ╨╕╤Б╨┐╨╛╨╗╤М╨╖╨╛╨▓╨░╨╜╨╛. [D:\projects\night-city\Content.Server\Content.Server.csproj]
D:\projects\night-city\Content.Server\Chemistry\EntitySystems\SolutionInjectWhileEmbeddedSystem.cs(30,53): warning CS0414: ╨Я╨╛╨╗╤О "SolutionInjectWhileEmbeddedSystem._popup" ╨┐╤А╨╕╤Б╨▓╨╛╨╡╨╜╨╛ ╨╖╨╜╨░╤З╨╡╨╜╨╕╨╡, ╨╜╨╛ ╨╛╨╜╨╛ ╨╜╨╕ ╤А╨░╨╖╤Г ╨╜╨╡ ╨╕╤Б╨┐╨╛╨╗╤М╨╖╨╛╨▓╨░╨╜╨╛. [D:\projects\night-city\Content.Server\Content.Server.csproj]
D:\projects\night-city\Content.Server\_Mono\SpaceArtillery\SpaceArtillerySystem.cs(25,52): warning CS0414: ╨Я╨╛╨╗╤О "SpaceArtillerySystem._deviceLink" ╨┐╤А╨╕╤Б╨▓╨╛╨╡╨╜╨╛ ╨╖╨╜╨░╤З╨╡╨╜╨╕╨╡, ╨╜╨╛ ╨╛╨╜╨╛ ╨╜╨╕ ╤А╨░╨╖╤Г ╨╜╨╡ ╨╕╤Б╨┐╨╛╨╗╤М╨╖╨╛╨▓╨░╨╜╨╛. [D:\projects\night-city\Content.Server\Content.Server.csproj]
D:\projects\night-city\Content.Server\Chemistry\EntitySystems\SolutionInjectWhileEmbeddedSystem.cs(32,45): warning CS0414: ╨Я╨╛╨╗╤О "SolutionInjectWhileEmbeddedSystem._tag" ╨┐╤А╨╕╤Б╨▓╨╛╨╡╨╜╨╛ ╨╖╨╜╨░╤З╨╡╨╜╨╕╨╡, ╨╜╨╛ ╨╛╨╜╨╛ ╨╜╨╕ ╤А╨░╨╖╤Г ╨╜╨╡ ╨╕╤Б╨┐╨╛╨╗╤М╨╖╨╛╨▓╨░╨╜╨╛. [D:\projects\night-city\Content.Server\Content.Server.csproj]
D:\projects\night-city\Content.Server\Nyanotrasen\Item\PseudoItem\PseudoItemSystem.cs(27,49): warning CS0414: ╨Я╨╛╨╗╤О "PseudoItemSystem._storage" ╨┐╤А╨╕╤Б╨▓╨╛╨╡╨╜╨╛ ╨╖╨╜╨░╤З╨╡╨╜╨╕╨╡, ╨╜╨╛ ╨╛╨╜╨╛ ╨╜╨╕ ╤А╨░╨╖╤Г ╨╜╨╡ ╨╕╤Б╨┐╨╛╨╗╤М╨╖╨╛╨▓╨░╨╜╨╛. [D:\projects\night-city\Content.Server\Content.Server.csproj]
D:\projects\night-city\Content.Server\_Mono\Radar\HitscanRadarSystem.cs(18,55): warning CS0414: ╨Я╨╛╨╗╤О "HitscanRadarSystem._physics" ╨┐╤А╨╕╤Б╨▓╨╛╨╡╨╜╨╛ ╨╖╨╜╨░╤З╨╡╨╜╨╕╨╡, ╨╜╨╛ ╨╛╨╜╨╛ ╨╜╨╕ ╤А╨░╨╖╤Г ╨╜╨╡ ╨╕╤Б╨┐╨╛╨╗╤М╨╖╨╛╨▓╨░╨╜╨╛. [D:\projects\night-city\Content.Server\Content.Server.csproj]
D:\projects\night-city\Content.Server\Weapons\Ranged\Systems\GunSystem.cs(169,51): warning CS0414: ╨Я╨╛╨╗╤О "GunSystem._powerCell" ╨┐╤А╨╕╤Б╨▓╨╛╨╡╨╜╨╛ ╨╖╨╜╨░╤З╨╡╨╜╨╕╨╡, ╨╜╨╛ ╨╛╨╜╨╛ ╨╜╨╕ ╤А╨░╨╖╤Г ╨╜╨╡ ╨╕╤Б╨┐╨╛╨╗╤М╨╖╨╛╨▓╨░╨╜╨╛. [D:\projects\night-city\Content.Server\Content.Server.csproj]
D:\projects\night-city\Content.Server\Radio\EntitySystems\RadioDeviceSystem.cs(85,50): warning CS0414: ╨Я╨╛╨╗╤О "RadioDeviceSystem._language" ╨┐╤А╨╕╤Б╨▓╨╛╨╡╨╜╨╛ ╨╖╨╜╨░╤З╨╡╨╜╨╕╨╡, ╨╜╨╛ ╨╛╨╜╨╛ ╨╜╨╕ ╤А╨░╨╖╤Г ╨╜╨╡ ╨╕╤Б╨┐╨╛╨╗╤М╨╖╨╛╨▓╨░╨╜╨╛. [D:\projects\night-city\Content.Server\Content.Server.csproj]
D:\projects\night-city\Content.Server\Explosion\EntitySystems\ExplosionSystem.cs(184,52): warning CS0414: ╨Я╨╛╨╗╤О "ExplosionSystem._body" ╨┐╤А╨╕╤Б╨▓╨╛╨╡╨╜╨╛ ╨╖╨╜╨░╤З╨╡╨╜╨╕╨╡, ╨╜╨╛ ╨╛╨╜╨╛ ╨╜╨╕ ╤А╨░╨╖╤Г ╨╜╨╡ ╨╕╤Б╨┐╨╛╨╗╤М╨╖╨╛╨▓╨░╨╜╨╛. [D:\projects\night-city\Content.Server\Content.Server.csproj]
D:\projects\night-city\Content.Server\Nyanotrasen\Abilities\Felinid\FelinidSystem.cs(44,53): warning CS0414: ╨Я╨╛╨╗╤О "FelinidSystem._prototypeManager" ╨┐╤А╨╕╤Б╨▓╨╛╨╡╨╜╨╛ ╨╖╨╜╨░╤З╨╡╨╜╨╕╨╡, ╨╜╨╛ ╨╛╨╜╨╛ ╨╜╨╕ ╤А╨░╨╖╤Г ╨╜╨╡ ╨╕╤Б╨┐╨╛╨╗╤М╨╖╨╛╨▓╨░╨╜╨╛. [D:\projects\night-city\Content.Server\Content.Server.csproj]
D:\projects\night-city\Content.Server\GameTicking\Rules\NukeopsRuleSystem.cs(124,49): warning CS0414: ╨Я╨╛╨╗╤О "NukeopsRuleSystem._stationSystem" ╨┐╤А╨╕╤Б╨▓╨╛╨╡╨╜╨╛ ╨╖╨╜╨░╤З╨╡╨╜╨╕╨╡, ╨╜╨╛ ╨╛╨╜╨╛ ╨╜╨╕ ╤А╨░╨╖╤Г ╨╜╨╡ ╨╕╤Б╨┐╨╛╨╗╤М╨╖╨╛╨▓╨░╨╜╨╛. [D:\projects\night-city\Content.Server\Content.Server.csproj]
D:\projects\night-city\Content.Server\Atmos\EntitySystems\PipeRestrictOverlapSystem.cs(34,57): warning CS0414: ╨Я╨╛╨╗╤О "PipeRestrictOverlapSystem._cfg" ╨┐╤А╨╕╤Б╨▓╨╛╨╡╨╜╨╛ ╨╖╨╜╨░╤З╨╡╨╜╨╕╨╡, ╨╜╨╛ ╨╛╨╜╨╛ ╨╜╨╕ ╤А╨░╨╖╤Г ╨╜╨╡ ╨╕╤Б╨┐╨╛╨╗╤М╨╖╨╛╨▓╨░╨╜╨╛. [D:\projects\night-city\Content.Server\Content.Server.csproj]
D:\projects\night-city\Content.Server\_Shitmed\Objectives\Systems\RoleplayObjectiveSystem.cs(15,52): warning CS0414: ╨Я╨╛╨╗╤О "RoleplayObjectiveSystem._mind" ╨┐╤А╨╕╤Б╨▓╨╛╨╡╨╜╨╛ ╨╖╨╜╨░╤З╨╡╨╜╨╕╨╡, ╨╜╨╛ ╨╛╨╜╨╛ ╨╜╨╕ ╤А╨░╨╖╤Г ╨╜╨╡ ╨╕╤Б╨┐╨╛╨╗╤М╨╖╨╛╨▓╨░╨╜╨╛. [D:\projects\night-city\Content.Server\Content.Server.csproj]
D:\projects\night-city\Content.Server\_DV\CosmicCult\Abilities\CosmicConversionSystem.cs(29,52): warning CS0414: ╨Я╨╛╨╗╤О "CosmicConversionSystem._damageable" ╨┐╤А╨╕╤Б╨▓╨╛╨╡╨╜╨╛ ╨╖╨╜╨░╤З╨╡╨╜╨╕╨╡, ╨╜╨╛ ╨╛╨╜╨╛ ╨╜╨╕ ╤А╨░╨╖╤Г ╨╜╨╡ ╨╕╤Б╨┐╨╛╨╗╤М╨╖╨╛╨▓╨░╨╜╨╛. [D:\projects\night-city\Content.Server\Content.Server.csproj]
D:\projects\night-city\Content.Server\_Shitmed\Objectives\Systems\ForceHereticObjectiveSystem.cs(18,52): warning CS0414: ╨Я╨╛╨╗╤О "ForceHereticObjectiveSystem._mind" ╨┐╤А╨╕╤Б╨▓╨╛╨╡╨╜╨╛ ╨╖╨╜╨░╤З╨╡╨╜╨╕╨╡, ╨╜╨╛ ╨╛╨╜╨╛ ╨╜╨╕ ╤А╨░╨╖╤Г ╨╜╨╡ ╨╕╤Б╨┐╨╛╨╗╤М╨╖╨╛╨▓╨░╨╜╨╛. [D:\projects\night-city\Content.Server\Content.Server.csproj]
D:\projects\night-city\Content.Server\_DV\CosmicCult\Abilities\CosmicConversionSystem.cs(30,50): warning CS0414: ╨Я╨╛╨╗╤О "CosmicConversionSystem._mobState" ╨┐╤А╨╕╤Б╨▓╨╛╨╡╨╜╨╛ ╨╖╨╜╨░╤З╨╡╨╜╨╕╨╡, ╨╜╨╛ ╨╛╨╜╨╛ ╨╜╨╕ ╤А╨░╨╖╤Г ╨╜╨╡ ╨╕╤Б╨┐╨╛╨╗╤М╨╖╨╛╨▓╨░╨╜╨╛. [D:\projects\night-city\Content.Server\Content.Server.csproj]
D:\projects\night-city\Content.Server\_Shitcode\Heretic\EntitySystems\HereticBladeSystem.cs(26,53): warning CS0414: ╨Я╨╛╨╗╤О "HereticBladeSystem._proto" ╨┐╤А╨╕╤Б╨▓╨╛╨╡╨╜╨╛ ╨╖╨╜╨░╤З╨╡╨╜╨╕╨╡, ╨╜╨╛ ╨╛╨╜╨╛ ╨╜╨╕ ╤А╨░╨╖╤Г ╨╜╨╡ ╨╕╤Б╨┐╨╛╨╗╤М╨╖╨╛╨▓╨░╨╜╨╛. [D:\projects\night-city\Content.Server\Content.Server.csproj]
D:\projects\night-city\Content.Server\_Shitmed\Body\Systems\EyesSystem.cs(22,54): warning CS0414: ╨Я╨╛╨╗╤О "EyesSystem._entityManager" ╨┐╤А╨╕╤Б╨▓╨╛╨╡╨╜╨╛ ╨╖╨╜╨░╤З╨╡╨╜╨╕╨╡, ╨╜╨╛ ╨╛╨╜╨╛ ╨╜╨╕ ╤А╨░╨╖╤Г ╨╜╨╡ ╨╕╤Б╨┐╨╛╨╗╤М╨╖╨╛╨▓╨░╨╜╨╛. [D:\projects\night-city\Content.Server\Content.Server.csproj]
D:\projects\night-city\Content.Server\_DV\CosmicCult\DeconversionSystem.cs(23,50): warning CS0414: ╨Я╨╛╨╗╤О "DeconversionSystem._entityManager" ╨┐╤А╨╕╤Б╨▓╨╛╨╡╨╜╨╛ ╨╖╨╜╨░╤З╨╡╨╜╨╕╨╡, ╨╜╨╛ ╨╛╨╜╨╛ ╨╜╨╕ ╤А╨░╨╖╤Г ╨╜╨╡ ╨╕╤Б╨┐╨╛╨╗╤М╨╖╨╛╨▓╨░╨╜╨╛. [D:\projects\night-city\Content.Server\Content.Server.csproj]
D:\projects\night-city\Content.Server\Weapons\DamageMarkerSystem.cs(39,52): warning CS0414: ╨Я╨╛╨╗╤О "DamageMarkerSystem._stun" ╨┐╤А╨╕╤Б╨▓╨╛╨╡╨╜╨╛ ╨╖╨╜╨░╤З╨╡╨╜╨╕╨╡, ╨╜╨╛ ╨╛╨╜╨╛ ╨╜╨╕ ╤А╨░╨╖╤Г ╨╜╨╡ ╨╕╤Б╨┐╨╛╨╗╤М╨╖╨╛╨▓╨░╨╜╨╛. [D:\projects\night-city\Content.Server\Content.Server.csproj]
D:\projects\night-city\Content.Server\Implants\SubdermalImplantSystem.cs(137,51): warning CS0414: ╨Я╨╛╨╗╤О "SubdermalImplantSystem._mapSystem" ╨┐╤А╨╕╤Б╨▓╨╛╨╡╨╜╨╛ ╨╖╨╜╨░╤З╨╡╨╜╨╕╨╡, ╨╜╨╛ ╨╛╨╜╨╛ ╨╜╨╕ ╤А╨░╨╖╤Г ╨╜╨╡ ╨╕╤Б╨┐╨╛╨╗╤М╨╖╨╛╨▓╨░╨╜╨╛. [D:\projects\night-city\Content.Server\Content.Server.csproj]
D:\projects\night-city\Content.Server\_CorvaxGoob\StationGoal\StationGoalPrototype.cs(6,25): warning RA0038: Type Content.Server._CorvaxGoob.StationGoal.StationGoalPrototype is a prototype and marked as [Serializable]. Prototypes should not be directly sent over the network, send their IDs instead. [D:\projects\night-city\Content.Server\Content.Server.csproj]
D:\projects\night-city\Content.Server\Atmos\Monitor\Systems\AirAlarmSystem.cs(98,16): warning RA0003: Class must be explicitly marked as [Virtual], abstract, static or sealed [D:\projects\night-city\Content.Server\Content.Server.csproj]
D:\projects\night-city\Content.Server\_CorvaxGoob\Atmos\System\AirAlarmSystem.cs(10,20): warning RA0003: Class must be explicitly marked as [Virtual], abstract, static or sealed [D:\projects\night-city\Content.Server\Content.Server.csproj]
D:\projects\night-city\Content.Server\_Shitmed\DelayedDeath\DelayedDeathSystem.cs(23,16): warning RA0003: Class must be explicitly marked as [Virtual], abstract, static or sealed [D:\projects\night-city\Content.Server\Content.Server.csproj]
D:\projects\night-city\Content.Server\_White\Teleporter\ExperimentalTeleporterSystem.cs(49,17): warning RA0030: Use the non-generic variant of this method for type TransformComponent [D:\projects\night-city\Content.Server\Content.Server.csproj]
D:\projects\night-city\Content.Server\_White\Teleporter\ExperimentalTeleporterSystem.cs(116,57): warning RA0033: The tag parameter of HasTag forbids literal values [D:\projects\night-city\Content.Server\Content.Server.csproj]
D:\projects\night-city\Content.Server\_Starlight\VentCrawling\VentCrawlerTubeSystem.cs(67,13): warning RA0030: Use the non-generic variant of this method for type TransformComponent [D:\projects\night-city\Content.Server\Content.Server.csproj]
D:\projects\night-city\Content.Server\_Shitcode\Heretic\Ritual\CustomBehavior.Sacrifice.cs(80,9): warning RA0025: Tried to assign to [Dependency] field '_proto'. Remove [Dependency] or inject it via field injection instead. [D:\projects\night-city\Content.Server\Content.Server.csproj]
D:\projects\night-city\Content.Server\_Shitcode\Heretic\Ritual\CustomBehavior.Sacrifice.cs(81,9): warning RA0025: Tried to assign to [Dependency] field '_log'. Remove [Dependency] or inject it via field injection instead. [D:\projects\night-city\Content.Server\Content.Server.csproj]
D:\projects\night-city\Content.Server\_CorvaxGoob\TTS\TTSSystem.Sanitize.cs(19,16): warning RA0026: Usage of a static Regex function that takes in a pattern string. This can cause constant re-parsing of the pattern. [D:\projects\night-city\Content.Server\Content.Server.csproj]
D:\projects\night-city\Content.Server\_CorvaxGoob\TTS\TTSSystem.Sanitize.cs(20,16): warning RA0026: Usage of a static Regex function that takes in a pattern string. This can cause constant re-parsing of the pattern. [D:\projects\night-city\Content.Server\Content.Server.csproj]
D:\projects\night-city\Content.Server\_CorvaxGoob\TTS\TTSSystem.Sanitize.cs(21,16): warning RA0026: Usage of a static Regex function that takes in a pattern string. This can cause constant re-parsing of the pattern. [D:\projects\night-city\Content.Server\Content.Server.csproj]
D:\projects\night-city\Content.Server\_CorvaxGoob\TTS\TTSSystem.Sanitize.cs(22,16): warning RA0026: Usage of a static Regex function that takes in a pattern string. This can cause constant re-parsing of the pattern. [D:\projects\night-city\Content.Server\Content.Server.csproj]
D:\projects\night-city\Content.Server\_CorvaxGoob\TTS\TTSSystem.Sanitize.cs(23,16): warning RA0026: Usage of a static Regex function that takes in a pattern string. This can cause constant re-parsing of the pattern. [D:\projects\night-city\Content.Server\Content.Server.csproj]
D:\projects\night-city\Content.Server\_Mono\Projectiles\TargetSeeking\TargetSeekingSystem.cs(166,46): warning RA0030: Use the non-generic variant of this method for type TransformComponent [D:\projects\night-city\Content.Server\Content.Server.csproj]
D:\projects\night-city\Content.Server\_Mono\Projectiles\TargetSeeking\TargetSeekingSystem.cs(214,46): warning RA0030: Use the non-generic variant of this method for type TransformComponent [D:\projects\night-city\Content.Server\Content.Server.csproj]
D:\projects\night-city\Content.Server\_DV\Paper\SignatureSystem.cs(41,60): warning RA0033: The tag parameter of HasTag forbids literal values [D:\projects\night-city\Content.Server\Content.Server.csproj]
D:\projects\night-city\Content.Server\_Mono\FireControl\FireControlSystem.cs(394,17): warning RA0030: Use the non-generic variant of this method for type TransformComponent [D:\projects\night-city\Content.Server\Content.Server.csproj]
D:\projects\night-city\Content.Server\_Shitcode\Heretic\EntitySystems\PathSpecific\AristocratSystem.cs(292,40): warning RA0033: The tag parameter of HasTag forbids literal values [D:\projects\night-city\Content.Server\Content.Server.csproj]
D:\projects\night-city\Content.Server\_Shitcode\Heretic\EntitySystems\PathSpecific\AristocratSystem.cs(302,40): warning RA0033: The tag parameter of HasTag forbids literal values [D:\projects\night-city\Content.Server\Content.Server.csproj]
D:\projects\night-city\Content.Server\_Shitcode\Heretic\EntitySystems\MansusGraspSystem.cs(116,44): warning RA0033: The tag parameter of HasTag forbids literal values [D:\projects\night-city\Content.Server\Content.Server.csproj]
D:\projects\night-city\Content.Server\Silicons\Laws\SiliconLawSystem.cs(188,39): warning RA0033: The tag parameter of HasTag forbids literal values [D:\projects\night-city\Content.Server\Content.Server.csproj]
D:\projects\night-city\Content.Server\Speech\EntitySystems\ReplacementAccentSystem.cs(83,30): warning RA0026: Usage of a static Regex function that takes in a pattern string. This can cause constant re-parsing of the pattern. [D:\projects\night-city\Content.Server\Content.Server.csproj]
D:\projects\night-city\Content.Server\Speech\EntitySystems\ReplacementAccentSystem.cs(86,35): warning RA0026: Usage of a static Regex function that takes in a pattern string. This can cause constant re-parsing of the pattern. [D:\projects\night-city\Content.Server\Content.Server.csproj]
D:\projects\night-city\Content.Server\Speech\EntitySystems\MothAccentSystem.cs(39,19): warning RA0026: Usage of a static Regex function that takes in a pattern string. This can cause constant re-parsing of the pattern. [D:\projects\night-city\Content.Server\Content.Server.csproj]
D:\projects\night-city\Content.Server\Speech\EntitySystems\MothAccentSystem.cs(45,19): warning RA0026: Usage of a static Regex function that takes in a pattern string. This can cause constant re-parsing of the pattern. [D:\projects\night-city\Content.Server\Content.Server.csproj]
D:\projects\night-city\Content.Server\Speech\EntitySystems\MothAccentSystem.cs(51,19): warning RA0026: Usage of a static Regex function that takes in a pattern string. This can cause constant re-parsing of the pattern. [D:\projects\night-city\Content.Server\Content.Server.csproj]
D:\projects\night-city\Content.Server\Speech\EntitySystems\MothAccentSystem.cs(57,19): warning RA0026: Usage of a static Regex function that takes in a pattern string. This can cause constant re-parsing of the pattern. [D:\projects\night-city\Content.Server\Content.Server.csproj]
D:\projects\night-city\Content.Server\Nyanotrasen\Mail\MailSystem.cs(743,41): warning RA0033: The tag parameter of AddTag forbids literal values [D:\projects\night-city\Content.Server\Content.Server.csproj]
D:\projects\night-city\Content.Server\Nyanotrasen\Mail\MailSystem.cs(774,36): warning RA0033: The tag parameter of AddTag forbids literal values [D:\projects\night-city\Content.Server\Content.Server.csproj]
D:\projects\night-city\Content.Server\Nyanotrasen\Mail\MailSystem.cs(775,36): warning RA0033: The tag parameter of AddTag forbids literal values [D:\projects\night-city\Content.Server\Content.Server.csproj]
D:\projects\night-city\Content.Server\Maps\GameMapPrototype.cs(102,16): warning RA0039: Do not instantiate prototypes directly. Prototypes should always be instantiated by the prototype manager. [D:\projects\night-city\Content.Server\Content.Server.csproj]
D:\projects\night-city\Content.Server\Speech\EntitySystems\LizardAccentSystem.cs(47,19): warning RA0026: Usage of a static Regex function that takes in a pattern string. This can cause constant re-parsing of the pattern. [D:\projects\night-city\Content.Server\Content.Server.csproj]
D:\projects\night-city\Content.Server\Speech\EntitySystems\LizardAccentSystem.cs(53,19): warning RA0026: Usage of a static Regex function that takes in a pattern string. This can cause constant re-parsing of the pattern. [D:\projects\night-city\Content.Server\Content.Server.csproj]
D:\projects\night-city\Content.Server\Speech\EntitySystems\LizardAccentSystem.cs(59,19): warning RA0026: Usage of a static Regex function that takes in a pattern string. This can cause constant re-parsing of the pattern. [D:\projects\night-city\Content.Server\Content.Server.csproj]
D:\projects\night-city\Content.Server\Speech\EntitySystems\LizardAccentSystem.cs(65,19): warning RA0026: Usage of a static Regex function that takes in a pattern string. This can cause constant re-parsing of the pattern. [D:\projects\night-city\Content.Server\Content.Server.csproj]
D:\projects\night-city\Content.Server\Speech\EntitySystems\LizardAccentSystem.cs(71,19): warning RA0026: Usage of a static Regex function that takes in a pattern string. This can cause constant re-parsing of the pattern. [D:\projects\night-city\Content.Server\Content.Server.csproj]
D:\projects\night-city\Content.Server\Speech\EntitySystems\LizardAccentSystem.cs(77,19): warning RA0026: Usage of a static Regex function that takes in a pattern string. This can cause constant re-parsing of the pattern. [D:\projects\night-city\Content.Server\Content.Server.csproj]
D:\projects\night-city\Content.Server\Speech\EntitySystems\LizardAccentSystem.cs(83,19): warning RA0026: Usage of a static Regex function that takes in a pattern string. This can cause constant re-parsing of the pattern. [D:\projects\night-city\Content.Server\Content.Server.csproj]
D:\projects\night-city\Content.Server\Speech\EntitySystems\LizardAccentSystem.cs(89,19): warning RA0026: Usage of a static Regex function that takes in a pattern string. This can cause constant re-parsing of the pattern. [D:\projects\night-city\Content.Server\Content.Server.csproj]
D:\projects\night-city\Content.Server\Speech\EntitySystems\FrontalLispSystem.cs(46,19): warning RA0026: Usage of a static Regex function that takes in a pattern string. This can cause constant re-parsing of the pattern. [D:\projects\night-city\Content.Server\Content.Server.csproj]
D:\projects\night-city\Content.Server\Speech\EntitySystems\FrontalLispSystem.cs(47,19): warning RA0026: Usage of a static Regex function that takes in a pattern string. This can cause constant re-parsing of the pattern. [D:\projects\night-city\Content.Server\Content.Server.csproj]
D:\projects\night-city\Content.Server\Speech\EntitySystems\FrontalLispSystem.cs(49,19): warning RA0026: Usage of a static Regex function that takes in a pattern string. This can cause constant re-parsing of the pattern. [D:\projects\night-city\Content.Server\Content.Server.csproj]
D:\projects\night-city\Content.Server\Speech\EntitySystems\FrontalLispSystem.cs(50,19): warning RA0026: Usage of a static Regex function that takes in a pattern string. This can cause constant re-parsing of the pattern. [D:\projects\night-city\Content.Server\Content.Server.csproj]
D:\projects\night-city\Content.Server\Speech\EntitySystems\FrontalLispSystem.cs(52,19): warning RA0026: Usage of a static Regex function that takes in a pattern string. This can cause constant re-parsing of the pattern. [D:\projects\night-city\Content.Server\Content.Server.csproj]
D:\projects\night-city\Content.Server\Speech\EntitySystems\FrontalLispSystem.cs(53,19): warning RA0026: Usage of a static Regex function that takes in a pattern string. This can cause constant re-parsing of the pattern. [D:\projects\night-city\Content.Server\Content.Server.csproj]
D:\projects\night-city\Content.Server\Speech\EntitySystems\FrontalLispSystem.cs(55,19): warning RA0026: Usage of a static Regex function that takes in a pattern string. This can cause constant re-parsing of the pattern. [D:\projects\night-city\Content.Server\Content.Server.csproj]
D:\projects\night-city\Content.Server\Speech\EntitySystems\FrontalLispSystem.cs(56,19): warning RA0026: Usage of a static Regex function that takes in a pattern string. This can cause constant re-parsing of the pattern. [D:\projects\night-city\Content.Server\Content.Server.csproj]
D:\projects\night-city\Content.Server\Speech\EntitySystems\FrontalLispSystem.cs(58,19): warning RA0026: Usage of a static Regex function that takes in a pattern string. This can cause constant re-parsing of the pattern. [D:\projects\night-city\Content.Server\Content.Server.csproj]
D:\projects\night-city\Content.Server\Speech\EntitySystems\FrontalLispSystem.cs(59,19): warning RA0026: Usage of a static Regex function that takes in a pattern string. This can cause constant re-parsing of the pattern. [D:\projects\night-city\Content.Server\Content.Server.csproj]
D:\projects\night-city\Content.Server\_Shitcode\Heretic\Abilities\HereticAbilitySystem.cs(248,41): warning RA0033: The tag parameter of HasTag forbids literal values [D:\projects\night-city\Content.Server\Content.Server.csproj]
D:\projects\night-city\Content.Server\Chat\SuicideSystem.cs(130,134): warning RA0033: The tag parameter of HasTag forbids literal values [D:\projects\night-city\Content.Server\Content.Server.csproj]
D:\projects\night-city\Content.Server\_Shitcode\Heretic\Abilities\HereticAbilitySystem.Rust.cs(310,78): warning RA0033: The tag parameter of HasTag forbids literal values [D:\projects\night-city\Content.Server\Content.Server.csproj]
D:\projects\night-city\Content.Server\Administration\Commands\PlayTimeCommands.cs(72,37): warning RA0026: Usage of a static Regex function that takes in a pattern string. This can cause constant re-parsing of the pattern. [D:\projects\night-city\Content.Server\Content.Server.csproj]
D:\projects\night-city\Content.Server\Chemistry\EntitySystems\SolutionInjectOnEventSystem.cs(141,55): warning RA0033: The tag parameter of HasTag forbids literal values [D:\projects\night-city\Content.Server\Content.Server.csproj]
D:\projects\night-city\Content.Server\_NC\Netrunning\NetrunningSystem.cs(76,41): error CS1061: "DamageChangedEvent" ╨╜╨╡ ╤Б╨╛╨┤╨╡╤А╨╢╨╕╤В ╨╛╨┐╤А╨╡╨┤╨╡╨╗╨╡╨╜╨╕╤П "Entity", ╨╕ ╨╜╨╡ ╤Г╨┤╨░╨╗╨╛╤Б╤М ╨╜╨░╨╣╤В╨╕ ╨┤╨╛╤Б╤В╤Г╨┐╨╜╤Л╨╣ ╨╝╨╡╤В╨╛╨┤ ╤А╨░╤Б╤И╨╕╤А╨╡╨╜╨╕╤П "Entity", ╨┐╤А╨╕╨╜╨╕╨╝╨░╤О╤Й╨╕╨╣ ╤В╨╕╨┐ "DamageChangedEvent" ╨▓ ╨║╨░╤З╨╡╤Б╤В╨▓╨╡ ╨┐╨╡╤А╨▓╨╛╨│╨╛ ╨░╤А╨│╤Г╨╝╨╡╨╜╤В╨░ (╨▓╨╛╨╖╨╝╨╛╨╢╨╜╨╛, ╨┐╤А╨╛╨┐╤Г╤Й╨╡╨╜╨░ ╨┤╨╕╤А╨╡╨║╤В╨╕╨▓╨░ using ╨╕╨╗╨╕ ╤Б╤Б╤Л╨╗╨║╨░ ╨╜╨░ ╤Б╨▒╨╛╤А╨║╤Г). [D:\projects\night-city\Content.Server\Content.Server.csproj]
D:\projects\night-city\Content.Server\_NC\Netrunning\NetrunningSystem.cs(78,44): error CS1503: ╨Р╤А╨│╤Г╨╝╨╡╨╜╤В 2: ╨╜╨╡ ╤Г╨┤╨░╨╡╤В╤Б╤П ╨┐╤А╨╡╨╛╨▒╤А╨░╨╖╨╛╨▓╨░╤В╤М ╨╕╨╖ "Robust.Shared.GameObjects.EntityUid?" ╨▓ "Robust.Shared.GameObjects.EntityUid". [D:\projects\night-city\Content.Server\Content.Server.csproj]
D:\projects\night-city\Content.Server\_NC\Netrunning\NetrunningSystem.cs(108,67): error CS1503: ╨Р╤А╨│╤Г╨╝╨╡╨╜╤В 1: ╨╜╨╡ ╤Г╨┤╨░╨╡╤В╤Б╤П ╨┐╤А╨╡╨╛╨▒╤А╨░╨╖╨╛╨▓╨░╤В╤М ╨╕╨╖ "Robust.Shared.GameObjects.EntityUid?" ╨▓ "Robust.Shared.GameObjects.EntityUid". [D:\projects\night-city\Content.Server\Content.Server.csproj]
    ╨Я╤А╨╡╨┤╤Г╨┐╤А╨╡╨╢╨┤╨╡╨╜╨╕╨╣: 422
    ╨Ю╤И╨╕╨▒╨╛╨║: 3

╨Я╤А╨╛╤И╨╗╨╛ ╨▓╤А╨╡╨╝╨╡╨╜╨╕ 00:00:10.69
